Component: ARM Compiler 5.06 update 6 (build 750) Tool: armlink [4d35ed]

==============================================================================

Section Cross References

    startup_stm32f746xx.o(RESET) refers to startup_stm32f746xx.o(STACK) for __initial_sp
    startup_stm32f746xx.o(RESET) refers to startup_stm32f746xx.o(.text) for Reset_Handler
    startup_stm32f746xx.o(RESET) refers to stm32f7xx_it.o(i.NMI_Handler) for NMI_Handler
    startup_stm32f746xx.o(RESET) refers to stm32f7xx_it.o(i.HardFault_Handler) for HardFault_Handler
    startup_stm32f746xx.o(RESET) refers to stm32f7xx_it.o(i.MemManage_Handler) for MemManage_Handler
    startup_stm32f746xx.o(RESET) refers to stm32f7xx_it.o(i.BusFault_Handler) for BusFault_Handler
    startup_stm32f746xx.o(RESET) refers to stm32f7xx_it.o(i.UsageFault_Handler) for UsageFault_Handler
    startup_stm32f746xx.o(RESET) refers to stm32f7xx_it.o(i.SVC_Handler) for SVC_Handler
    startup_stm32f746xx.o(RESET) refers to stm32f7xx_it.o(i.DebugMon_Handler) for DebugMon_Handler
    startup_stm32f746xx.o(RESET) refers to stm32f7xx_it.o(i.PendSV_Handler) for PendSV_Handler
    startup_stm32f746xx.o(RESET) refers to stm32f7xx_it.o(i.SysTick_Handler) for SysTick_Handler
    startup_stm32f746xx.o(RESET) refers to stm32f7xx_it.o(i.RCC_IRQHandler) for RCC_IRQHandler
    startup_stm32f746xx.o(.text) refers to system_stm32f7xx.o(i.SystemInit) for SystemInit
    startup_stm32f746xx.o(.text) refers to entry.o(.ARM.Collect$$$$00000000) for __main
    main.o(i.MX_USART1_UART_Init) refers to stm32f7xx_hal_uart.o(i.HAL_UART_Init) for HAL_UART_Init
    main.o(i.MX_USART1_UART_Init) refers to main.o(.bss) for .bss
    main.o(i.SystemClock_Config) refers to memseta.o(.text) for __aeabi_memclr4
    main.o(i.SystemClock_Config) refers to stm32f7xx_hal_rcc.o(i.HAL_RCC_OscConfig) for HAL_RCC_OscConfig
    main.o(i.SystemClock_Config) refers to stm32f7xx_hal_pwr_ex.o(i.HAL_PWREx_EnableOverDrive) for HAL_PWREx_EnableOverDrive
    main.o(i.SystemClock_Config) refers to stm32f7xx_hal_rcc.o(i.HAL_RCC_ClockConfig) for HAL_RCC_ClockConfig
    main.o(i.SystemClock_Config) refers to stm32f7xx_hal_rcc_ex.o(i.HAL_RCCEx_PeriphCLKConfig) for HAL_RCCEx_PeriphCLKConfig
    main.o(i.main) refers to stm32f7xx_hal.o(i.HAL_Init) for HAL_Init
    main.o(i.main) refers to main.o(i.SystemClock_Config) for SystemClock_Config
    main.o(i.main) refers to main.o(i.MX_USART1_UART_Init) for MX_USART1_UART_Init
    main.o(i.main) refers to stm32f7xx_hal.o(i.HAL_Delay) for HAL_Delay
    main.o(i.stdout_putchar) refers to stm32f7xx_hal_uart.o(i.HAL_UART_Transmit) for HAL_UART_Transmit
    main.o(i.stdout_putchar) refers to main.o(.bss) for .bss
    stm32f7xx_it.o(i.SysTick_Handler) refers to stm32f7xx_hal.o(i.HAL_IncTick) for HAL_IncTick
    stm32f7xx_hal_msp.o(i.HAL_MspInit) refers to stm32f7xx_hal_cortex.o(i.HAL_NVIC_SetPriority) for HAL_NVIC_SetPriority
    stm32f7xx_hal_msp.o(i.HAL_MspInit) refers to stm32f7xx_hal_cortex.o(i.HAL_NVIC_EnableIRQ) for HAL_NVIC_EnableIRQ
    stm32f7xx_hal_msp.o(i.HAL_UART_MspDeInit) refers to stm32f7xx_hal_gpio.o(i.HAL_GPIO_DeInit) for HAL_GPIO_DeInit
    stm32f7xx_hal_msp.o(i.HAL_UART_MspInit) refers to memseta.o(.text) for __aeabi_memclr4
    stm32f7xx_hal_msp.o(i.HAL_UART_MspInit) refers to stm32f7xx_hal_gpio.o(i.HAL_GPIO_Init) for HAL_GPIO_Init
    arm_convolve_s8_sparse.o(i.arm_convolve_s8_sparse) refers to memseta.o(.text) for __aeabi_memclr4
    arm_convolve_s8_sparse.o(i.arm_convolve_s8_sparse) refers to arm_nn_sparse_decode.o(i.arm_nn_sparse_decode_4d) for arm_nn_sparse_decode_4d
    arm_convolve_s8_sparse.o(i.arm_convolve_s8_sparse) refers to arm_convolve_s8_sparse.o(i.arm_nn_convolve_s8_single_sparse) for arm_nn_convolve_s8_single_sparse
    arm_convolve_s8_sparse.o(i.arm_convolve_s8_sparse) refers to arm_nn_output_per_channel.o(i.arm_nn_output_per_channel) for arm_nn_output_per_channel
    arm_convolve_s8_sparse.o(i.arm_convolve_s8_sparse) refers to arm_convolve_s8_sparse.o(i.arm_nn_convolve_s8_double_sparse) for arm_nn_convolve_s8_double_sparse
    arm_depthwise_conv_s8_sparse.o(i.arm_depthwise_convolve_s8_sparse) refers to arm_convolve_s8_sparse.o(i.arm_convolve_s8_sparse_get_buffer_size) for arm_convolve_s8_sparse_get_buffer_size
    arm_depthwise_conv_s8_sparse.o(i.arm_depthwise_convolve_s8_sparse) refers to memseta.o(.text) for __aeabi_memclr4
    arm_depthwise_conv_s8_sparse.o(i.arm_depthwise_convolve_s8_sparse) refers to arm_nn_sparse_decode.o(i.arm_nn_sparse_decode_4d) for arm_nn_sparse_decode_4d
    arm_depthwise_conv_s8_sparse.o(i.arm_depthwise_convolve_s8_sparse) refers to arm_depthwise_conv_s8_sparse.o(i.arm_nn_dw_convolve_s8_single_sparse) for arm_nn_dw_convolve_s8_single_sparse
    arm_depthwise_conv_s8_sparse.o(i.arm_depthwise_convolve_s8_sparse) refers to arm_nn_output_per_channel.o(i.arm_nn_output_per_channel) for arm_nn_output_per_channel
[...]
    Removing stm32f7xx_hal_uart_ex.o(i.HAL_UARTEx_ReceiveToIdle_IT), (72 bytes).
    Removing stm32f7xx_hal_rcc.o(.rev16_text), (4 bytes).
    Removing stm32f7xx_hal_rcc.o(.revsh_text), (4 bytes).
    Removing stm32f7xx_hal_rcc.o(.rrx_text), (6 bytes).
    Removing stm32f7xx_hal_rcc.o(i.HAL_RCC_CSSCallback), (2 bytes).
    Removing stm32f7xx_hal_rcc.o(i.HAL_RCC_DeInit), (328 bytes).
    Removing stm32f7xx_hal_rcc.o(i.HAL_RCC_DisableCSS), (16 bytes).
    Removing stm32f7xx_hal_rcc.o(i.HAL_RCC_EnableCSS), (16 bytes).
    Removing stm32f7xx_hal_rcc.o(i.HAL_RCC_GetClockConfig), (64 bytes).
    Removing stm32f7xx_hal_rcc.o(i.HAL_RCC_GetHCLKFreq), (12 bytes).
    Removing stm32f7xx_hal_rcc.o(i.HAL_RCC_GetOscConfig), (176 bytes).
    Removing stm32f7xx_hal_rcc.o(i.HAL_RCC_MCOConfig), (148 bytes).
    Removing stm32f7xx_hal_rcc.o(i.HAL_RCC_NMI_IRQHandler), (28 bytes).
    Removing stm32f7xx_hal_rcc_ex.o(.rev16_text), (4 bytes).
    Removing stm32f7xx_hal_rcc_ex.o(.revsh_text), (4 bytes).
    Removing stm32f7xx_hal_rcc_ex.o(.rrx_text), (6 bytes).
    Removing stm32f7xx_hal_rcc_ex.o(i.HAL_RCCEx_DisablePLLI2S), (48 bytes).
    Removing stm32f7xx_hal_rcc_ex.o(i.HAL_RCCEx_DisablePLLSAI), (52 bytes).
    Removing stm32f7xx_hal_rcc_ex.o(i.HAL_RCCEx_EnablePLLI2S), (112 bytes).
    Removing stm32f7xx_hal_rcc_ex.o(i.HAL_RCCEx_EnablePLLSAI), (120 bytes).
    Removing stm32f7xx_hal_rcc_ex.o(i.HAL_RCCEx_GetPeriphCLKConfig), (308 bytes).
    Removing stm32f7xx_hal_rcc_ex.o(i.HAL_RCCEx_GetPeriphCLKFreq), (288 bytes).
    Removing stm32f7xx_hal_flash.o(.rev16_text), (4 bytes).
    Removing stm32f7xx_hal_flash.o(.revsh_text), (4 bytes).
    Removing stm32f7xx_hal_flash.o(.rrx_text), (6 bytes).
    Removing stm32f7xx_hal_flash.o(i.FLASH_Program_Byte), (36 bytes).
    Removing stm32f7xx_hal_flash.o(i.FLASH_Program_DoubleWord), (48 bytes).
    Removing stm32f7xx_hal_flash.o(i.FLASH_Program_HalfWord), (40 bytes).
    Removing stm32f7xx_hal_flash.o(i.FLASH_Program_Word), (40 bytes).
    Removing stm32f7xx_hal_flash.o(i.FLASH_SetErrorCode), (88 bytes).
    Removing stm32f7xx_hal_flash.o(i.FLASH_WaitForLastOperation), (84 bytes).
    Removing stm32f7xx_hal_flash.o(i.HAL_FLASH_EndOfOperationCallback), (2 bytes).
    Removing stm32f7xx_hal_flash.o(i.HAL_FLASH_GetError), (12 bytes).
    Removing stm32f7xx_hal_flash.o(i.HAL_FLASH_IRQHandler), (244 bytes).
    Removing stm32f7xx_hal_flash.o(i.HAL_FLASH_Lock), (20 bytes).
    Removing stm32f7xx_hal_flash.o(i.HAL_FLASH_OB_Launch), (24 bytes).
    Removing stm32f7xx_hal_flash.o(i.HAL_FLASH_OB_Lock), (20 bytes).
    Removing stm32f7xx_hal_flash.o(i.HAL_FLASH_OB_Unlock), (40 bytes).
    Removing stm32f7xx_hal_flash.o(i.HAL_FLASH_OperationErrorCallback), (2 bytes).
    Removing stm32f7xx_hal_flash.o(i.HAL_FLASH_Program), (132 bytes).
    Removing stm32f7xx_hal_flash.o(i.HAL_FLASH_Program_IT), (132 bytes).
    Removing stm32f7xx_hal_flash.o(i.HAL_FLASH_Unlock), (48 bytes).
    Removing stm32f7xx_hal_flash.o(.bss), (28 bytes).
    Removing stm32f7xx_hal_flash_ex.o(.rev16_text), (4 bytes).
    Removing stm32f7xx_hal_flash_ex.o(.revsh_text), (4 bytes).
    Removing stm32f7xx_hal_flash_ex.o(.rrx_text), (6 bytes).
    Removing stm32f7xx_hal_flash_ex.o(i.FLASH_Erase_Sector), (84 bytes).
    Removing stm32f7xx_hal_flash_ex.o(i.FLASH_MassErase), (44 bytes).
    Removing stm32f7xx_hal_flash_ex.o(i.FLASH_OB_BootAddressConfig), (48 bytes).
    Removing stm32f7xx_hal_flash_ex.o(i.FLASH_OB_GetBootAddress), (20 bytes).
    Removing stm32f7xx_hal_flash_ex.o(i.HAL_FLASHEx_Erase), (140 bytes).
    Removing stm32f7xx_hal_flash_ex.o(i.HAL_FLASHEx_Erase_IT), (100 bytes).
    Removing stm32f7xx_hal_flash_ex.o(i.HAL_FLASHEx_OBGetConfig), (80 bytes).
    Removing stm32f7xx_hal_flash_ex.o(i.HAL_FLASHEx_OBProgram), (236 bytes).
    Removing stm32f7xx_hal_gpio.o(.rev16_text), (4 bytes).
    Removing stm32f7xx_hal_gpio.o(.revsh_text), (4 bytes).
    Removing stm32f7xx_hal_gpio.o(.rrx_text), (6 bytes).
    Removing stm32f7xx_hal_gpio.o(i.HAL_GPIO_DeInit), (352 bytes).
    Removing stm32f7xx_hal_gpio.o(i.HAL_GPIO_EXTI_Callback), (2 bytes).
    Removing stm32f7xx_hal_gpio.o(i.HAL_GPIO_EXTI_IRQHandler), (24 bytes).
    Removing stm32f7xx_hal_gpio.o(i.HAL_GPIO_LockPin), (34 bytes).
    Removing stm32f7xx_hal_gpio.o(i.HAL_GPIO_ReadPin), (10 bytes).
    Removing stm32f7xx_hal_gpio.o(i.HAL_GPIO_TogglePin), (16 bytes).
    Removing stm32f7xx_hal_gpio.o(i.HAL_GPIO_WritePin), (10 bytes).
    Removing stm32f7xx_hal_dma.o(.rev16_text), (4 bytes).
    Removing stm32f7xx_hal_dma.o(.revsh_text), (4 bytes).
    Removing stm32f7xx_hal_dma.o(.rrx_text), (6 bytes).
    Removing stm32f7xx_hal_dma.o(i.DMA_CalcBaseAndBitshift), (40 bytes).
    Removing stm32f7xx_hal_dma.o(i.DMA_CheckFifoParam), (84 bytes).
    Removing stm32f7xx_hal_dma.o(i.DMA_SetConfig), (40 bytes).
    Removing stm32f7xx_hal_dma.o(i.HAL_DMA_Abort), (146 bytes).
    Removing stm32f7xx_hal_dma.o(i.HAL_DMA_Abort_IT), (36 bytes).
    Removing stm32f7xx_hal_dma.o(i.HAL_DMA_DeInit), (98 bytes).
    Removing stm32f7xx_hal_dma.o(i.HAL_DMA_GetError), (4 bytes).
    Removing stm32f7xx_hal_dma.o(i.HAL_DMA_GetState), (6 bytes).
    Removing stm32f7xx_hal_dma.o(i.HAL_DMA_IRQHandler), (416 bytes).
    Removing stm32f7xx_hal_dma.o(i.HAL_DMA_Init), (228 bytes).
    Removing stm32f7xx_hal_dma.o(i.HAL_DMA_PollForTransfer), (292 bytes).
    Removing stm32f7xx_hal_dma.o(i.HAL_DMA_RegisterCallback), (80 bytes).
    Removing stm32f7xx_hal_dma.o(i.HAL_DMA_Start), (74 bytes).
    Removing stm32f7xx_hal_dma.o(i.HAL_DMA_Start_IT), (122 bytes).
    Removing stm32f7xx_hal_dma.o(i.HAL_DMA_UnRegisterCallback), (96 bytes).
    Removing stm32f7xx_hal_dma.o(.constdata), (8 bytes).
    Removing stm32f7xx_hal_dma_ex.o(.rev16_text), (4 bytes).
    Removing stm32f7xx_hal_dma_ex.o(.revsh_text), (4 bytes).
    Removing stm32f7xx_hal_dma_ex.o(.rrx_text), (6 bytes).
    Removing stm32f7xx_hal_dma_ex.o(i.DMA_MultiBufferSetConfig), (30 bytes).
    Removing stm32f7xx_hal_dma_ex.o(i.HAL_DMAEx_ChangeMemory), (14 bytes).
    Removing stm32f7xx_hal_dma_ex.o(i.HAL_DMAEx_MultiBufferStart), (100 bytes).
    Removing stm32f7xx_hal_dma_ex.o(i.HAL_DMAEx_MultiBufferStart_IT), (2428 bytes).
    Removing stm32f7xx_hal_pwr.o(.rev16_text), (4 bytes).
    Removing stm32f7xx_hal_pwr.o(.revsh_text), (4 bytes).
    Removing stm32f7xx_hal_pwr.o(.rrx_text), (6 bytes).
    Removing stm32f7xx_hal_pwr.o(i.HAL_PWR_ConfigPVD), (124 bytes).
    Removing stm32f7xx_hal_pwr.o(i.HAL_PWR_DeInit), (24 bytes).
    Removing stm32f7xx_hal_pwr.o(i.HAL_PWR_DisableBkUpAccess), (16 bytes).
    Removing stm32f7xx_hal_pwr.o(i.HAL_PWR_DisablePVD), (16 bytes).
    Removing stm32f7xx_hal_pwr.o(i.HAL_PWR_DisableSEVOnPend), (16 bytes).
    Removing stm32f7xx_hal_pwr.o(i.HAL_PWR_DisableSleepOnExit), (16 bytes).
    Removing stm32f7xx_hal_pwr.o(i.HAL_PWR_DisableWakeUpPin), (16 bytes).
    Removing stm32f7xx_hal_pwr.o(i.HAL_PWR_EnableBkUpAccess), (16 bytes).
    Removing stm32f7xx_hal_pwr.o(i.HAL_PWR_EnablePVD), (16 bytes).
    Removing stm32f7xx_hal_pwr.o(i.HAL_PWR_EnableSEVOnPend), (16 bytes).
    Removing stm32f7xx_hal_pwr.o(i.HAL_PWR_EnableSleepOnExit), (16 bytes).
    Removing stm32f7xx_hal_pwr.o(i.HAL_PWR_EnableWakeUpPin), (28 bytes).
    Removing stm32f7xx_hal_pwr.o(i.HAL_PWR_EnterSLEEPMode), (40 bytes).
    Removing stm32f7xx_hal_pwr.o(i.HAL_PWR_EnterSTANDBYMode), (32 bytes).
    Removing stm32f7xx_hal_pwr.o(i.HAL_PWR_EnterSTOPMode), (64 bytes).
    Removing stm32f7xx_hal_pwr.o(i.HAL_PWR_PVDCallback), (2 bytes).
    Removing stm32f7xx_hal_pwr.o(i.HAL_PWR_PVD_IRQHandler), (28 bytes).
    Removing stm32f7xx_hal_pwr_ex.o(.rev16_text), (4 bytes).
    Removing stm32f7xx_hal_pwr_ex.o(.revsh_text), (4 bytes).
    Removing stm32f7xx_hal_pwr_ex.o(.rrx_text), (6 bytes).
    Removing stm32f7xx_hal_pwr_ex.o(i.HAL_PWREx_ControlVoltageScaling), (176 bytes).
    Removing stm32f7xx_hal_pwr_ex.o(i.HAL_PWREx_DisableBkUpReg), (64 bytes).
    Removing stm32f7xx_hal_pwr_ex.o(i.HAL_PWREx_DisableFlashPowerDown), (16 bytes).
    Removing stm32f7xx_hal_pwr_ex.o(i.HAL_PWREx_DisableLowRegulatorLowVoltage), (16 bytes).
    Removing stm32f7xx_hal_pwr_ex.o(i.HAL_PWREx_DisableMainRegulatorLowVoltage), (16 bytes).
    Removing stm32f7xx_hal_pwr_ex.o(i.HAL_PWREx_DisableOverDrive), (108 bytes).
    Removing stm32f7xx_hal_pwr_ex.o(i.HAL_PWREx_EnableBkUpReg), (64 bytes).
    Removing stm32f7xx_hal_pwr_ex.o(i.HAL_PWREx_EnableFlashPowerDown), (16 bytes).
    Removing stm32f7xx_hal_pwr_ex.o(i.HAL_PWREx_EnableLowRegulatorLowVoltage), (16 bytes).
    Removing stm32f7xx_hal_pwr_ex.o(i.HAL_PWREx_EnableMainRegulatorLowVoltage), (16 bytes).
    Removing stm32f7xx_hal_pwr_ex.o(i.HAL_PWREx_EnterUnderDriveSTOPMode), (148 bytes).
    Removing stm32f7xx_hal_pwr_ex.o(i.HAL_PWREx_GetVoltageRange), (16 bytes).
    Removing stm32f7xx_hal.o(.rev16_text), (4 bytes).
    Removing stm32f7xx_hal.o(.revsh_text), (4 bytes).
    Removing stm32f7xx_hal.o(.rrx_text), (6 bytes).
    Removing stm32f7xx_hal.o(i.HAL_DBGMCU_DisableDBGSleepMode), (16 bytes).
    Removing stm32f7xx_hal.o(i.HAL_DBGMCU_DisableDBGStandbyMode), (16 bytes).
    Removing stm32f7xx_hal.o(i.HAL_DBGMCU_DisableDBGStopMode), (16 bytes).
    Removing stm32f7xx_hal.o(i.HAL_DBGMCU_EnableDBGSleepMode), (16 bytes).
    Removing stm32f7xx_hal.o(i.HAL_DBGMCU_EnableDBGStandbyMode), (16 bytes).
    Removing stm32f7xx_hal.o(i.HAL_DBGMCU_EnableDBGStopMode), (16 bytes).
    Removing stm32f7xx_hal.o(i.HAL_DeInit), (52 bytes).
    Removing stm32f7xx_hal.o(i.HAL_DisableCompensationCell), (16 bytes).
    Removing stm32f7xx_hal.o(i.HAL_DisableFMCMemorySwapping), (16 bytes).
    Removing stm32f7xx_hal.o(i.HAL_EnableCompensationCell), (16 bytes).
    Removing stm32f7xx_hal.o(i.HAL_EnableFMCMemorySwapping), (16 bytes).
    Removing stm32f7xx_hal.o(i.HAL_GetDEVID), (16 bytes).
    Removing stm32f7xx_hal.o(i.HAL_GetHalVersion), (8 bytes).
    Removing stm32f7xx_hal.o(i.HAL_GetREVID), (12 bytes).
    Removing stm32f7xx_hal.o(i.HAL_GetTickFreq), (12 bytes).
    Removing stm32f7xx_hal.o(i.HAL_GetTickPrio), (12 bytes).
    Removing stm32f7xx_hal.o(i.HAL_GetUIDw0), (12 bytes).
    Removing stm32f7xx_hal.o(i.HAL_GetUIDw1), (12 bytes).
    Removing stm32f7xx_hal.o(i.HAL_GetUIDw2), (12 bytes).
    Removing stm32f7xx_hal.o(i.HAL_MspDeInit), (2 bytes).
    Removing stm32f7xx_hal.o(i.HAL_MspInit), (2 bytes).
    Removing stm32f7xx_hal.o(i.HAL_ResumeTick), (14 bytes).
    Removing stm32f7xx_hal.o(i.HAL_SetTickFreq), (36 bytes).
    Removing stm32f7xx_hal.o(i.HAL_SuspendTick), (14 bytes).
    Removing stm32f7xx_hal_i2c.o(.rev16_text), (4 bytes).
    Removing stm32f7xx_hal_i2c.o(.revsh_text), (4 bytes).
    Removing stm32f7xx_hal_i2c.o(.rrx_text), (6 bytes).
    Removing stm32f7xx_hal_i2c.o(i.HAL_I2C_AbortCpltCallback), (2 bytes).
    Removing stm32f7xx_hal_i2c.o(i.HAL_I2C_AddrCallback), (2 bytes).
    Removing stm32f7xx_hal_i2c.o(i.HAL_I2C_DeInit), (52 bytes).
    Removing stm32f7xx_hal_i2c.o(i.HAL_I2C_DisableListen_IT), (54 bytes).
    Removing stm32f7xx_hal_i2c.o(i.HAL_I2C_ER_IRQHandler), (104 bytes).
    Removing stm32f7xx_hal_i2c.o(i.HAL_I2C_EV_IRQHandler), (16 bytes).
    Removing stm32f7xx_hal_i2c.o(i.HAL_I2C_EnableListen_IT), (40 bytes).
    Removing stm32f7xx_hal_i2c.o(i.HAL_I2C_ErrorCallback), (2 bytes).
    Removing stm32f7xx_hal_i2c.o(i.HAL_I2C_GetError), (4 bytes).
    Removing stm32f7xx_hal_i2c.o(i.HAL_I2C_GetMode), (6 bytes).
    Removing stm32f7xx_hal_i2c.o(i.HAL_I2C_GetState), (6 bytes).
    Removing stm32f7xx_hal_i2c.o(i.HAL_I2C_Init), (184 bytes).
    Removing stm32f7xx_hal_i2c.o(i.HAL_I2C_IsDeviceReady), (304 bytes).
    Removing stm32f7xx_hal_i2c.o(i.HAL_I2C_ListenCpltCallback), (2 bytes).
    Removing stm32f7xx_hal_i2c.o(i.HAL_I2C_MasterRxCpltCallback), (2 bytes).
    Removing stm32f7xx_hal_i2c.o(i.HAL_I2C_MasterTxCpltCallback), (2 bytes).
    Removing stm32f7xx_hal_i2c.o(i.HAL_I2C_Master_Abort_IT), (124 bytes).
    Removing stm32f7xx_hal_i2c.o(i.HAL_I2C_Master_Receive), (292 bytes).
    Removing stm32f7xx_hal_i2c.o(i.HAL_I2C_Master_Receive_DMA), (300 bytes).
    Removing stm32f7xx_hal_i2c.o(i.HAL_I2C_Master_Receive_IT), (132 bytes).
    Removing stm32f7xx_hal_i2c.o(i.HAL_I2C_Master_Seq_Receive_DMA), (324 bytes).
    Removing stm32f7xx_hal_i2c.o(i.HAL_I2C_Master_Seq_Receive_IT), (160 bytes).
    Removing stm32f7xx_hal_i2c.o(i.HAL_I2C_Master_Seq_Transmit_DMA), (324 bytes).
    Removing stm32f7xx_hal_i2c.o(i.HAL_I2C_Master_Seq_Transmit_IT), (160 bytes).
    Removing stm32f7xx_hal_i2c.o(i.HAL_I2C_Master_Transmit), (292 bytes).
    Removing stm32f7xx_hal_i2c.o(i.HAL_I2C_Master_Transmit_DMA), (308 bytes).
    Removing stm32f7xx_hal_i2c.o(i.HAL_I2C_Master_Transmit_IT), (132 bytes).
    Removing stm32f7xx_hal_i2c.o(i.HAL_I2C_MemRxCpltCallback), (2 bytes).
    Removing stm32f7xx_hal_i2c.o(i.HAL_I2C_MemTxCpltCallback), (2 bytes).
    Removing stm32f7xx_hal_i2c.o(i.HAL_I2C_Mem_Read), (356 bytes).
    Removing stm32f7xx_hal_i2c.o(i.HAL_I2C_Mem_Read_DMA), (304 bytes).
    Removing stm32f7xx_hal_i2c.o(i.HAL_I2C_Mem_Read_IT), (196 bytes).
    Removing stm32f7xx_hal_i2c.o(i.HAL_I2C_Mem_Write), (344 bytes).
    Removing stm32f7xx_hal_i2c.o(i.HAL_I2C_Mem_Write_DMA), (296 bytes).
    Removing stm32f7xx_hal_i2c.o(i.HAL_I2C_Mem_Write_IT), (188 bytes).
    Removing stm32f7xx_hal_i2c.o(i.HAL_I2C_MspDeInit), (2 bytes).
    Removing stm32f7xx_hal_i2c.o(i.HAL_I2C_MspInit), (2 bytes).
    Removing stm32f7xx_hal_i2c.o(i.HAL_I2C_SlaveRxCpltCallback), (2 bytes).
    Removing stm32f7xx_hal_i2c.o(i.HAL_I2C_SlaveTxCpltCallback), (2 bytes).
    Removing stm32f7xx_hal_i2c.o(i.HAL_I2C_Slave_Receive), (296 bytes).
    Removing stm32f7xx_hal_i2c.o(i.HAL_I2C_Slave_Receive_DMA), (232 bytes).
    Removing stm32f7xx_hal_i2c.o(i.HAL_I2C_Slave_Receive_IT), (96 bytes).
    Removing stm32f7xx_hal_i2c.o(i.HAL_I2C_Slave_Seq_Receive_DMA), (360 bytes).
    Removing stm32f7xx_hal_i2c.o(i.HAL_I2C_Slave_Seq_Receive_IT), (200 bytes).
    Removing stm32f7xx_hal_i2c.o(i.HAL_I2C_Slave_Seq_Transmit_DMA), (356 bytes).
    Removing stm32f7xx_hal_i2c.o(i.HAL_I2C_Slave_Seq_Transmit_IT), (200 bytes).
    Removing stm32f7xx_hal_i2c.o(i.HAL_I2C_Slave_Transmit), (304 bytes).
    Removing stm32f7xx_hal_i2c.o(i.HAL_I2C_Slave_Transmit_DMA), (224 bytes).
    Removing stm32f7xx_hal_i2c.o(i.HAL_I2C_Slave_Transmit_IT), (96 bytes).
    Removing stm32f7xx_hal_i2c.o(i.I2C_ConvertOtherXferOptions), (26 bytes).
    Removing stm32f7xx_hal_i2c.o(i.I2C_DMAAbort), (20 bytes).
    Removing stm32f7xx_hal_i2c.o(i.I2C_DMAError), (66 bytes).
    Removing stm32f7xx_hal_i2c.o(i.I2C_DMAMasterReceiveCplt), (82 bytes).
    Removing stm32f7xx_hal_i2c.o(i.I2C_DMAMasterTransmitCplt), (82 bytes).
    Removing stm32f7xx_hal_i2c.o(i.I2C_DMASlaveReceiveCplt), (36 bytes).
    Removing stm32f7xx_hal_i2c.o(i.I2C_DMASlaveTransmitCplt), (30 bytes).
    Removing stm32f7xx_hal_i2c.o(i.I2C_Disable_IRQ), (96 bytes).
    Removing stm32f7xx_hal_i2c.o(i.I2C_Enable_IRQ), (104 bytes).
    Removing stm32f7xx_hal_i2c.o(i.I2C_Flush_TXDR), (34 bytes).
    Removing stm32f7xx_hal_i2c.o(i.I2C_ITAddrCplt), (148 bytes).
    Removing stm32f7xx_hal_i2c.o(i.I2C_ITError), (248 bytes).
    Removing stm32f7xx_hal_i2c.o(i.I2C_ITListenCplt), (100 bytes).
    Removing stm32f7xx_hal_i2c.o(i.I2C_ITMasterCplt), (244 bytes).
    Removing stm32f7xx_hal_i2c.o(i.I2C_ITMasterSeqCplt), (80 bytes).
    Removing stm32f7xx_hal_i2c.o(i.I2C_ITSlaveCplt), (304 bytes).
    Removing stm32f7xx_hal_i2c.o(i.I2C_ITSlaveSeqCplt), (114 bytes).
    Removing stm32f7xx_hal_i2c.o(i.I2C_IsAcknowledgeFailed), (136 bytes).
    Removing stm32f7xx_hal_i2c.o(i.I2C_Master_ISR_DMA), (272 bytes).
    Removing stm32f7xx_hal_i2c.o(i.I2C_Master_ISR_IT), (296 bytes).
    Removing stm32f7xx_hal_i2c.o(i.I2C_RequestMemoryRead), (100 bytes).
    Removing stm32f7xx_hal_i2c.o(i.I2C_RequestMemoryWrite), (100 bytes).
    Removing stm32f7xx_hal_i2c.o(i.I2C_Slave_ISR_DMA), (266 bytes).
    Removing stm32f7xx_hal_i2c.o(i.I2C_Slave_ISR_IT), (288 bytes).
    Removing stm32f7xx_hal_i2c.o(i.I2C_TransferConfig), (44 bytes).
    Removing stm32f7xx_hal_i2c.o(i.I2C_TreatErrorCallback), (42 bytes).
    Removing stm32f7xx_hal_i2c.o(i.I2C_WaitOnFlagUntilTimeout), (90 bytes).
    Removing stm32f7xx_hal_i2c.o(i.I2C_WaitOnRXNEFlagUntilTimeout), (136 bytes).
    Removing stm32f7xx_hal_i2c.o(i.I2C_WaitOnSTOPFlagUntilTimeout), (78 bytes).
    Removing stm32f7xx_hal_i2c.o(i.I2C_WaitOnTXISFlagUntilTimeout), (82 bytes).
    Removing stm32f7xx_hal_i2c_ex.o(.rev16_text), (4 bytes).
    Removing stm32f7xx_hal_i2c_ex.o(.revsh_text), (4 bytes).
    Removing stm32f7xx_hal_i2c_ex.o(.rrx_text), (6 bytes).
    Removing stm32f7xx_hal_i2c_ex.o(i.HAL_I2CEx_ConfigAnalogFilter), (88 bytes).
    Removing stm32f7xx_hal_i2c_ex.o(i.HAL_I2CEx_ConfigDigitalFilter), (84 bytes).
    Removing stm32f7xx_hal_i2c_ex.o(i.HAL_I2CEx_DisableFastModePlus), (40 bytes).
    Removing stm32f7xx_hal_i2c_ex.o(i.HAL_I2CEx_EnableFastModePlus), (40 bytes).
    Removing stm32f7xx_hal_exti.o(.rev16_text), (4 bytes).
    Removing stm32f7xx_hal_exti.o(.revsh_text), (4 bytes).
    Removing stm32f7xx_hal_exti.o(.rrx_text), (6 bytes).
    Removing stm32f7xx_hal_exti.o(i.HAL_EXTI_ClearConfigLine), (108 bytes).
    Removing stm32f7xx_hal_exti.o(i.HAL_EXTI_ClearPending), (20 bytes).
    Removing stm32f7xx_hal_exti.o(i.HAL_EXTI_GenerateSWI), (20 bytes).
    Removing stm32f7xx_hal_exti.o(i.HAL_EXTI_GetConfigLine), (152 bytes).
    Removing stm32f7xx_hal_exti.o(i.HAL_EXTI_GetHandle), (12 bytes).
    Removing stm32f7xx_hal_exti.o(i.HAL_EXTI_GetPending), (24 bytes).
    Removing stm32f7xx_hal_exti.o(i.HAL_EXTI_IRQHandler), (40 bytes).
    Removing stm32f7xx_hal_exti.o(i.HAL_EXTI_RegisterCallback), (16 bytes).
    Removing stm32f7xx_hal_exti.o(i.HAL_EXTI_SetConfigLine), (164 bytes).
    Removing system_stm32f7xx.o(.rev16_text), (4 bytes).
    Removing system_stm32f7xx.o(.revsh_text), (4 bytes).
    Removing system_stm32f7xx.o(.rrx_text), (6 bytes).
    Removing system_stm32f7xx.o(i.SystemCoreClockUpdate), (132 bytes).
    Removing basicmathfunctions.o(.rev16_text), (4 bytes).
    Removing basicmathfunctions.o(.revsh_text), (4 bytes).
    Removing basicmathfunctions.o(.rrx_text), (6 bytes).
    Removing basicmathfunctions.o(i.arm_abs_f32), (24 bytes).
    Removing basicmathfunctions.o(i.arm_abs_f64), (32 bytes).
    Removing basicmathfunctions.o(i.arm_abs_q15), (34 bytes).
    Removing basicmathfunctions.o(i.arm_abs_q31), (26 bytes).
    Removing basicmathfunctions.o(i.arm_abs_q7), (34 bytes).
    Removing basicmathfunctions.o(i.arm_add_f32), (28 bytes).
    Removing basicmathfunctions.o(i.arm_add_f64), (54 bytes).
    Removing basicmathfunctions.o(i.arm_add_q15), (28 bytes).
    Removing basicmathfunctions.o(i.arm_add_q31), (22 bytes).
    Removing basicmathfunctions.o(i.arm_add_q7), (30 bytes).
    Removing basicmathfunctions.o(i.arm_and_u16), (26 bytes).
    Removing basicmathfunctions.o(i.arm_and_u32), (20 bytes).
    Removing basicmathfunctions.o(i.arm_and_u8), (26 bytes).
    Removing basicmathfunctions.o(i.arm_clip_f32), (68 bytes).
    Removing basicmathfunctions.o(i.arm_clip_q15), (44 bytes).
    Removing basicmathfunctions.o(i.arm_clip_q31), (44 bytes).
    Removing basicmathfunctions.o(i.arm_clip_q7), (36 bytes).
    Removing basicmathfunctions.o(i.arm_dot_prod_f32), (36 bytes).
    Removing basicmathfunctions.o(i.arm_dot_prod_f64), (88 bytes).
    Removing basicmathfunctions.o(i.arm_dot_prod_q15), (32 bytes).
    Removing basicmathfunctions.o(i.arm_dot_prod_q31), (46 bytes).
    Removing basicmathfunctions.o(i.arm_dot_prod_q7), (30 bytes).
    Removing basicmathfunctions.o(i.arm_mult_f32), (28 bytes).
    Removing basicmathfunctions.o(i.arm_mult_f64), (54 bytes).
    Removing basicmathfunctions.o(i.arm_mult_q15), (32 bytes).
    Removing basicmathfunctions.o(i.arm_mult_q31), (28 bytes).
    Removing basicmathfunctions.o(i.arm_mult_q7), (32 bytes).
    Removing basicmathfunctions.o(i.arm_negate_f32), (24 bytes).
    Removing basicmathfunctions.o(i.arm_negate_f64), (38 bytes).
    Removing basicmathfunctions.o(i.arm_negate_q15), (40 bytes).
    Removing basicmathfunctions.o(i.arm_negate_q31), (22 bytes).
    Removing basicmathfunctions.o(i.arm_negate_q7), (28 bytes).
    Removing basicmathfunctions.o(i.arm_not_u16), (22 bytes).
    Removing basicmathfunctions.o(i.arm_not_u32), (16 bytes).
    Removing basicmathfunctions.o(i.arm_not_u8), (22 bytes).
    Removing basicmathfunctions.o(i.arm_offset_f32), (24 bytes).
    Removing basicmathfunctions.o(i.arm_offset_f64), (58 bytes).
    Removing basicmathfunctions.o(i.arm_offset_q15), (24 bytes).
    Removing basicmathfunctions.o(i.arm_offset_q31), (20 bytes).
    Removing basicmathfunctions.o(i.arm_offset_q7), (26 bytes).
    Removing basicmathfunctions.o(i.arm_or_u16), (26 bytes).
    Removing basicmathfunctions.o(i.arm_or_u32), (20 bytes).
    Removing basicmathfunctions.o(i.arm_or_u8), (26 bytes).
    Removing basicmathfunctions.o(i.arm_scale_f32), (24 bytes).
    Removing basicmathfunctions.o(i.arm_scale_f64), (58 bytes).
    Removing basicmathfunctions.o(i.arm_scale_q15), (38 bytes).
    Removing basicmathfunctions.o(i.arm_scale_q31), (74 bytes).
    Removing basicmathfunctions.o(i.arm_scale_q7), (38 bytes).
    Removing basicmathfunctions.o(i.arm_shift_q15), (50 bytes).
    Removing basicmathfunctions.o(i.arm_shift_q31), (74 bytes).
    Removing basicmathfunctions.o(i.arm_shift_q7), (50 bytes).
    Removing basicmathfunctions.o(i.arm_sub_f32), (28 bytes).
    Removing basicmathfunctions.o(i.arm_sub_f64), (54 bytes).
    Removing basicmathfunctions.o(i.arm_sub_q15), (28 bytes).
    Removing basicmathfunctions.o(i.arm_sub_q31), (22 bytes).
    Removing basicmathfunctions.o(i.arm_sub_q7), (30 bytes).
    Removing basicmathfunctions.o(i.arm_xor_u16), (26 bytes).
    Removing basicmathfunctions.o(i.arm_xor_u32), (20 bytes).
    Removing basicmathfunctions.o(i.arm_xor_u8), (26 bytes).
    Removing basicmathfunctionsf16.o(.rev16_text), (4 bytes).
    Removing basicmathfunctionsf16.o(.revsh_text), (4 bytes).
    Removing basicmathfunctionsf16.o(.rrx_text), (6 bytes).
    Removing bayesfunctions.o(.rev16_text), (4 bytes).
    Removing bayesfunctions.o(.revsh_text), (4 bytes).
    Removing bayesfunctions.o(.rrx_text), (6 bytes).
    Removing bayesfunctions.o(i.arm_gaussian_naive_bayes_predict_f32), (180 bytes).
    Removing bayesfunctionsf16.o(.rev16_text), (4 bytes).
    Removing bayesfunctionsf16.o(.revsh_text), (4 bytes).
    Removing bayesfunctionsf16.o(.rrx_text), (6 bytes).
    Removing commontables.o(.rev16_text), (4 bytes).
    Removing commontables.o(.revsh_text), (4 bytes).
    Removing commontables.o(.rrx_text), (6 bytes).
    Removing commontables.o(.constdata), (2048 bytes).
    Removing commontables.o(.constdata), (256 bytes).
    Removing commontables.o(.constdata), (512 bytes).
    Removing commontables.o(.constdata), (1024 bytes).
    Removing commontables.o(.constdata), (2048 bytes).
    Removing commontables.o(.constdata), (4096 bytes).
    Removing commontables.o(.constdata), (8192 bytes).
    Removing commontables.o(.constdata), (16384 bytes).
    Removing commontables.o(.constdata), (32768 bytes).
    Removing commontables.o(.constdata), (65536 bytes).
    Removing commontables.o(.constdata), (128 bytes).
    Removing commontables.o(.constdata), (256 bytes).
    Removing commontables.o(.constdata), (512 bytes).
    Removing commontables.o(.constdata), (1024 bytes).
    Removing commontables.o(.constdata), (2048 bytes).
    Removing commontables.o(.constdata), (4096 bytes).
    Removing commontables.o(.constdata), (8192 bytes).
    Removing commontables.o(.constdata), (16384 bytes).
    Removing commontables.o(.constdata), (32768 bytes).
    Removing commontables.o(.constdata), (96 bytes).
    Removing commontables.o(.constdata), (192 bytes).
    Removing commontables.o(.constdata), (384 bytes).
    Removing commontables.o(.constdata), (768 bytes).
    Removing commontables.o(.constdata), (1536 bytes).
    Removing commontables.o(.constdata), (3072 bytes).
    Removing commontables.o(.constdata), (6144 bytes).
    Removing commontables.o(.constdata), (12288 bytes).
    Removing commontables.o(.constdata), (24576 bytes).
    Removing commontables.o(.constdata), (48 bytes).
    Removing commontables.o(.constdata), (96 bytes).
    Removing commontables.o(.constdata), (192 bytes).
    Removing commontables.o(.constdata), (384 bytes).
    Removing commontables.o(.constdata), (768 bytes).
    Removing commontables.o(.constdata), (1536 bytes).
    Removing commontables.o(.constdata), (3072 bytes).
    Removing commontables.o(.constdata), (6144 bytes).
    Removing commontables.o(.constdata), (12288 bytes).
    Removing commontables.o(.constdata), (24 bytes).
    Removing commontables.o(.constdata), (48 bytes).
    Removing commontables.o(.constdata), (112 bytes).
    Removing commontables.o(.constdata), (224 bytes).
    Removing commontables.o(.constdata), (480 bytes).
    Removing commontables.o(.constdata), (960 bytes).
    Removing commontables.o(.constdata), (1984 bytes).
    Removing commontables.o(.constdata), (3968 bytes).
    Removing commontables.o(.constdata), (8064 bytes).
    Removing commontables.o(.constdata), (40 bytes).
    Removing commontables.o(.constdata), (96 bytes).
    Removing commontables.o(.constdata), (112 bytes).
    Removing commontables.o(.constdata), (416 bytes).
    Removing commontables.o(.constdata), (880 bytes).
    Removing commontables.o(.constdata), (896 bytes).
    Removing commontables.o(.constdata), (3600 bytes).
    Removing commontables.o(.constdata), (7616 bytes).
    Removing commontables.o(.constdata), (8064 bytes).
    Removing commontables.o(.constdata), (24 bytes).
    Removing commontables.o(.constdata), (48 bytes).
    Removing commontables.o(.constdata), (112 bytes).
    Removing commontables.o(.constdata), (224 bytes).
    Removing commontables.o(.constdata), (480 bytes).
    Removing commontables.o(.constdata), (960 bytes).
    Removing commontables.o(.constdata), (1984 bytes).
    Removing commontables.o(.constdata), (3968 bytes).
    Removing commontables.o(.constdata), (8064 bytes).
    Removing commontables.o(.constdata), (256 bytes).
    Removing commontables.o(.constdata), (512 bytes).
    Removing commontables.o(.constdata), (1024 bytes).
    Removing commontables.o(.constdata), (2048 bytes).
    Removing commontables.o(.constdata), (4096 bytes).
    Removing commontables.o(.constdata), (8192 bytes).
    Removing commontables.o(.constdata), (16384 bytes).
    Removing commontables.o(.constdata), (32768 bytes).
    Removing commontables.o(.constdata), (128 bytes).
    Removing commontables.o(.constdata), (256 bytes).
    Removing commontables.o(.constdata), (512 bytes).
    Removing commontables.o(.constdata), (1024 bytes).
    Removing commontables.o(.constdata), (2048 bytes).
    Removing commontables.o(.constdata), (4096 bytes).
    Removing commontables.o(.constdata), (8192 bytes).
    Removing commontables.o(.constdata), (16384 bytes).
    Removing commontables.o(.constdata), (32768 bytes).
    Removing commontables.o(.constdata), (32768 bytes).
    Removing commontables.o(.constdata), (32768 bytes).
    Removing commontables.o(.constdata), (32768 bytes).
    Removing commontables.o(.constdata), (16384 bytes).
    Removing commontables.o(.constdata), (16384 bytes).
    Removing commontables.o(.constdata), (1024 bytes).
    Removing commontables.o(.constdata), (512 bytes).
    Removing commontables.o(.constdata), (4096 bytes).
    Removing commontables.o(.constdata), (2048 bytes).
    Removing commontables.o(.constdata), (16384 bytes).
    Removing commontables.o(.constdata), (8192 bytes).
    Removing commontables.o(.constdata), (65536 bytes).
    Removing commontables.o(.constdata), (32768 bytes).
    Removing commontables.o(.constdata), (512 bytes).
    Removing commontables.o(.constdata), (256 bytes).
    Removing commontables.o(.constdata), (2048 bytes).
    Removing commontables.o(.constdata), (1024 bytes).
    Removing commontables.o(.constdata), (8192 bytes).
    Removing commontables.o(.constdata), (4096 bytes).
    Removing commontables.o(.constdata), (32768 bytes).
    Removing commontables.o(.constdata), (16384 bytes).
    Removing commontables.o(.constdata), (1024 bytes).
    Removing commontables.o(.constdata), (512 bytes).
    Removing commontables.o(.constdata), (4096 bytes).
    Removing commontables.o(.constdata), (2048 bytes).
    Removing commontables.o(.constdata), (16384 bytes).
    Removing commontables.o(.constdata), (8192 bytes).
    Removing commontables.o(.constdata), (65536 bytes).
    Removing commontables.o(.constdata), (32768 bytes).
    Removing commontables.o(.constdata), (128 bytes).
    Removing commontables.o(.constdata), (256 bytes).
    Removing commontables.o(.constdata), (2052 bytes).
    Removing commontables.o(.constdata), (2052 bytes).
    Removing commontables.o(.constdata), (1026 bytes).
    Removing commontables.o(.constdata), (128 bytes).
    Removing commontables.o(.constdata), (32 bytes).
    Removing commontables.o(.constdata), (16 bytes).
    Removing commontables.o(.constdata), (16 bytes).
    Removing commontables.o(.constdata), (16 bytes).
    Removing commontables.o(.constdata), (16 bytes).
    Removing commontables.o(.constdata), (16 bytes).
    Removing commontables.o(.constdata), (16 bytes).
    Removing commontables.o(.constdata), (16 bytes).
    Removing commontables.o(.constdata), (16 bytes).
    Removing commontables.o(.constdata), (16 bytes).
    Removing commontables.o(.constdata), (16 bytes).
    Removing commontables.o(.constdata), (16 bytes).
    Removing commontables.o(.constdata), (16 bytes).
    Removing commontables.o(.constdata), (16 bytes).
    Removing commontables.o(.constdata), (16 bytes).
    Removing commontables.o(.constdata), (16 bytes).
    Removing commontables.o(.constdata), (16 bytes).
    Removing commontables.o(.constdata), (16 bytes).
    Removing commontables.o(.constdata), (16 bytes).
    Removing commontables.o(.constdata), (16 bytes).
    Removing commontables.o(.constdata), (16 bytes).
    Removing commontables.o(.constdata), (16 bytes).
    Removing commontables.o(.constdata), (16 bytes).
    Removing commontables.o(.constdata), (16 bytes).
    Removing commontables.o(.constdata), (16 bytes).
    Removing commontables.o(.constdata), (16 bytes).
    Removing commontables.o(.constdata), (16 bytes).
    Removing commontables.o(.constdata), (16 bytes).
    Removing commontables.o(.constdata), (16 bytes).
    Removing commontables.o(.constdata), (16 bytes).
    Removing commontables.o(.constdata), (16 bytes).
    Removing commontables.o(.constdata), (16 bytes).
    Removing commontables.o(.constdata), (16 bytes).
    Removing commontables.o(.constdata), (16 bytes).
    Removing commontables.o(.constdata), (16 bytes).
    Removing commontables.o(.constdata), (16 bytes).
    Removing commontables.o(.constdata), (16 bytes).
    Removing commontables.o(.constdata), (24 bytes).
    Removing commontables.o(.constdata), (24 bytes).
    Removing commontables.o(.constdata), (24 bytes).
    Removing commontables.o(.constdata), (24 bytes).
    Removing commontables.o(.constdata), (24 bytes).
    Removing commontables.o(.constdata), (24 bytes).
    Removing commontables.o(.constdata), (24 bytes).
    Removing commontables.o(.constdata), (24 bytes).
    Removing commontables.o(.constdata), (24 bytes).
    Removing commontables.o(.constdata), (24 bytes).
    Removing commontables.o(.constdata), (24 bytes).
    Removing commontables.o(.constdata), (24 bytes).
    Removing commontables.o(.constdata), (24 bytes).
    Removing commontables.o(.constdata), (24 bytes).
    Removing commontables.o(.constdata), (24 bytes).
    Removing commontables.o(.constdata), (24 bytes).
    Removing commontables.o(.constdata), (24 bytes).
    Removing commontables.o(.constdata), (24 bytes).
    Removing commontables.o(.constdata), (24 bytes).
    Removing commontables.o(.constdata), (24 bytes).
    Removing commontables.o(.constdata), (24 bytes).
    Removing commontables.o(.constdata), (24 bytes).
    Removing commontables.o(.constdata), (24 bytes).
    Removing commontables.o(.constdata), (24 bytes).
    Removing commontables.o(.constdata), (24 bytes).
    Removing commontables.o(.constdata), (24 bytes).
    Removing commontables.o(.constdata), (24 bytes).
    Removing commontables.o(.constdata), (24 bytes).
    Removing commontables.o(.constdata), (24 bytes).
    Removing commontables.o(.constdata), (24 bytes).
    Removing commontables.o(.constdata), (24 bytes).
    Removing commontables.o(.constdata), (24 bytes).
    Removing commontables.o(.constdata), (24 bytes).
    Removing commontables.o(.constdata), (24 bytes).
    Removing commontablesf16.o(.rev16_text), (4 bytes).
    Removing commontablesf16.o(.revsh_text), (4 bytes).
    Removing commontablesf16.o(.rrx_text), (6 bytes).
    Removing complexmathfunctions.o(.rev16_text), (4 bytes).
    Removing complexmathfunctions.o(.revsh_text), (4 bytes).
    Removing complexmathfunctions.o(.rrx_text), (6 bytes).
    Removing complexmathfunctions.o(i.arm_cmplx_conj_f32), (36 bytes).
    Removing complexmathfunctions.o(i.arm_cmplx_conj_q15), (32 bytes).
    Removing complexmathfunctions.o(i.arm_cmplx_conj_q31), (30 bytes).
    Removing complexmathfunctions.o(i.arm_cmplx_dot_prod_f32), (72 bytes).
    Removing complexmathfunctions.o(i.arm_cmplx_dot_prod_q15), (100 bytes).
    Removing complexmathfunctions.o(i.arm_cmplx_dot_prod_q31), (150 bytes).
    Removing complexmathfunctions.o(i.arm_cmplx_mag_f32), (68 bytes).
    Removing complexmathfunctions.o(i.arm_cmplx_mag_f64), (86 bytes).
    Removing complexmathfunctions.o(i.arm_cmplx_mag_fast_q15), (46 bytes).
    Removing complexmathfunctions.o(i.arm_cmplx_mag_q15), (52 bytes).
    Removing complexmathfunctions.o(i.arm_cmplx_mag_q31), (46 bytes).
    Removing complexmathfunctions.o(i.arm_cmplx_mag_squared_f32), (34 bytes).
    Removing complexmathfunctions.o(i.arm_cmplx_mag_squared_f64), (78 bytes).
    Removing complexmathfunctions.o(i.arm_cmplx_mag_squared_q15), (32 bytes).
    Removing complexmathfunctions.o(i.arm_cmplx_mag_squared_q31), (32 bytes).
    Removing complexmathfunctions.o(i.arm_cmplx_mult_cmplx_f32), (58 bytes).
    Removing complexmathfunctions.o(i.arm_cmplx_mult_cmplx_f64), (134 bytes).
    Removing complexmathfunctions.o(i.arm_cmplx_mult_cmplx_q15), (60 bytes).
    Removing complexmathfunctions.o(i.arm_cmplx_mult_cmplx_q31), (68 bytes).
    Removing complexmathfunctions.o(i.arm_cmplx_mult_real_f32), (44 bytes).
    Removing complexmathfunctions.o(i.arm_cmplx_mult_real_q15), (48 bytes).
    Removing complexmathfunctions.o(i.arm_cmplx_mult_real_q31), (42 bytes).
    Removing complexmathfunctionsf16.o(.rev16_text), (4 bytes).
    Removing complexmathfunctionsf16.o(.revsh_text), (4 bytes).
    Removing complexmathfunctionsf16.o(.rrx_text), (6 bytes).
    Removing controllerfunctions.o(.rev16_text), (4 bytes).
    Removing controllerfunctions.o(.revsh_text), (4 bytes).
    Removing controllerfunctions.o(.rrx_text), (6 bytes).
    Removing controllerfunctions.o(i.arm_pid_init_f32), (58 bytes).
    Removing controllerfunctions.o(i.arm_pid_init_q15), (54 bytes).
    Removing controllerfunctions.o(i.arm_pid_init_q31), (48 bytes).
    Removing controllerfunctions.o(i.arm_pid_reset_f32), (10 bytes).
    Removing controllerfunctions.o(i.arm_pid_reset_q15), (8 bytes).
    Removing controllerfunctions.o(i.arm_pid_reset_q31), (10 bytes).
    Removing controllerfunctions.o(i.arm_sin_cos_f32), (272 bytes).
    Removing controllerfunctions.o(i.arm_sin_cos_q31), (584 bytes).
    Removing distancefunctions.o(.rev16_text), (4 bytes).
    Removing distancefunctions.o(.revsh_text), (4 bytes).
    Removing distancefunctions.o(.rrx_text), (6 bytes).
    Removing distancefunctions.o(i.arm_boolean_distance_TF_FT), (172 bytes).
    Removing distancefunctions.o(i.arm_boolean_distance_TT), (114 bytes).
    Removing distancefunctions.o(i.arm_boolean_distance_TT_FF_TF_FT), (276 bytes).
    Removing distancefunctions.o(i.arm_boolean_distance_TT_TF_FT), (224 bytes).
    Removing distancefunctions.o(i.arm_braycurtis_distance_f32), (60 bytes).
    Removing distancefunctions.o(i.arm_canberra_distance_f32), (76 bytes).
    Removing distancefunctions.o(i.arm_chebyshev_distance_f32), (56 bytes).
    Removing distancefunctions.o(i.arm_chebyshev_distance_f64), (128 bytes).
    Removing distancefunctions.o(i.arm_cityblock_distance_f32), (40 bytes).
    Removing distancefunctions.o(i.arm_cityblock_distance_f64), (92 bytes).
    Removing distancefunctions.o(i.arm_correlation_distance_f32), (192 bytes).
    Removing distancefunctions.o(i.arm_cosine_distance_f32), (88 bytes).
    Removing distancefunctions.o(i.arm_cosine_distance_f64), (112 bytes).
    Removing distancefunctions.o(i.arm_dice_distance), (132 bytes).
    Removing distancefunctions.o(i.arm_euclidean_distance_f32), (56 bytes).
    Removing distancefunctions.o(i.arm_euclidean_distance_f64), (104 bytes).
    Removing distancefunctions.o(i.arm_hamming_distance), (76 bytes).
    Removing distancefunctions.o(i.arm_jaccard_distance), (78 bytes).
    Removing distancefunctions.o(i.arm_jensenshannon_distance_f32), (140 bytes).
    Removing distancefunctions.o(i.arm_kulsinski_distance), (86 bytes).
    Removing distancefunctions.o(i.arm_minkowski_distance_f32), (108 bytes).
    Removing distancefunctions.o(i.arm_rogerstanimoto_distance), (88 bytes).
    Removing distancefunctions.o(i.arm_russellrao_distance), (42 bytes).
    Removing distancefunctions.o(i.arm_sokalmichener_distance), (96 bytes).
    Removing distancefunctions.o(i.arm_sokalsneath_distance), (84 bytes).
    Removing distancefunctions.o(i.arm_yule_distance), (140 bytes).
    Removing distancefunctions.o(i.rel_entr), (28 bytes).
    Removing distancefunctionsf16.o(.rev16_text), (4 bytes).
    Removing distancefunctionsf16.o(.revsh_text), (4 bytes).
    Removing distancefunctionsf16.o(.rrx_text), (6 bytes).
    Removing fastmathfunctions.o(.rev16_text), (4 bytes).
    Removing fastmathfunctions.o(.revsh_text), (4 bytes).
    Removing fastmathfunctions.o(.rrx_text), (6 bytes).
    Removing fastmathfunctions.o(i.arm_atan2_f32), (540 bytes).
    Removing fastmathfunctions.o(i.arm_atan2_q15), (688 bytes).
    Removing fastmathfunctions.o(i.arm_atan2_q31), (944 bytes).
    Removing fastmathfunctions.o(i.arm_cos_f32), (132 bytes).
    Removing fastmathfunctions.o(i.arm_cos_q15), (68 bytes).
    Removing fastmathfunctions.o(i.arm_cos_q31), (64 bytes).
    Removing fastmathfunctions.o(i.arm_divide_q15), (108 bytes).
    Removing fastmathfunctions.o(i.arm_divide_q31), (126 bytes).
    Removing fastmathfunctions.o(i.arm_sin_f32), (128 bytes).
    Removing fastmathfunctions.o(i.arm_sin_q15), (60 bytes).
    Removing fastmathfunctions.o(i.arm_sin_q31), (64 bytes).
    Removing fastmathfunctions.o(i.arm_sqrt_q15), (168 bytes).
    Removing fastmathfunctions.o(i.arm_sqrt_q31), (188 bytes).
    Removing fastmathfunctions.o(i.arm_vexp_f32), (32 bytes).
    Removing fastmathfunctions.o(i.arm_vexp_f64), (32 bytes).
    Removing fastmathfunctions.o(i.arm_vlog_f32), (32 bytes).
    Removing fastmathfunctions.o(i.arm_vlog_f64), (32 bytes).
    Removing fastmathfunctions.o(i.arm_vlog_q15), (98 bytes).
    Removing fastmathfunctions.o(i.arm_vlog_q31), (92 bytes).
    Removing fastmathfunctions.o(.constdata), (112 bytes).
    Removing fastmathfunctionsf16.o(.rev16_text), (4 bytes).
    Removing fastmathfunctionsf16.o(.revsh_text), (4 bytes).
    Removing fastmathfunctionsf16.o(.rrx_text), (6 bytes).
    Removing filteringfunctions.o(.rev16_text), (4 bytes).
    Removing filteringfunctions.o(.revsh_text), (4 bytes).
    Removing filteringfunctions.o(.rrx_text), (6 bytes).
    Removing filteringfunctions.o(i.arm_biquad_cas_df1_32x64_init_q31), (26 bytes).
    Removing filteringfunctions.o(i.arm_biquad_cas_df1_32x64_q31), (340 bytes).
    Removing filteringfunctions.o(i.arm_biquad_cascade_df1_f32), (140 bytes).
    Removing filteringfunctions.o(i.arm_biquad_cascade_df1_fast_q15), (172 bytes).
    Removing filteringfunctions.o(i.arm_biquad_cascade_df1_fast_q31), (146 bytes).
    Removing filteringfunctions.o(i.arm_biquad_cascade_df1_init_f32), (22 bytes).
    Removing filteringfunctions.o(i.arm_biquad_cascade_df1_init_q15), (26 bytes).
    Removing filteringfunctions.o(i.arm_biquad_cascade_df1_init_q31), (26 bytes).
    Removing filteringfunctions.o(i.arm_biquad_cascade_df1_q15), (322 bytes).
    Removing filteringfunctions.o(i.arm_biquad_cascade_df1_q31), (176 bytes).
    Removing filteringfunctions.o(i.arm_biquad_cascade_df2T_f32), (116 bytes).
    Removing filteringfunctions.o(i.arm_biquad_cascade_df2T_f64), (226 bytes).
    Removing filteringfunctions.o(i.arm_biquad_cascade_df2T_init_f32), (22 bytes).
    Removing filteringfunctions.o(i.arm_biquad_cascade_df2T_init_f64), (22 bytes).
    Removing filteringfunctions.o(i.arm_biquad_cascade_stereo_df2T_f32), (182 bytes).
    Removing filteringfunctions.o(i.arm_biquad_cascade_stereo_df2T_init_f32), (22 bytes).
    Removing filteringfunctions.o(i.arm_conv_f32), (300 bytes).
    Removing filteringfunctions.o(i.arm_conv_fast_opt_q15), (184 bytes).
    Removing filteringfunctions.o(i.arm_conv_fast_q15), (1100 bytes).
    Removing filteringfunctions.o(i.arm_conv_fast_q31), (816 bytes).
    Removing filteringfunctions.o(i.arm_conv_opt_q15), (198 bytes).
    Removing filteringfunctions.o(i.arm_conv_opt_q7), (616 bytes).
    Removing filteringfunctions.o(i.arm_conv_partial_f32), (452 bytes).
    Removing filteringfunctions.o(i.arm_conv_partial_fast_opt_q15), (236 bytes).
    Removing filteringfunctions.o(i.arm_conv_partial_fast_q15), (1296 bytes).
    Removing filteringfunctions.o(i.arm_conv_partial_fast_q31), (452 bytes).
    Removing filteringfunctions.o(i.arm_conv_partial_opt_q15), (242 bytes).
    Removing filteringfunctions.o(i.arm_conv_partial_opt_q7), (644 bytes).
    Removing filteringfunctions.o(i.arm_conv_partial_q15), (1504 bytes).
    Removing filteringfunctions.o(i.arm_conv_partial_q31), (498 bytes).
    Removing filteringfunctions.o(i.arm_conv_partial_q7), (452 bytes).
    Removing filteringfunctions.o(i.arm_conv_q15), (1342 bytes).
    Removing filteringfunctions.o(i.arm_conv_q31), (374 bytes).
    Removing filteringfunctions.o(i.arm_conv_q7), (298 bytes).
    Removing filteringfunctions.o(i.arm_correlate_f32), (360 bytes).
    Removing filteringfunctions.o(i.arm_correlate_f64), (528 bytes).
    Removing filteringfunctions.o(i.arm_correlate_fast_opt_q15), (204 bytes).
    Removing filteringfunctions.o(i.arm_correlate_fast_q15), (1014 bytes).
    Removing filteringfunctions.o(i.arm_correlate_fast_q31), (846 bytes).
    Removing filteringfunctions.o(i.arm_correlate_opt_q15), (218 bytes).
    Removing filteringfunctions.o(i.arm_correlate_opt_q7), (626 bytes).
    Removing filteringfunctions.o(i.arm_correlate_q15), (1284 bytes).
    Removing filteringfunctions.o(i.arm_correlate_q31), (424 bytes).
    Removing filteringfunctions.o(i.arm_correlate_q7), (324 bytes).
    Removing filteringfunctions.o(i.arm_fir_decimate_f32), (124 bytes).
    Removing filteringfunctions.o(i.arm_fir_decimate_fast_q15), (324 bytes).
    Removing filteringfunctions.o(i.arm_fir_decimate_fast_q31), (114 bytes).
    Removing filteringfunctions.o(i.arm_fir_decimate_init_f32), (50 bytes).
    Removing filteringfunctions.o(i.arm_fir_decimate_init_q15), (50 bytes).
    Removing filteringfunctions.o(i.arm_fir_decimate_init_q31), (50 bytes).
    Removing filteringfunctions.o(i.arm_fir_decimate_q15), (360 bytes).
    Removing filteringfunctions.o(i.arm_fir_decimate_q31), (130 bytes).
    Removing filteringfunctions.o(i.arm_fir_f32), (108 bytes).
    Removing filteringfunctions.o(i.arm_fir_f64), (172 bytes).
    Removing filteringfunctions.o(i.arm_fir_fast_q15), (122 bytes).
    Removing filteringfunctions.o(i.arm_fir_fast_q31), (96 bytes).
    Removing filteringfunctions.o(i.arm_fir_init_f32), (28 bytes).
    Removing filteringfunctions.o(i.arm_fir_init_f64), (28 bytes).
    Removing filteringfunctions.o(i.arm_fir_init_q15), (38 bytes).
    Removing filteringfunctions.o(i.arm_fir_init_q31), (28 bytes).
    Removing filteringfunctions.o(i.arm_fir_init_q7), (26 bytes).
    Removing filteringfunctions.o(i.arm_fir_interpolate_f32), (148 bytes).
    Removing filteringfunctions.o(i.arm_fir_interpolate_init_f32), (52 bytes).
    Removing filteringfunctions.o(i.arm_fir_interpolate_init_q15), (52 bytes).
    Removing filteringfunctions.o(i.arm_fir_interpolate_init_q31), (52 bytes).
    Removing filteringfunctions.o(i.arm_fir_interpolate_q15), (188 bytes).
    Removing filteringfunctions.o(i.arm_fir_interpolate_q31), (174 bytes).
    Removing filteringfunctions.o(i.arm_fir_lattice_f32), (102 bytes).
    Removing filteringfunctions.o(i.arm_fir_lattice_init_f32), (22 bytes).
    Removing filteringfunctions.o(i.arm_fir_lattice_init_q15), (22 bytes).
    Removing filteringfunctions.o(i.arm_fir_lattice_init_q31), (22 bytes).
    Removing filteringfunctions.o(i.arm_fir_lattice_q15), (132 bytes).
    Removing filteringfunctions.o(i.arm_fir_lattice_q31), (106 bytes).
    Removing filteringfunctions.o(i.arm_fir_q15), (136 bytes).
    Removing filteringfunctions.o(i.arm_fir_q31), (124 bytes).
    Removing filteringfunctions.o(i.arm_fir_q7), (100 bytes).
    Removing filteringfunctions.o(i.arm_fir_sparse_f32), (436 bytes).
    Removing filteringfunctions.o(i.arm_fir_sparse_init_f32), (42 bytes).
    Removing filteringfunctions.o(i.arm_fir_sparse_init_q15), (42 bytes).
    Removing filteringfunctions.o(i.arm_fir_sparse_init_q31), (42 bytes).
    Removing filteringfunctions.o(i.arm_fir_sparse_init_q7), (40 bytes).
    Removing filteringfunctions.o(i.arm_fir_sparse_q15), (468 bytes).
    Removing filteringfunctions.o(i.arm_fir_sparse_q31), (462 bytes).
    Removing filteringfunctions.o(i.arm_fir_sparse_q7), (454 bytes).
    Removing filteringfunctions.o(i.arm_iir_lattice_f32), (132 bytes).
    Removing filteringfunctions.o(i.arm_iir_lattice_init_f32), (28 bytes).
    Removing filteringfunctions.o(i.arm_iir_lattice_init_q15), (28 bytes).
    Removing filteringfunctions.o(i.arm_iir_lattice_init_q31), (28 bytes).
    Removing filteringfunctions.o(i.arm_iir_lattice_q15), (254 bytes).
    Removing filteringfunctions.o(i.arm_iir_lattice_q31), (240 bytes).
    Removing filteringfunctions.o(i.arm_levinson_durbin_f32), (236 bytes).
    Removing filteringfunctions.o(i.arm_levinson_durbin_q31), (398 bytes).
    Removing filteringfunctions.o(i.arm_lms_f32), (172 bytes).
    Removing filteringfunctions.o(i.arm_lms_init_f32), (44 bytes).
    Removing filteringfunctions.o(i.arm_lms_init_q15), (40 bytes).
    Removing filteringfunctions.o(i.arm_lms_init_q31), (40 bytes).
    Removing filteringfunctions.o(i.arm_lms_norm_f32), (208 bytes).
    Removing filteringfunctions.o(i.arm_lms_norm_init_f32), (60 bytes).
    Removing filteringfunctions.o(i.arm_lms_norm_init_q15), (56 bytes).
    Removing filteringfunctions.o(i.arm_lms_norm_init_q31), (56 bytes).
    Removing filteringfunctions.o(i.arm_lms_norm_q15), (370 bytes).
    Removing filteringfunctions.o(i.arm_lms_norm_q31), (454 bytes).
    Removing filteringfunctions.o(i.arm_lms_q15), (222 bytes).
    Removing filteringfunctions.o(i.arm_lms_q31), (254 bytes).
    Removing filteringfunctionsf16.o(.rev16_text), (4 bytes).
    Removing filteringfunctionsf16.o(.revsh_text), (4 bytes).
    Removing filteringfunctionsf16.o(.rrx_text), (6 bytes).
    Removing interpolationfunctions.o(.rev16_text), (4 bytes).
    Removing interpolationfunctions.o(.revsh_text), (4 bytes).
    Removing interpolationfunctions.o(.rrx_text), (6 bytes).
    Removing interpolationfunctions.o(i.arm_bilinear_interp_f32), (152 bytes).
    Removing interpolationfunctions.o(i.arm_bilinear_interp_q15), (156 bytes).
    Removing interpolationfunctions.o(i.arm_bilinear_interp_q31), (124 bytes).
    Removing interpolationfunctions.o(i.arm_bilinear_interp_q7), (140 bytes).
    Removing interpolationfunctions.o(i.arm_linear_interp_f32), (122 bytes).
    Removing interpolationfunctions.o(i.arm_linear_interp_q15), (72 bytes).
    Removing interpolationfunctions.o(i.arm_linear_interp_q31), (62 bytes).
    Removing interpolationfunctions.o(i.arm_linear_interp_q7), (60 bytes).
    Removing interpolationfunctions.o(i.arm_spline_f32), (246 bytes).
    Removing interpolationfunctions.o(i.arm_spline_init_f32), (416 bytes).
    Removing interpolationfunctionsf16.o(.rev16_text), (4 bytes).
    Removing interpolationfunctionsf16.o(.revsh_text), (4 bytes).
    Removing interpolationfunctionsf16.o(.rrx_text), (6 bytes).
    Removing matrixfunctions.o(.rev16_text), (4 bytes).
    Removing matrixfunctions.o(.revsh_text), (4 bytes).
    Removing matrixfunctions.o(.rrx_text), (6 bytes).
    Removing matrixfunctions.o(i.arm_mat_add_f32), (42 bytes).
    Removing matrixfunctions.o(i.arm_mat_add_q15), (42 bytes).
    Removing matrixfunctions.o(i.arm_mat_add_q31), (36 bytes).
    Removing matrixfunctions.o(i.arm_mat_cholesky_f32), (172 bytes).
    Removing matrixfunctions.o(i.arm_mat_cholesky_f64), (252 bytes).
    Removing matrixfunctions.o(i.arm_mat_cmplx_mult_f32), (156 bytes).
    Removing matrixfunctions.o(i.arm_mat_cmplx_mult_q15), (364 bytes).
    Removing matrixfunctions.o(i.arm_mat_cmplx_mult_q31), (262 bytes).
    Removing matrixfunctions.o(i.arm_mat_cmplx_trans_f32), (70 bytes).
    Removing matrixfunctions.o(i.arm_mat_cmplx_trans_q15), (70 bytes).
    Removing matrixfunctions.o(i.arm_mat_cmplx_trans_q31), (70 bytes).
    Removing matrixfunctions.o(i.arm_mat_init_f32), (8 bytes).
    Removing matrixfunctions.o(i.arm_mat_init_q15), (8 bytes).
    Removing matrixfunctions.o(i.arm_mat_init_q31), (8 bytes).
    Removing matrixfunctions.o(i.arm_mat_inverse_f32), (512 bytes).
    Removing matrixfunctions.o(i.arm_mat_inverse_f64), (668 bytes).
    Removing matrixfunctions.o(i.arm_mat_ldlt_f32), (488 bytes).
    Removing matrixfunctions.o(i.arm_mat_ldlt_f64), (608 bytes).
    Removing matrixfunctions.o(i.arm_mat_mult_f32), (116 bytes).
    Removing matrixfunctions.o(i.arm_mat_mult_f64), (220 bytes).
    Removing matrixfunctions.o(i.arm_mat_mult_fast_q15), (802 bytes).
    Removing matrixfunctions.o(i.arm_mat_mult_fast_q31), (430 bytes).
    Removing matrixfunctions.o(i.arm_mat_mult_opt_q31), (138 bytes).
    Removing matrixfunctions.o(i.arm_mat_mult_q15), (220 bytes).
    Removing matrixfunctions.o(i.arm_mat_mult_q31), (138 bytes).
    Removing matrixfunctions.o(i.arm_mat_mult_q7), (128 bytes).
    Removing matrixfunctions.o(i.arm_mat_scale_f32), (34 bytes).
    Removing matrixfunctions.o(i.arm_mat_scale_q15), (48 bytes).
    Removing matrixfunctions.o(i.arm_mat_scale_q31), (58 bytes).
    Removing matrixfunctions.o(i.arm_mat_solve_lower_triangular_f32), (144 bytes).
    Removing matrixfunctions.o(i.arm_mat_solve_lower_triangular_f64), (216 bytes).
    Removing matrixfunctions.o(i.arm_mat_solve_upper_triangular_f32), (142 bytes).
    Removing matrixfunctions.o(i.arm_mat_solve_upper_triangular_f64), (212 bytes).
    Removing matrixfunctions.o(i.arm_mat_sub_f32), (42 bytes).
    Removing matrixfunctions.o(i.arm_mat_sub_f64), (70 bytes).
    Removing matrixfunctions.o(i.arm_mat_sub_q15), (42 bytes).
    Removing matrixfunctions.o(i.arm_mat_sub_q31), (36 bytes).
    Removing matrixfunctions.o(i.arm_mat_trans_f32), (52 bytes).
    Removing matrixfunctions.o(i.arm_mat_trans_f64), (74 bytes).
    Removing matrixfunctions.o(i.arm_mat_trans_q15), (52 bytes).
    Removing matrixfunctions.o(i.arm_mat_trans_q31), (52 bytes).
    Removing matrixfunctions.o(i.arm_mat_trans_q7), (54 bytes).
    Removing matrixfunctions.o(i.arm_mat_vec_mult_f32), (252 bytes).
    Removing matrixfunctions.o(i.arm_mat_vec_mult_q15), (588 bytes).
    Removing matrixfunctions.o(i.arm_mat_vec_mult_q31), (360 bytes).
    Removing matrixfunctions.o(i.arm_mat_vec_mult_q7), (610 bytes).
    Removing matrixfunctionsf16.o(.rev16_text), (4 bytes).
    Removing matrixfunctionsf16.o(.revsh_text), (4 bytes).
    Removing matrixfunctionsf16.o(.rrx_text), (6 bytes).
    Removing quaternionmathfunctions.o(.rev16_text), (4 bytes).
    Removing quaternionmathfunctions.o(.revsh_text), (4 bytes).
    Removing quaternionmathfunctions.o(.rrx_text), (6 bytes).
    Removing quaternionmathfunctions.o(i.arm_quaternion2rotation_f32), (204 bytes).
    Removing quaternionmathfunctions.o(i.arm_quaternion_conjugate_f32), (68 bytes).
    Removing quaternionmathfunctions.o(i.arm_quaternion_inverse_f32), (112 bytes).
    Removing quaternionmathfunctions.o(i.arm_quaternion_norm_f32), (74 bytes).
    Removing quaternionmathfunctions.o(i.arm_quaternion_normalize_f32), (112 bytes).
    Removing quaternionmathfunctions.o(i.arm_quaternion_product_f32), (36 bytes).
    Removing quaternionmathfunctions.o(i.arm_quaternion_product_single_f32), (210 bytes).
    Removing quaternionmathfunctions.o(i.arm_rotation2quaternion_f32), (466 bytes).
    Removing svmfunctions.o(.rev16_text), (4 bytes).
    Removing svmfunctions.o(.revsh_text), (4 bytes).
    Removing svmfunctions.o(.rrx_text), (6 bytes).
    Removing svmfunctions.o(i.arm_svm_linear_init_f32), (22 bytes).
    Removing svmfunctions.o(i.arm_svm_linear_predict_f32), (104 bytes).
    Removing svmfunctions.o(i.arm_svm_polynomial_init_f32), (28 bytes).
    Removing svmfunctions.o(i.arm_svm_polynomial_predict_f32), (136 bytes).
    Removing svmfunctions.o(i.arm_svm_rbf_init_f32), (28 bytes).
    Removing svmfunctions.o(i.arm_svm_rbf_predict_f32), (140 bytes).
    Removing svmfunctions.o(i.arm_svm_sigmoid_init_f32), (24 bytes).
    Removing svmfunctions.o(i.arm_svm_sigmoid_predict_f32), (140 bytes).
    Removing svmfunctionsf16.o(.rev16_text), (4 bytes).
    Removing svmfunctionsf16.o(.revsh_text), (4 bytes).
    Removing svmfunctionsf16.o(.rrx_text), (6 bytes).
    Removing statisticsfunctions.o(.rev16_text), (4 bytes).
    Removing statisticsfunctions.o(.revsh_text), (4 bytes).
    Removing statisticsfunctions.o(.rrx_text), (6 bytes).
    Removing statisticsfunctions.o(i.arm_absmax_f32), (54 bytes).
    Removing statisticsfunctions.o(i.arm_absmax_f64), (102 bytes).
    Removing statisticsfunctions.o(i.arm_absmax_no_idx_f32), (44 bytes).
    Removing statisticsfunctions.o(i.arm_absmax_no_idx_f64), (84 bytes).
    Removing statisticsfunctions.o(i.arm_absmax_no_idx_q15), (146 bytes).
    Removing statisticsfunctions.o(i.arm_absmax_no_idx_q31), (122 bytes).
    Removing statisticsfunctions.o(i.arm_absmax_no_idx_q7), (146 bytes).
    Removing statisticsfunctions.o(i.arm_absmax_q15), (182 bytes).
    Removing statisticsfunctions.o(i.arm_absmax_q31), (156 bytes).
    Removing statisticsfunctions.o(i.arm_absmax_q7), (182 bytes).
    Removing statisticsfunctions.o(i.arm_absmin_f32), (54 bytes).
    Removing statisticsfunctions.o(i.arm_absmin_f64), (102 bytes).
    Removing statisticsfunctions.o(i.arm_absmin_no_idx_f32), (44 bytes).
    Removing statisticsfunctions.o(i.arm_absmin_no_idx_f64), (84 bytes).
    Removing statisticsfunctions.o(i.arm_absmin_no_idx_q15), (146 bytes).
    Removing statisticsfunctions.o(i.arm_absmin_no_idx_q31), (122 bytes).
    Removing statisticsfunctions.o(i.arm_absmin_no_idx_q7), (146 bytes).
    Removing statisticsfunctions.o(i.arm_absmin_q15), (182 bytes).
    Removing statisticsfunctions.o(i.arm_absmin_q31), (156 bytes).
    Removing statisticsfunctions.o(i.arm_absmin_q7), (182 bytes).
    Removing statisticsfunctions.o(i.arm_entropy_f32), (52 bytes).
    Removing statisticsfunctions.o(i.arm_entropy_f64), (88 bytes).
    Removing statisticsfunctions.o(i.arm_kullback_leibler_f32), (60 bytes).
    Removing statisticsfunctions.o(i.arm_kullback_leibler_f64), (104 bytes).
    Removing statisticsfunctions.o(i.arm_logsumexp_dot_prod_f32), (26 bytes).
    Removing statisticsfunctions.o(i.arm_logsumexp_f32), (96 bytes).
    Removing statisticsfunctions.o(i.arm_max_f32), (46 bytes).
    Removing statisticsfunctions.o(i.arm_max_f64), (78 bytes).
    Removing statisticsfunctions.o(i.arm_max_no_idx_f32), (44 bytes).
    Removing statisticsfunctions.o(i.arm_max_no_idx_f64), (72 bytes).
    Removing statisticsfunctions.o(i.arm_max_no_idx_q15), (26 bytes).
    Removing statisticsfunctions.o(i.arm_max_no_idx_q31), (22 bytes).
    Removing statisticsfunctions.o(i.arm_max_no_idx_q7), (26 bytes).
    Removing statisticsfunctions.o(i.arm_max_q15), (36 bytes).
    Removing statisticsfunctions.o(i.arm_max_q31), (32 bytes).
    Removing statisticsfunctions.o(i.arm_max_q7), (36 bytes).
    Removing statisticsfunctions.o(i.arm_mean_f32), (44 bytes).
    Removing statisticsfunctions.o(i.arm_mean_f64), (96 bytes).
    Removing statisticsfunctions.o(i.arm_mean_q15), (28 bytes).
    Removing statisticsfunctions.o(i.arm_mean_q31), (42 bytes).
    Removing statisticsfunctions.o(i.arm_mean_q7), (28 bytes).
    Removing statisticsfunctions.o(i.arm_min_f32), (46 bytes).
    Removing statisticsfunctions.o(i.arm_min_f64), (78 bytes).
    Removing statisticsfunctions.o(i.arm_min_no_idx_f32), (44 bytes).
    Removing statisticsfunctions.o(i.arm_min_no_idx_f64), (72 bytes).
    Removing statisticsfunctions.o(i.arm_min_no_idx_q15), (26 bytes).
    Removing statisticsfunctions.o(i.arm_min_no_idx_q31), (22 bytes).
    Removing statisticsfunctions.o(i.arm_min_no_idx_q7), (26 bytes).
    Removing statisticsfunctions.o(i.arm_min_q15), (36 bytes).
    Removing statisticsfunctions.o(i.arm_min_q31), (32 bytes).
    Removing statisticsfunctions.o(i.arm_min_q7), (36 bytes).
    Removing statisticsfunctions.o(i.arm_mse_f32), (56 bytes).
    Removing statisticsfunctions.o(i.arm_mse_f64), (116 bytes).
    Removing statisticsfunctions.o(i.arm_mse_q15), (66 bytes).
    Removing statisticsfunctions.o(i.arm_mse_q31), (76 bytes).
    Removing statisticsfunctions.o(i.arm_mse_q7), (52 bytes).
    Removing statisticsfunctions.o(i.arm_power_f32), (32 bytes).
    Removing statisticsfunctions.o(i.arm_power_f64), (72 bytes).
    Removing statisticsfunctions.o(i.arm_power_q15), (28 bytes).
    Removing statisticsfunctions.o(i.arm_power_q31), (40 bytes).
    Removing statisticsfunctions.o(i.arm_power_q7), (26 bytes).
    Removing statisticsfunctions.o(i.arm_rms_f32), (68 bytes).
    Removing statisticsfunctions.o(i.arm_rms_q15), (58 bytes).
    Removing statisticsfunctions.o(i.arm_rms_q31), (64 bytes).
    Removing statisticsfunctions.o(i.arm_std_f32), (48 bytes).
    Removing statisticsfunctions.o(i.arm_std_f64), (24 bytes).
    Removing statisticsfunctions.o(i.arm_std_q15), (92 bytes).
    Removing statisticsfunctions.o(i.arm_std_q31), (118 bytes).
    Removing statisticsfunctions.o(i.arm_var_f32), (108 bytes).
    Removing statisticsfunctions.o(i.arm_var_f64), (216 bytes).
    Removing statisticsfunctions.o(i.arm_var_q15), (82 bytes).
    Removing statisticsfunctions.o(i.arm_var_q31), (114 bytes).
    Removing statisticsfunctionsf16.o(.rev16_text), (4 bytes).
    Removing statisticsfunctionsf16.o(.revsh_text), (4 bytes).
    Removing statisticsfunctionsf16.o(.rrx_text), (6 bytes).
    Removing supportfunctions.o(.rev16_text), (4 bytes).
    Removing supportfunctions.o(.revsh_text), (4 bytes).
    Removing supportfunctions.o(.rrx_text), (6 bytes).
    Removing supportfunctions.o(i.arm_barycenter_f32), (104 bytes).
    Removing supportfunctions.o(i.arm_bitonic_sort_core_f32), (136 bytes).
    Removing supportfunctions.o(i.arm_bitonic_sort_f32), (80 bytes).
    Removing supportfunctions.o(i.arm_bubble_sort_f32), (90 bytes).
    Removing supportfunctions.o(i.arm_copy_f32), (20 bytes).
    Removing supportfunctions.o(i.arm_copy_f64), (20 bytes).
    Removing supportfunctions.o(i.arm_copy_q15), (20 bytes).
    Removing supportfunctions.o(i.arm_copy_q31), (14 bytes).
    Removing supportfunctions.o(i.arm_copy_q7), (20 bytes).
    Removing supportfunctions.o(i.arm_fill_f32), (16 bytes).
    Removing supportfunctions.o(i.arm_fill_f64), (16 bytes).
    Removing supportfunctions.o(i.arm_fill_q15), (16 bytes).
    Removing supportfunctions.o(i.arm_fill_q31), (12 bytes).
    Removing supportfunctions.o(i.arm_fill_q7), (16 bytes).
    Removing supportfunctions.o(i.arm_float_to_q15), (44 bytes).
    Removing supportfunctions.o(i.arm_float_to_q31), (60 bytes).
    Removing supportfunctions.o(i.arm_float_to_q7), (44 bytes).
    Removing supportfunctions.o(i.arm_heap_sort_f32), (94 bytes).
    Removing supportfunctions.o(i.arm_heapify), (138 bytes).
    Removing supportfunctions.o(i.arm_insertion_sort_f32), (88 bytes).
    Removing supportfunctions.o(i.arm_merge_sort_core_f32), (156 bytes).
    Removing supportfunctions.o(i.arm_merge_sort_f32), (62 bytes).
    Removing supportfunctions.o(i.arm_merge_sort_init_f32), (6 bytes).
    Removing supportfunctions.o(i.arm_q15_to_float), (40 bytes).
    Removing supportfunctions.o(i.arm_q15_to_q31), (20 bytes).
    Removing supportfunctions.o(i.arm_q15_to_q7), (22 bytes).
    Removing supportfunctions.o(i.arm_q31_to_float), (36 bytes).
    Removing supportfunctions.o(i.arm_q31_to_q15), (18 bytes).
    Removing supportfunctions.o(i.arm_q31_to_q7), (18 bytes).
    Removing supportfunctions.o(i.arm_q7_to_float), (40 bytes).
    Removing supportfunctions.o(i.arm_q7_to_q15), (22 bytes).
    Removing supportfunctions.o(i.arm_q7_to_q31), (20 bytes).
    Removing supportfunctions.o(i.arm_quick_sort_core_f32), (178 bytes).
    Removing supportfunctions.o(i.arm_quick_sort_f32), (40 bytes).
    Removing supportfunctions.o(i.arm_selection_sort_f32), (122 bytes).
    Removing supportfunctions.o(i.arm_sort_f32), (58 bytes).
    Removing supportfunctions.o(i.arm_sort_init_f32), (6 bytes).
    Removing supportfunctions.o(i.arm_weighted_sum_f32), (44 bytes).
    Removing supportfunctionsf16.o(.rev16_text), (4 bytes).
    Removing supportfunctionsf16.o(.revsh_text), (4 bytes).
    Removing supportfunctionsf16.o(.rrx_text), (6 bytes).
    Removing transformfunctions.o(.rev16_text), (4 bytes).
    Removing transformfunctions.o(.revsh_text), (4 bytes).
    Removing transformfunctions.o(.rrx_text), (6 bytes).
    Removing transformfunctions.o(i.arm_bitreversal_16), (64 bytes).
    Removing transformfunctions.o(i.arm_bitreversal_32), (62 bytes).
    Removing transformfunctions.o(i.arm_bitreversal_64), (110 bytes).
    Removing transformfunctions.o(i.arm_bitreversal_f32), (174 bytes).
    Removing transformfunctions.o(i.arm_bitreversal_q15), (102 bytes).
    Removing transformfunctions.o(i.arm_bitreversal_q31), (174 bytes).
    Removing transformfunctions.o(i.arm_cfft_f32), (204 bytes).
    Removing transformfunctions.o(i.arm_cfft_f64), (256 bytes).
    Removing transformfunctions.o(i.arm_cfft_init_f32), (148 bytes).
    Removing transformfunctions.o(i.arm_cfft_init_f64), (148 bytes).
    Removing transformfunctions.o(i.arm_cfft_init_q15), (148 bytes).
    Removing transformfunctions.o(i.arm_cfft_init_q31), (148 bytes).
    Removing transformfunctions.o(i.arm_cfft_q15), (176 bytes).
    Removing transformfunctions.o(i.arm_cfft_q31), (176 bytes).
    Removing transformfunctions.o(i.arm_cfft_radix2_f32), (60 bytes).
    Removing transformfunctions.o(i.arm_cfft_radix2_init_f32), (268 bytes).
    Removing transformfunctions.o(i.arm_cfft_radix2_init_q15), (184 bytes).
    Removing transformfunctions.o(i.arm_cfft_radix2_init_q31), (184 bytes).
    Removing transformfunctions.o(i.arm_cfft_radix2_q15), (46 bytes).
    Removing transformfunctions.o(i.arm_cfft_radix2_q31), (46 bytes).
    Removing transformfunctions.o(i.arm_cfft_radix4_f32), (60 bytes).
    Removing transformfunctions.o(i.arm_cfft_radix4_init_f32), (176 bytes).
    Removing transformfunctions.o(i.arm_cfft_radix4_init_q15), (124 bytes).
    Removing transformfunctions.o(i.arm_cfft_radix4_init_q31), (124 bytes).
    Removing transformfunctions.o(i.arm_cfft_radix4_q15), (54 bytes).
    Removing transformfunctions.o(i.arm_cfft_radix4_q31), (54 bytes).
    Removing transformfunctions.o(i.arm_cfft_radix4by2_f64), (286 bytes).
    Removing transformfunctions.o(i.arm_cfft_radix4by2_inverse_q15), (186 bytes).
    Removing transformfunctions.o(i.arm_cfft_radix4by2_inverse_q31), (192 bytes).
    Removing transformfunctions.o(i.arm_cfft_radix4by2_q15), (186 bytes).
    Removing transformfunctions.o(i.arm_cfft_radix4by2_q31), (192 bytes).
    Removing transformfunctions.o(i.arm_cfft_radix8by2_f32), (402 bytes).
    Removing transformfunctions.o(i.arm_cfft_radix8by4_f32), (1114 bytes).
    Removing transformfunctions.o(i.arm_dct4_f32), (200 bytes).
    Removing transformfunctions.o(i.arm_dct4_init_f32), (132 bytes).
    Removing transformfunctions.o(i.arm_dct4_init_q15), (128 bytes).
    Removing transformfunctions.o(i.arm_dct4_init_q31), (128 bytes).
    Removing transformfunctions.o(i.arm_dct4_q15), (182 bytes).
    Removing transformfunctions.o(i.arm_dct4_q31), (170 bytes).
    Removing transformfunctions.o(i.arm_mfcc_f32), (244 bytes).
    Removing transformfunctions.o(i.arm_mfcc_init_f32), (34 bytes).
    Removing transformfunctions.o(i.arm_mfcc_init_q15), (36 bytes).
    Removing transformfunctions.o(i.arm_mfcc_init_q31), (36 bytes).
    Removing transformfunctions.o(i.arm_mfcc_q15), (324 bytes).
    Removing transformfunctions.o(i.arm_mfcc_q31), (296 bytes).
    Removing transformfunctions.o(i.arm_radix2_butterfly_f32), (318 bytes).
    Removing transformfunctions.o(i.arm_radix2_butterfly_inverse_f32), (326 bytes).
    Removing transformfunctions.o(i.arm_radix2_butterfly_inverse_q15), (614 bytes).
    Removing transformfunctions.o(i.arm_radix2_butterfly_inverse_q31), (450 bytes).
    Removing transformfunctions.o(i.arm_radix2_butterfly_q15), (654 bytes).
    Removing transformfunctions.o(i.arm_radix2_butterfly_q31), (444 bytes).
    Removing transformfunctions.o(i.arm_radix4_butterfly_f32), (318 bytes).
    Removing transformfunctions.o(i.arm_radix4_butterfly_f64), (770 bytes).
    Removing transformfunctions.o(i.arm_radix4_butterfly_inverse_f32), (536 bytes).
    Removing transformfunctions.o(i.arm_radix4_butterfly_inverse_q15), (850 bytes).
    Removing transformfunctions.o(i.arm_radix4_butterfly_inverse_q31), (958 bytes).
    Removing transformfunctions.o(i.arm_radix4_butterfly_q15), (850 bytes).
    Removing transformfunctions.o(i.arm_radix4_butterfly_q31), (968 bytes).
    Removing transformfunctions.o(i.arm_radix8_butterfly_f32), (1212 bytes).
    Removing transformfunctions.o(i.arm_rfft_1024_fast_init_f32), (44 bytes).
    Removing transformfunctions.o(i.arm_rfft_1024_fast_init_f64), (56 bytes).
    Removing transformfunctions.o(i.arm_rfft_128_fast_init_f32), (40 bytes).
    Removing transformfunctions.o(i.arm_rfft_128_fast_init_f64), (52 bytes).
    Removing transformfunctions.o(i.arm_rfft_2048_fast_init_f32), (44 bytes).
    Removing transformfunctions.o(i.arm_rfft_2048_fast_init_f64), (56 bytes).
    Removing transformfunctions.o(i.arm_rfft_256_fast_init_f32), (40 bytes).
    Removing transformfunctions.o(i.arm_rfft_256_fast_init_f64), (52 bytes).
    Removing transformfunctions.o(i.arm_rfft_32_fast_init_f32), (40 bytes).
    Removing transformfunctions.o(i.arm_rfft_32_fast_init_f64), (52 bytes).
    Removing transformfunctions.o(i.arm_rfft_4096_fast_init_f32), (44 bytes).
    Removing transformfunctions.o(i.arm_rfft_4096_fast_init_f64), (56 bytes).
    Removing transformfunctions.o(i.arm_rfft_512_fast_init_f32), (44 bytes).
    Removing transformfunctions.o(i.arm_rfft_512_fast_init_f64), (52 bytes).
    Removing transformfunctions.o(i.arm_rfft_64_fast_init_f32), (40 bytes).
    Removing transformfunctions.o(i.arm_rfft_64_fast_init_f64), (52 bytes).
    Removing transformfunctions.o(i.arm_rfft_f32), (126 bytes).
    Removing transformfunctions.o(i.arm_rfft_fast_f32), (54 bytes).
    Removing transformfunctions.o(i.arm_rfft_fast_f64), (68 bytes).
    Removing transformfunctions.o(i.arm_rfft_fast_init_f32), (120 bytes).
    Removing transformfunctions.o(i.arm_rfft_fast_init_f64), (120 bytes).
    Removing transformfunctions.o(i.arm_rfft_init_f32), (112 bytes).
    Removing transformfunctions.o(i.arm_rfft_init_q15), (188 bytes).
    Removing transformfunctions.o(i.arm_rfft_init_q31), (188 bytes).
    Removing transformfunctions.o(i.arm_rfft_q15), (100 bytes).
    Removing transformfunctions.o(i.arm_rfft_q31), (100 bytes).
    Removing transformfunctions.o(i.arm_split_rfft_f32), (200 bytes).
    Removing transformfunctions.o(i.arm_split_rfft_q15), (286 bytes).
    Removing transformfunctions.o(i.arm_split_rfft_q31), (244 bytes).
    Removing transformfunctions.o(i.arm_split_rifft_f32), (110 bytes).
    Removing transformfunctions.o(i.arm_split_rifft_q15), (158 bytes).
    Removing transformfunctions.o(i.arm_split_rifft_q31), (110 bytes).
    Removing transformfunctions.o(i.merge_rfft_f32), (160 bytes).
    Removing transformfunctions.o(i.merge_rfft_f64), (340 bytes).
    Removing transformfunctions.o(i.stage_rfft_f32), (166 bytes).
    Removing transformfunctions.o(i.stage_rfft_f64), (368 bytes).
    Removing transformfunctionsf16.o(.rev16_text), (4 bytes).
    Removing transformfunctionsf16.o(.revsh_text), (4 bytes).
    Removing transformfunctionsf16.o(.rrx_text), (6 bytes).
    Removing arm_nn_activations_q15.o(.rev16_text), (4 bytes).
    Removing arm_nn_activations_q15.o(.revsh_text), (4 bytes).
    Removing arm_nn_activations_q15.o(.rrx_text), (6 bytes).
    Removing arm_nn_activations_q15.o(i.arm_nn_activations_direct_q15), (108 bytes).
    Removing arm_nn_activations_q7.o(.rev16_text), (4 bytes).
    Removing arm_nn_activations_q7.o(.revsh_text), (4 bytes).
    Removing arm_nn_activations_q7.o(.rrx_text), (6 bytes).
    Removing arm_nn_activations_q7.o(i.arm_nn_activations_direct_q7), (52 bytes).
    Removing arm_relu6_s8.o(.rev16_text), (4 bytes).
    Removing arm_relu6_s8.o(.revsh_text), (4 bytes).
    Removing arm_relu6_s8.o(.rrx_text), (6 bytes).
    Removing arm_relu6_s8.o(i.arm_relu6_s8), (30 bytes).
    Removing arm_relu_q15.o(.rev16_text), (4 bytes).
    Removing arm_relu_q15.o(.revsh_text), (4 bytes).
    Removing arm_relu_q15.o(.rrx_text), (6 bytes).
    Removing arm_relu_q15.o(i.arm_relu_q15), (58 bytes).
    Removing arm_relu_q7.o(.rev16_text), (4 bytes).
    Removing arm_relu_q7.o(.revsh_text), (4 bytes).
    Removing arm_relu_q7.o(.rrx_text), (6 bytes).
    Removing arm_relu_q7.o(i.arm_relu_q7), (70 bytes).
    Removing arm_elementwise_add_s16.o(.rev16_text), (4 bytes).
    Removing arm_elementwise_add_s16.o(.revsh_text), (4 bytes).
    Removing arm_elementwise_add_s16.o(.rrx_text), (6 bytes).
    Removing arm_elementwise_add_s16.o(i.arm_elementwise_add_s16), (326 bytes).
    Removing arm_elementwise_add_s8.o(.rev16_text), (4 bytes).
    Removing arm_elementwise_add_s8.o(.revsh_text), (4 bytes).
    Removing arm_elementwise_add_s8.o(.rrx_text), (6 bytes).
    Removing arm_elementwise_add_s8.o(i.arm_elementwise_add_s8), (1672 bytes).
    Removing arm_elementwise_mul_s16.o(.rev16_text), (4 bytes).
    Removing arm_elementwise_mul_s16.o(.revsh_text), (4 bytes).
    Removing arm_elementwise_mul_s16.o(.rrx_text), (6 bytes).
    Removing arm_elementwise_mul_s16.o(i.arm_elementwise_mul_s16), (148 bytes).
    Removing arm_elementwise_mul_s8.o(.rev16_text), (4 bytes).
    Removing arm_elementwise_mul_s8.o(.revsh_text), (4 bytes).
    Removing arm_elementwise_mul_s8.o(.rrx_text), (6 bytes).
    Removing arm_elementwise_mul_s8.o(i.arm_elementwise_mul_s8), (742 bytes).
    Removing arm_concatenation_s8_w.o(.rev16_text), (4 bytes).
    Removing arm_concatenation_s8_w.o(.revsh_text), (4 bytes).
    Removing arm_concatenation_s8_w.o(.rrx_text), (6 bytes).
    Removing arm_concatenation_s8_w.o(i.arm_concatenation_s8_w), (30 bytes).
    Removing arm_concatenation_s8_x.o(.rev16_text), (4 bytes).
    Removing arm_concatenation_s8_x.o(.revsh_text), (4 bytes).
    Removing arm_concatenation_s8_x.o(.rrx_text), (6 bytes).
    Removing arm_concatenation_s8_x.o(i.arm_concatenation_s8_x), (52 bytes).
    Removing arm_concatenation_s8_y.o(.rev16_text), (4 bytes).
    Removing arm_concatenation_s8_y.o(.revsh_text), (4 bytes).
    Removing arm_concatenation_s8_y.o(.rrx_text), (6 bytes).
    Removing arm_concatenation_s8_y.o(i.arm_concatenation_s8_y), (58 bytes).
    Removing arm_concatenation_s8_z.o(.rev16_text), (4 bytes).
    Removing arm_concatenation_s8_z.o(.revsh_text), (4 bytes).
    Removing arm_concatenation_s8_z.o(.rrx_text), (6 bytes).
    Removing arm_concatenation_s8_z.o(i.arm_concatenation_s8_z), (56 bytes).
    Removing arm_convolve_1_x_n_s8.o(.rev16_text), (4 bytes).
    Removing arm_convolve_1_x_n_s8.o(.revsh_text), (4 bytes).
    Removing arm_convolve_1_x_n_s8.o(.rrx_text), (6 bytes).
    Removing arm_convolve_1_x_n_s8.o(i.arm_convolve_1_x_n_s8), (70 bytes).
    Removing arm_convolve_1_x_n_s8.o(i.arm_convolve_1_x_n_s8_get_buffer_size), (16 bytes).
    Removing arm_convolve_1x1_hwc_q7_fast_nonsquare.o(.rev16_text), (4 bytes).
    Removing arm_convolve_1x1_hwc_q7_fast_nonsquare.o(.revsh_text), (4 bytes).
    Removing arm_convolve_1x1_hwc_q7_fast_nonsquare.o(.rrx_text), (6 bytes).
    Removing arm_convolve_1x1_hwc_q7_fast_nonsquare.o(i.arm_convolve_1x1_HWC_q7_fast_nonsquare), (318 bytes).
    Removing arm_convolve_1x1_s8_fast.o(.rev16_text), (4 bytes).
    Removing arm_convolve_1x1_s8_fast.o(.revsh_text), (4 bytes).
    Removing arm_convolve_1x1_s8_fast.o(.rrx_text), (6 bytes).
    Removing arm_convolve_1x1_s8_fast.o(i.arm_convolve_1x1_s8_fast), (118 bytes).
    Removing arm_convolve_1x1_s8_fast.o(i.arm_convolve_1x1_s8_fast_get_buffer_size), (4 bytes).
    Removing arm_convolve_hwc_q15_basic.o(.rev16_text), (4 bytes).
    Removing arm_convolve_hwc_q15_basic.o(.revsh_text), (4 bytes).
    Removing arm_convolve_hwc_q15_basic.o(.rrx_text), (6 bytes).
    Removing arm_convolve_hwc_q15_basic.o(i.arm_convolve_HWC_q15_basic), (316 bytes).
    Removing arm_convolve_hwc_q15_fast.o(.rev16_text), (4 bytes).
    Removing arm_convolve_hwc_q15_fast.o(.revsh_text), (4 bytes).
    Removing arm_convolve_hwc_q15_fast.o(.rrx_text), (6 bytes).
    Removing arm_convolve_hwc_q15_fast.o(i.arm_convolve_HWC_q15_fast), (538 bytes).
    Removing arm_convolve_hwc_q15_fast_nonsquare.o(.rev16_text), (4 bytes).
    Removing arm_convolve_hwc_q15_fast_nonsquare.o(.revsh_text), (4 bytes).
    Removing arm_convolve_hwc_q15_fast_nonsquare.o(.rrx_text), (6 bytes).
    Removing arm_convolve_hwc_q15_fast_nonsquare.o(i.arm_convolve_HWC_q15_fast_nonsquare), (534 bytes).
    Removing arm_convolve_hwc_q7_rgb.o(.rev16_text), (4 bytes).
    Removing arm_convolve_hwc_q7_rgb.o(.revsh_text), (4 bytes).
    Removing arm_convolve_hwc_q7_rgb.o(.rrx_text), (6 bytes).
    Removing arm_convolve_hwc_q7_rgb.o(i.arm_convolve_HWC_q7_RGB), (398 bytes).
    Removing arm_convolve_hwc_q7_basic.o(.rev16_text), (4 bytes).
    Removing arm_convolve_hwc_q7_basic.o(.revsh_text), (4 bytes).
    Removing arm_convolve_hwc_q7_basic.o(.rrx_text), (6 bytes).
    Removing arm_convolve_hwc_q7_basic.o(i.arm_convolve_HWC_q7_basic), (370 bytes).
    Removing arm_convolve_hwc_q7_basic_nonsquare.o(.rev16_text), (4 bytes).
    Removing arm_convolve_hwc_q7_basic_nonsquare.o(.revsh_text), (4 bytes).
    Removing arm_convolve_hwc_q7_basic_nonsquare.o(.rrx_text), (6 bytes).
    Removing arm_convolve_hwc_q7_basic_nonsquare.o(i.arm_convolve_HWC_q7_basic_nonsquare), (366 bytes).
    Removing arm_convolve_hwc_q7_fast.o(.rev16_text), (4 bytes).
    Removing arm_convolve_hwc_q7_fast.o(.revsh_text), (4 bytes).
    Removing arm_convolve_hwc_q7_fast.o(.rrx_text), (6 bytes).
    Removing arm_convolve_hwc_q7_fast.o(i.arm_convolve_HWC_q7_fast), (990 bytes).
    Removing arm_convolve_hwc_q7_fast_nonsquare.o(.rev16_text), (4 bytes).
    Removing arm_convolve_hwc_q7_fast_nonsquare.o(.revsh_text), (4 bytes).
    Removing arm_convolve_hwc_q7_fast_nonsquare.o(.rrx_text), (6 bytes).
    Removing arm_convolve_hwc_q7_fast_nonsquare.o(i.arm_convolve_HWC_q7_fast_nonsquare), (1054 bytes).
    Removing arm_convolve_fast_s16.o(.rev16_text), (4 bytes).
    Removing arm_convolve_fast_s16.o(.revsh_text), (4 bytes).
    Removing arm_convolve_fast_s16.o(.rrx_text), (6 bytes).
    Removing arm_convolve_fast_s16.o(i.arm_convolve_fast_s16), (740 bytes).
    Removing arm_convolve_fast_s16.o(i.arm_convolve_fast_s16_get_buffer_size), (16 bytes).
    Removing arm_convolve_s16.o(.rev16_text), (4 bytes).
    Removing arm_convolve_s16.o(.revsh_text), (4 bytes).
    Removing arm_convolve_s16.o(.rrx_text), (6 bytes).
    Removing arm_convolve_s16.o(i.arm_convolve_s16), (556 bytes).
    Removing arm_convolve_s16.o(i.arm_convolve_s16_get_buffer_size), (4 bytes).
    Removing arm_convolve_s8.o(.rev16_text), (4 bytes).
    Removing arm_convolve_s8.o(.revsh_text), (4 bytes).
    Removing arm_convolve_s8.o(.rrx_text), (6 bytes).
    Removing arm_convolve_s8.o(i.arm_convolve_s8), (708 bytes).
    Removing arm_convolve_s8.o(i.arm_convolve_s8_get_buffer_size), (16 bytes).
    Removing arm_convolve_wrapper_s16.o(.rev16_text), (4 bytes).
    Removing arm_convolve_wrapper_s16.o(.revsh_text), (4 bytes).
    Removing arm_convolve_wrapper_s16.o(.rrx_text), (6 bytes).
    Removing arm_convolve_wrapper_s16.o(i.arm_convolve_wrapper_s16), (120 bytes).
    Removing arm_convolve_wrapper_s16.o(i.arm_convolve_wrapper_s16_get_buffer_size), (52 bytes).
    Removing arm_convolve_wrapper_s8.o(.rev16_text), (4 bytes).
    Removing arm_convolve_wrapper_s8.o(.revsh_text), (4 bytes).
    Removing arm_convolve_wrapper_s8.o(.rrx_text), (6 bytes).
    Removing arm_convolve_wrapper_s8.o(i.arm_convolve_wrapper_s8), (270 bytes).
    Removing arm_convolve_wrapper_s8.o(i.arm_convolve_wrapper_s8_get_buffer_size), (126 bytes).
    Removing arm_depthwise_conv_3x3_s8.o(.rev16_text), (4 bytes).
    Removing arm_depthwise_conv_3x3_s8.o(.revsh_text), (4 bytes).
    Removing arm_depthwise_conv_3x3_s8.o(.rrx_text), (6 bytes).
    Removing arm_depthwise_conv_3x3_s8.o(i.arm_depthwise_conv_3x3_s8), (1414 bytes).
    Removing arm_depthwise_conv_s16.o(.rev16_text), (4 bytes).
    Removing arm_depthwise_conv_s16.o(.revsh_text), (4 bytes).
    Removing arm_depthwise_conv_s16.o(.rrx_text), (6 bytes).
    Removing arm_depthwise_conv_s16.o(i.arm_depthwise_conv_s16), (144 bytes).
    Removing arm_depthwise_conv_s16.o(i.depthwise_conv_s16_generic_s16), (520 bytes).
    Removing arm_depthwise_conv_s8.o(.rev16_text), (4 bytes).
    Removing arm_depthwise_conv_s8.o(.revsh_text), (4 bytes).
    Removing arm_depthwise_conv_s8.o(.rrx_text), (6 bytes).
    Removing arm_depthwise_conv_s8.o(i.arm_depthwise_conv_s8), (312 bytes).
    Removing arm_depthwise_conv_s8.o(i.depthwise_conv_s8_generic), (544 bytes).
    Removing arm_depthwise_conv_s8.o(i.depthwise_conv_s8_mult_4), (924 bytes).
    Removing arm_depthwise_conv_s8_opt.o(.rev16_text), (4 bytes).
    Removing arm_depthwise_conv_s8_opt.o(.revsh_text), (4 bytes).
    Removing arm_depthwise_conv_s8_opt.o(.rrx_text), (6 bytes).
    Removing arm_depthwise_conv_s8_opt.o(i.arm_depthwise_conv_s8_opt), (1374 bytes).
    Removing arm_depthwise_conv_s8_opt.o(i.arm_depthwise_conv_s8_opt_get_buffer_size), (14 bytes).
    Removing arm_depthwise_conv_u8_basic_ver1.o(.rev16_text), (4 bytes).
    Removing arm_depthwise_conv_u8_basic_ver1.o(.revsh_text), (4 bytes).
    Removing arm_depthwise_conv_u8_basic_ver1.o(.rrx_text), (6 bytes).
    Removing arm_depthwise_conv_u8_basic_ver1.o(i.arm_depthwise_conv_u8_basic_ver1), (130 bytes).
    Removing arm_depthwise_conv_u8_basic_ver1.o(i.depthwise_conv_u8_generic), (390 bytes).
    Removing arm_depthwise_conv_u8_basic_ver1.o(i.depthwise_conv_u8_mult_4), (906 bytes).
    Removing arm_depthwise_conv_wrapper_s8.o(.rev16_text), (4 bytes).
    Removing arm_depthwise_conv_wrapper_s8.o(.revsh_text), (4 bytes).
    Removing arm_depthwise_conv_wrapper_s8.o(.rrx_text), (6 bytes).
    Removing arm_depthwise_conv_wrapper_s8.o(i.arm_depthwise_conv_wrapper_s8), (188 bytes).
    Removing arm_depthwise_conv_wrapper_s8.o(i.arm_depthwise_conv_wrapper_s8_get_buffer_size), (46 bytes).
    Removing arm_depthwise_separable_conv_hwc_q7.o(.rev16_text), (4 bytes).
    Removing arm_depthwise_separable_conv_hwc_q7.o(.revsh_text), (4 bytes).
    Removing arm_depthwise_separable_conv_hwc_q7.o(.rrx_text), (6 bytes).
    Removing arm_depthwise_separable_conv_hwc_q7.o(i.arm_depthwise_separable_conv_HWC_q7), (644 bytes).
    Removing arm_depthwise_separable_conv_hwc_q7_nonsquare.o(.rev16_text), (4 bytes).
    Removing arm_depthwise_separable_conv_hwc_q7_nonsquare.o(.revsh_text), (4 bytes).
    Removing arm_depthwise_separable_conv_hwc_q7_nonsquare.o(.rrx_text), (6 bytes).
    Removing arm_depthwise_separable_conv_hwc_q7_nonsquare.o(i.arm_depthwise_separable_conv_HWC_q7_nonsquare), (654 bytes).
    Removing arm_nn_depthwise_conv_s8_core.o(.rev16_text), (4 bytes).
    Removing arm_nn_depthwise_conv_s8_core.o(.revsh_text), (4 bytes).
    Removing arm_nn_depthwise_conv_s8_core.o(.rrx_text), (6 bytes).
    Removing arm_nn_depthwise_conv_s8_core.o(i.arm_nn_depthwise_conv_s8_core), (4 bytes).
    Removing arm_nn_mat_mult_kernel_q7_q15.o(.rev16_text), (4 bytes).
    Removing arm_nn_mat_mult_kernel_q7_q15.o(.revsh_text), (4 bytes).
    Removing arm_nn_mat_mult_kernel_q7_q15.o(.rrx_text), (6 bytes).
    Removing arm_nn_mat_mult_kernel_q7_q15.o(i.arm_nn_mat_mult_kernel_q7_q15), (582 bytes).
    Removing arm_nn_mat_mult_kernel_q7_q15_reordered.o(.rev16_text), (4 bytes).
    Removing arm_nn_mat_mult_kernel_q7_q15_reordered.o(.revsh_text), (4 bytes).
    Removing arm_nn_mat_mult_kernel_q7_q15_reordered.o(.rrx_text), (6 bytes).
    Removing arm_nn_mat_mult_kernel_q7_q15_reordered.o(i.arm_nn_mat_mult_kernel_q7_q15_reordered), (356 bytes).
    Removing arm_nn_mat_mult_kernel_s8_s16.o(.rev16_text), (4 bytes).
    Removing arm_nn_mat_mult_kernel_s8_s16.o(.revsh_text), (4 bytes).
    Removing arm_nn_mat_mult_kernel_s8_s16.o(.rrx_text), (6 bytes).
    Removing arm_nn_mat_mult_kernel_s8_s16.o(i.arm_nn_mat_mult_kernel_s8_s16), (1202 bytes).
    Removing arm_nn_mat_mult_s8.o(.rev16_text), (4 bytes).
    Removing arm_nn_mat_mult_s8.o(.revsh_text), (4 bytes).
    Removing arm_nn_mat_mult_s8.o(.rrx_text), (6 bytes).
    Removing arm_nn_mat_mult_s8.o(i.arm_nn_mat_mult_s8), (4 bytes).
    Removing arm_fully_connected_mat_q7_vec_q15.o(.rev16_text), (4 bytes).
    Removing arm_fully_connected_mat_q7_vec_q15.o(.revsh_text), (4 bytes).
    Removing arm_fully_connected_mat_q7_vec_q15.o(.rrx_text), (6 bytes).
    Removing arm_fully_connected_mat_q7_vec_q15.o(i.arm_fully_connected_mat_q7_vec_q15), (386 bytes).
    Removing arm_fully_connected_mat_q7_vec_q15_opt.o(.rev16_text), (4 bytes).
    Removing arm_fully_connected_mat_q7_vec_q15_opt.o(.revsh_text), (4 bytes).
    Removing arm_fully_connected_mat_q7_vec_q15_opt.o(.rrx_text), (6 bytes).
    Removing arm_fully_connected_mat_q7_vec_q15_opt.o(i.arm_fully_connected_mat_q7_vec_q15_opt), (454 bytes).
    Removing arm_fully_connected_q15.o(.rev16_text), (4 bytes).
    Removing arm_fully_connected_q15.o(.revsh_text), (4 bytes).
    Removing arm_fully_connected_q15.o(.rrx_text), (6 bytes).
    Removing arm_fully_connected_q15.o(i.arm_fully_connected_q15), (318 bytes).
    Removing arm_fully_connected_q15_opt.o(.rev16_text), (4 bytes).
    Removing arm_fully_connected_q15_opt.o(.revsh_text), (4 bytes).
    Removing arm_fully_connected_q15_opt.o(.rrx_text), (6 bytes).
    Removing arm_fully_connected_q15_opt.o(i.arm_fully_connected_q15_opt), (418 bytes).
    Removing arm_fully_connected_q7.o(.rev16_text), (4 bytes).
    Removing arm_fully_connected_q7.o(.revsh_text), (4 bytes).
    Removing arm_fully_connected_q7.o(.rrx_text), (6 bytes).
    Removing arm_fully_connected_q7.o(i.arm_fully_connected_q7), (368 bytes).
    Removing arm_fully_connected_q7_opt.o(.rev16_text), (4 bytes).
    Removing arm_fully_connected_q7_opt.o(.revsh_text), (4 bytes).
    Removing arm_fully_connected_q7_opt.o(.rrx_text), (6 bytes).
    Removing arm_fully_connected_q7_opt.o(i.arm_fully_connected_q7_opt), (470 bytes).
    Removing arm_fully_connected_s16.o(.rev16_text), (4 bytes).
    Removing arm_fully_connected_s16.o(.revsh_text), (4 bytes).
    Removing arm_fully_connected_s16.o(.rrx_text), (6 bytes).
    Removing arm_fully_connected_s16.o(i.arm_fully_connected_s16), (120 bytes).
    Removing arm_fully_connected_s16.o(i.arm_fully_connected_s16_get_buffer_size), (4 bytes).
    Removing arm_fully_connected_s8.o(.rev16_text), (4 bytes).
    Removing arm_fully_connected_s8.o(.revsh_text), (4 bytes).
    Removing arm_fully_connected_s8.o(.rrx_text), (6 bytes).
    Removing arm_fully_connected_s8.o(i.arm_fully_connected_s8), (110 bytes).
    Removing arm_fully_connected_s8.o(i.arm_fully_connected_s8_get_buffer_size), (4 bytes).
    Removing arm_nn_accumulate_q7_to_q15.o(.rev16_text), (4 bytes).
    Removing arm_nn_accumulate_q7_to_q15.o(.revsh_text), (4 bytes).
    Removing arm_nn_accumulate_q7_to_q15.o(.rrx_text), (6 bytes).
    Removing arm_nn_accumulate_q7_to_q15.o(i.arm_nn_accumulate_q7_to_q15), (80 bytes).
    Removing arm_nn_add_q7.o(.rev16_text), (4 bytes).
    Removing arm_nn_add_q7.o(.revsh_text), (4 bytes).
    Removing arm_nn_add_q7.o(.rrx_text), (6 bytes).
    Removing arm_nn_add_q7.o(i.arm_nn_add_q7), (56 bytes).
    Removing arm_nn_depthwise_conv_nt_t_padded_s8.o(.rev16_text), (4 bytes).
    Removing arm_nn_depthwise_conv_nt_t_padded_s8.o(.revsh_text), (4 bytes).
    Removing arm_nn_depthwise_conv_nt_t_padded_s8.o(.rrx_text), (6 bytes).
    Removing arm_nn_depthwise_conv_nt_t_padded_s8.o(i.arm_nn_depthwise_conv_nt_t_padded_s8), (4 bytes).
    Removing arm_nn_depthwise_conv_nt_t_s8.o(.rev16_text), (4 bytes).
    Removing arm_nn_depthwise_conv_nt_t_s8.o(.revsh_text), (4 bytes).
    Removing arm_nn_depthwise_conv_nt_t_s8.o(.rrx_text), (6 bytes).
    Removing arm_nn_depthwise_conv_nt_t_s8.o(i.arm_nn_depthwise_conv_nt_t_s8), (4 bytes).
    Removing arm_nn_mat_mul_core_1x_s8.o(.rev16_text), (4 bytes).
    Removing arm_nn_mat_mul_core_1x_s8.o(.revsh_text), (4 bytes).
    Removing arm_nn_mat_mul_core_1x_s8.o(.rrx_text), (6 bytes).
    Removing arm_nn_mat_mul_core_1x_s8.o(i.arm_nn_mat_mul_core_1x_s8), (44 bytes).
    Removing arm_nn_mat_mul_core_4x_s8.o(.rev16_text), (4 bytes).
    Removing arm_nn_mat_mul_core_4x_s8.o(.revsh_text), (4 bytes).
    Removing arm_nn_mat_mul_core_4x_s8.o(.rrx_text), (6 bytes).
    Removing arm_nn_mat_mul_core_4x_s8.o(i.arm_nn_mat_mul_core_4x_s8), (4 bytes).
    Removing arm_nn_mat_mul_kernel_s16.o(.rev16_text), (4 bytes).
    Removing arm_nn_mat_mul_kernel_s16.o(.revsh_text), (4 bytes).
    Removing arm_nn_mat_mul_kernel_s16.o(.rrx_text), (6 bytes).
    Removing arm_nn_mat_mul_kernel_s16.o(i.arm_nn_mat_mult_kernel_s16), (1488 bytes).
    Removing arm_nn_mat_mult_nt_t_s8.o(.rev16_text), (4 bytes).
    Removing arm_nn_mat_mult_nt_t_s8.o(.revsh_text), (4 bytes).
    Removing arm_nn_mat_mult_nt_t_s8.o(.rrx_text), (6 bytes).
    Removing arm_nn_mat_mult_nt_t_s8.o(i.arm_nn_mat_mult_nt_t_s8), (1952 bytes).
    Removing arm_nn_mult_q15.o(.rev16_text), (4 bytes).
    Removing arm_nn_mult_q15.o(.revsh_text), (4 bytes).
    Removing arm_nn_mult_q15.o(.rrx_text), (6 bytes).
    Removing arm_nn_mult_q15.o(i.arm_nn_mult_q15), (46 bytes).
    Removing arm_nn_mult_q7.o(.rev16_text), (4 bytes).
    Removing arm_nn_mult_q7.o(.revsh_text), (4 bytes).
    Removing arm_nn_mult_q7.o(.rrx_text), (6 bytes).
    Removing arm_nn_mult_q7.o(i.arm_nn_mult_q7), (48 bytes).
    Removing arm_nn_vec_mat_mult_t_s16.o(.rev16_text), (4 bytes).
    Removing arm_nn_vec_mat_mult_t_s16.o(.revsh_text), (4 bytes).
    Removing arm_nn_vec_mat_mult_t_s16.o(.rrx_text), (6 bytes).
    Removing arm_nn_vec_mat_mult_t_s16.o(i.arm_nn_vec_mat_mult_t_s16), (564 bytes).
    Removing arm_nn_vec_mat_mult_t_s8.o(.rev16_text), (4 bytes).
    Removing arm_nn_vec_mat_mult_t_s8.o(.revsh_text), (4 bytes).
    Removing arm_nn_vec_mat_mult_t_s8.o(.rrx_text), (6 bytes).
    Removing arm_nn_vec_mat_mult_t_s8.o(i.arm_nn_vec_mat_mult_t_s8), (632 bytes).
    Removing arm_nn_vec_mat_mult_t_svdf_s8.o(.rev16_text), (4 bytes).
    Removing arm_nn_vec_mat_mult_t_svdf_s8.o(.revsh_text), (4 bytes).
    Removing arm_nn_vec_mat_mult_t_svdf_s8.o(.rrx_text), (6 bytes).
    Removing arm_nn_vec_mat_mult_t_svdf_s8.o(i.arm_nn_vec_mat_mult_t_svdf_s8), (648 bytes).
    Removing arm_nntables.o(.rev16_text), (4 bytes).
    Removing arm_nntables.o(.revsh_text), (4 bytes).
    Removing arm_nntables.o(.rrx_text), (6 bytes).
    Removing arm_nntables.o(.constdata), (256 bytes).
    Removing arm_nntables.o(.constdata), (512 bytes).
    Removing arm_nntables.o(.constdata), (256 bytes).
    Removing arm_nntables.o(.constdata), (384 bytes).
    Removing arm_nntables.o(.constdata), (256 bytes).
    Removing arm_nntables.o(.constdata), (512 bytes).
    Removing arm_nntables.o(.constdata), (256 bytes).
    Removing arm_nntables.o(.constdata), (384 bytes).
    Removing arm_q7_to_q15_no_shift.o(.rev16_text), (4 bytes).
    Removing arm_q7_to_q15_no_shift.o(.revsh_text), (4 bytes).
    Removing arm_q7_to_q15_no_shift.o(.rrx_text), (6 bytes).
    Removing arm_q7_to_q15_no_shift.o(i.arm_q7_to_q15_no_shift), (64 bytes).
    Removing arm_q7_to_q15_reordered_no_shift.o(.rev16_text), (4 bytes).
    Removing arm_q7_to_q15_reordered_no_shift.o(.revsh_text), (4 bytes).
    Removing arm_q7_to_q15_reordered_no_shift.o(.rrx_text), (6 bytes).
    Removing arm_q7_to_q15_reordered_no_shift.o(i.arm_q7_to_q15_reordered_no_shift), (56 bytes).
    Removing arm_q7_to_q15_reordered_with_offset.o(.rev16_text), (4 bytes).
    Removing arm_q7_to_q15_reordered_with_offset.o(.revsh_text), (4 bytes).
    Removing arm_q7_to_q15_reordered_with_offset.o(.rrx_text), (6 bytes).
    Removing arm_q7_to_q15_reordered_with_offset.o(i.arm_q7_to_q15_reordered_with_offset), (62 bytes).
    Removing arm_q7_to_q15_with_offset.o(.rev16_text), (4 bytes).
    Removing arm_q7_to_q15_with_offset.o(.revsh_text), (4 bytes).
    Removing arm_q7_to_q15_with_offset.o(.rrx_text), (6 bytes).
    Removing arm_q7_to_q15_with_offset.o(i.arm_q7_to_q15_with_offset), (70 bytes).
    Removing arm_avgpool_s16.o(.rev16_text), (4 bytes).
    Removing arm_avgpool_s16.o(.revsh_text), (4 bytes).
    Removing arm_avgpool_s16.o(.rrx_text), (6 bytes).
    Removing arm_avgpool_s16.o(i.arm_avgpool_s16), (306 bytes).
    Removing arm_avgpool_s16.o(i.arm_avgpool_s16_get_buffer_size), (4 bytes).
    Removing arm_avgpool_s8.o(.rev16_text), (4 bytes).
    Removing arm_avgpool_s8.o(.revsh_text), (4 bytes).
    Removing arm_avgpool_s8.o(.rrx_text), (6 bytes).
    Removing arm_avgpool_s8.o(i.arm_avgpool_s8), (358 bytes).
    Removing arm_avgpool_s8.o(i.arm_avgpool_s8_get_buffer_size), (4 bytes).
    Removing arm_max_pool_s16.o(.rev16_text), (4 bytes).
    Removing arm_max_pool_s16.o(.revsh_text), (4 bytes).
    Removing arm_max_pool_s16.o(.rrx_text), (6 bytes).
    Removing arm_max_pool_s16.o(i.arm_max_pool_s16), (430 bytes).
    Removing arm_max_pool_s8.o(.rev16_text), (4 bytes).
    Removing arm_max_pool_s8.o(.revsh_text), (4 bytes).
    Removing arm_max_pool_s8.o(.rrx_text), (6 bytes).
    Removing arm_max_pool_s8.o(i.arm_max_pool_s8), (266 bytes).
    Removing arm_max_pool_s8.o(i.clamp_output), (152 bytes).
    Removing arm_max_pool_s8.o(i.compare_and_replace_if_larger_q7), (110 bytes).
    Removing arm_pool_q7_hwc.o(.rev16_text), (4 bytes).
    Removing arm_pool_q7_hwc.o(.revsh_text), (4 bytes).
    Removing arm_pool_q7_hwc.o(.rrx_text), (6 bytes).
    Removing arm_pool_q7_hwc.o(i.accumulate_q7_to_q15), (84 bytes).
    Removing arm_pool_q7_hwc.o(i.arm_avepool_q7_HWC), (332 bytes).
    Removing arm_pool_q7_hwc.o(i.arm_maxpool_q7_HWC), (266 bytes).
    Removing arm_pool_q7_hwc.o(i.buffer_scale_back_q15_to_q7), (26 bytes).
    Removing arm_pool_q7_hwc.o(i.compare_and_replace_if_larger_q7), (116 bytes).
    Removing arm_reshape_s8.o(.rev16_text), (4 bytes).
    Removing arm_reshape_s8.o(.revsh_text), (4 bytes).
    Removing arm_reshape_s8.o(.rrx_text), (6 bytes).
    Removing arm_reshape_s8.o(i.arm_reshape_s8), (10 bytes).
    Removing arm_svdf_s8.o(.rev16_text), (4 bytes).
    Removing arm_svdf_s8.o(.revsh_text), (4 bytes).
    Removing arm_svdf_s8.o(.rrx_text), (6 bytes).
    Removing arm_svdf_s8.o(i.arm_svdf_s8), (952 bytes).
    Removing arm_svdf_state_s16_s8.o(.rev16_text), (4 bytes).
    Removing arm_svdf_state_s16_s8.o(.revsh_text), (4 bytes).
    Removing arm_svdf_state_s16_s8.o(.rrx_text), (6 bytes).
    Removing arm_svdf_state_s16_s8.o(i.arm_svdf_state_s16_s8), (912 bytes).
    Removing arm_softmax_q15.o(.rev16_text), (4 bytes).
    Removing arm_softmax_q15.o(.revsh_text), (4 bytes).
    Removing arm_softmax_q15.o(.rrx_text), (6 bytes).
    Removing arm_softmax_q15.o(i.arm_softmax_q15), (140 bytes).
    Removing arm_softmax_q7.o(.rev16_text), (4 bytes).
    Removing arm_softmax_q7.o(.revsh_text), (4 bytes).
    Removing arm_softmax_q7.o(.rrx_text), (6 bytes).
    Removing arm_softmax_q7.o(i.arm_softmax_q7), (100 bytes).
    Removing arm_softmax_s16.o(.rev16_text), (4 bytes).
    Removing arm_softmax_s16.o(.revsh_text), (4 bytes).
    Removing arm_softmax_s16.o(.rrx_text), (6 bytes).
    Removing arm_softmax_s16.o(i.arm_softmax_s16), (364 bytes).
    Removing arm_softmax_s8.o(.rev16_text), (4 bytes).
    Removing arm_softmax_s8.o(.revsh_text), (4 bytes).
    Removing arm_softmax_s8.o(.rrx_text), (6 bytes).
    Removing arm_softmax_s8.o(i.arm_softmax_s8), (26 bytes).
    Removing arm_softmax_s8_s16.o(.rev16_text), (4 bytes).
    Removing arm_softmax_s8_s16.o(.revsh_text), (4 bytes).
    Removing arm_softmax_s8_s16.o(.rrx_text), (6 bytes).
    Removing arm_softmax_s8_s16.o(i.arm_softmax_s8_s16), (26 bytes).
    Removing arm_softmax_u8.o(.rev16_text), (4 bytes).
    Removing arm_softmax_u8.o(.revsh_text), (4 bytes).
    Removing arm_softmax_u8.o(.rrx_text), (6 bytes).
    Removing arm_softmax_u8.o(i.arm_softmax_u8), (2604 bytes).
    Removing arm_softmax_with_batch_q7.o(.rev16_text), (4 bytes).
    Removing arm_softmax_with_batch_q7.o(.revsh_text), (4 bytes).
    Removing arm_softmax_with_batch_q7.o(.rrx_text), (6 bytes).
    Removing arm_softmax_with_batch_q7.o(i.arm_softmax_with_batch_q7), (40 bytes).
    Removing retarget_io.o(i.__aeabi_assert), (144 bytes).
    Removing retarget_io.o(i.__backspace), (6 bytes).
    Removing retarget_io.o(i.abort), (2 bytes).
    Removing retarget_io.o(i.fgetc), (6 bytes).
    Removing retarget_io.o(i.fputc), (20 bytes).
    Removing dadd.o(.text), (334 bytes).
    Removing dmul.o(.text), (228 bytes).
    Removing ddiv.o(.text), (222 bytes).
    Removing dneg.o(.text), (6 bytes).
    Removing dfltui.o(.text), (26 bytes).
    Removing ffixl.o(.text), (66 bytes).
    Removing cdcmple.o(.text), (48 bytes).
    Removing cdrcmple.o(.text), (48 bytes).
    Removing d2f.o(.text), (56 bytes).
    Removing fepilogue.o(.text), (110 bytes).
    Removing depilogue.o(.text), (186 bytes).
    Removing dsqrt.o(.text), (162 bytes).
    Removing dflti.o(.text), (34 bytes).
    Removing dfixi.o(.text), (62 bytes).
    Removing fpstat.o(.text), (4 bytes).

1586 unused section(s) (total 1084296 bytes) removed from the image.
