Component: ARM Compiler 5.06 update 6 (build 750) Tool: armlink [4d35ed]

==============================================================================

Section Cross References

    startup_stm32f746xx.o(RESET) refers to startup_stm32f746xx.o(STACK) for __initial_sp
    startup_stm32f746xx.o(RESET) refers to startup_stm32f746xx.o(.text) for Reset_Handler
    startup_stm32f746xx.o(RESET) refers to stm32f7xx_it.o(i.NMI_Handler) for NMI_Handler
    startup_stm32f746xx.o(RESET) refers to stm32f7xx_it.o(i.HardFault_Handler) for HardFault_Handler
    startup_stm32f746xx.o(RESET) refers to stm32f7xx_it.o(i.MemManage_Handler) for MemManage_Handler
    startup_stm32f746xx.o(RESET) refers to stm32f7xx_it.o(i.BusFault_Handler) for BusFault_Handler
    startup_stm32f746xx.o(RESET) refers to stm32f7xx_it.o(i.UsageFault_Handler) for UsageFault_Handler
    startup_stm32f746xx.o(RESET) refers to stm32f7xx_it.o(i.SVC_Handler) for SVC_Handler
    startup_stm32f746xx.o(RESET) refers to stm32f7xx_it.o(i.DebugMon_Handler) for DebugMon_Handler
    startup_stm32f746xx.o(RESET) refers to stm32f7xx_it.o(i.PendSV_Handler) for PendSV_Handler
    startup_stm32f746xx.o(RESET) refers to stm32f7xx_it.o(i.SysTick_Handler) for SysTick_Handler
    startup_stm32f746xx.o(RESET) refers to stm32f7xx_it.o(i.RCC_IRQHandler) for RCC_IRQHandler
    startup_stm32f746xx.o(.text) refers to system_stm32f7xx.o(i.SystemInit) for SystemInit
    startup_stm32f746xx.o(.text) refers to entry.o(.ARM.Collect$$$$00000000) for __main
    main.o(i.SystemClock_Config) refers to memseta.o(.text) for __aeabi_memclr4
    main.o(i.SystemClock_Config) refers to stm32f7xx_hal_rcc.o(i.HAL_RCC_OscConfig) for HAL_RCC_OscConfig
    main.o(i.SystemClock_Config) refers to stm32f7xx_hal_pwr_ex.o(i.HAL_PWREx_EnableOverDrive) for HAL_PWREx_EnableOverDrive
    main.o(i.SystemClock_Config) refers to stm32f7xx_hal_rcc.o(i.HAL_RCC_ClockConfig) for HAL_RCC_ClockConfig
    main.o(i.SystemClock_Config) refers to stm32f7xx_hal_rcc_ex.o(i.HAL_RCCEx_PeriphCLKConfig) for HAL_RCCEx_PeriphCLKConfig
    main.o(i.main) refers to main.o(.bss) for .bss
    main.o(i.main) refers to main.o(.conststring) for .conststring
    main.o(i.main) refers to stm32f7xx_hal.o(i.HAL_Init) for HAL_Init
    main.o(i.main) refers to main.o(i.SystemClock_Config) for SystemClock_Config
    main.o(i.main) refers to stm32f7xx_hal_uart.o(i.HAL_UART_Init) for HAL_UART_Init
    main.o(i.main) refers to quantization_inference.o(i.quantization_inference) for quantization_inference
    main.o(i.main) refers to stm32f7xx_hal.o(i.HAL_Delay) for HAL_Delay
    main.o(i.main) refers to printfa.o(i.__0printf) for __2printf
    main.o(i.stdout_putchar) refers to main.o(.bss) for .bss
    main.o(i.stdout_putchar) refers to stm32f7xx_hal_uart.o(i.HAL_UART_Transmit) for HAL_UART_Transmit
    stm32f7xx_it.o(i.SysTick_Handler) refers to stm32f7xx_hal.o(i.HAL_IncTick) for HAL_IncTick
    stm32f7xx_hal_msp.o(i.HAL_MspInit) refers to stm32f7xx_hal_cortex.o(i.HAL_NVIC_SetPriority) for HAL_NVIC_SetPriority
    stm32f7xx_hal_msp.o(i.HAL_MspInit) refers to stm32f7xx_hal_cortex.o(i.HAL_NVIC_EnableIRQ) for HAL_NVIC_EnableIRQ
    stm32f7xx_hal_msp.o(i.HAL_UART_MspDeInit) refers to stm32f7xx_hal_gpio.o(i.HAL_GPIO_DeInit) for HAL_GPIO_DeInit
    stm32f7xx_hal_msp.o(i.HAL_UART_MspInit) refers to stm32f7xx_hal_gpio.o(i.HAL_GPIO_Init) for HAL_GPIO_Init
    quantization_inference.o(i.quantization_inference) refers to quantization_inference.o(.bss) for .bss
    quantization_inference.o(i.quantization_inference) refers to quantization_inference.o(.constdata) for .constdata
    quantization_inference.o(i.quantization_inference) refers to quantization_inference.o(.conststring) for .conststring
    quantization_inference.o(i.quantization_inference) refers to memmovea.o(.text) for __aeabi_memcpy4
    quantization_inference.o(i.quantization_inference) refers to stm32f7xx_hal.o(i.HAL_GetTick) for HAL_GetTick
    quantization_inference.o(i.quantization_inference) refers to arm_convolve_s8.o(i.arm_convolve_s8) for arm_convolve_s8
    quantization_inference.o(i.quantization_inference) refers to arm_depthwise_conv_s8.o(i.arm_depthwise_conv_s8) for arm_depthwise_conv_s8
    quantization_inference.o(i.quantization_inference) refers to printfa.o(i.__0printf) for __2printf
    quantization_inference.o(i.quantization_inference) refers to arm_elementwise_add_s8_with_neg.o(i.arm_elementwise_add_s8_with_neg) for arm_elementwise_add_s8_with_neg
    quantization_inference.o(i.quantization_inference) refers to arm_layernorm_s8.o(i.arm_layernorm_s8) for arm_layernorm_s8
    quantization_inference.o(i.quantization_inference) refers to arm_fully_connected_s8.o(i.arm_fully_connected_s8) for arm_fully_connected_s8
    quantization_inference.o(i.quantization_inference) refers to arm_nn_transpose_bhwc_to_bwhc_q7.o(i.arm_nn_transpose_bhwc_to_bwhc_q7) for arm_nn_transpose_bhwc_to_bwhc_q7
[...]
    D:\\Program Files (x86)\\Arm\\Packs\\ARM\\CMSIS\\5.9.0\\CMSIS\\DSP\\Source\\InterpolationFunctions\\InterpolationFunctions.c 0x00000000   Number         0  interpolationfunctions.o ABSOLUTE
    D:\\Program Files (x86)\\Arm\\Packs\\ARM\\CMSIS\\5.9.0\\CMSIS\\DSP\\Source\\InterpolationFunctions\\InterpolationFunctionsF16.c 0x00000000   Number         0  interpolationfunctionsf16.o ABSOLUTE
    D:\\Program Files (x86)\\Arm\\Packs\\ARM\\CMSIS\\5.9.0\\CMSIS\\DSP\\Source\\MatrixFunctions\\MatrixFunctions.c 0x00000000   Number         0  matrixfunctions.o ABSOLUTE
    D:\\Program Files (x86)\\Arm\\Packs\\ARM\\CMSIS\\5.9.0\\CMSIS\\DSP\\Source\\MatrixFunctions\\MatrixFunctionsF16.c 0x00000000   Number         0  matrixfunctionsf16.o ABSOLUTE
    D:\\Program Files (x86)\\Arm\\Packs\\ARM\\CMSIS\\5.9.0\\CMSIS\\DSP\\Source\\QuaternionMathFunctions\\QuaternionMathFunctions.c 0x00000000   Number         0  quaternionmathfunctions.o ABSOLUTE
    D:\\Program Files (x86)\\Arm\\Packs\\ARM\\CMSIS\\5.9.0\\CMSIS\\DSP\\Source\\SVMFunctions\\SVMFunctions.c 0x00000000   Number         0  svmfunctions.o ABSOLUTE
    D:\\Program Files (x86)\\Arm\\Packs\\ARM\\CMSIS\\5.9.0\\CMSIS\\DSP\\Source\\SVMFunctions\\SVMFunctionsF16.c 0x00000000   Number         0  svmfunctionsf16.o ABSOLUTE
    D:\\Program Files (x86)\\Arm\\Packs\\ARM\\CMSIS\\5.9.0\\CMSIS\\DSP\\Source\\StatisticsFunctions\\StatisticsFunctions.c 0x00000000   Number         0  statisticsfunctions.o ABSOLUTE
    D:\\Program Files (x86)\\Arm\\Packs\\ARM\\CMSIS\\5.9.0\\CMSIS\\DSP\\Source\\StatisticsFunctions\\StatisticsFunctionsF16.c 0x00000000   Number         0  statisticsfunctionsf16.o ABSOLUTE
    D:\\Program Files (x86)\\Arm\\Packs\\ARM\\CMSIS\\5.9.0\\CMSIS\\DSP\\Source\\SupportFunctions\\SupportFunctions.c 0x00000000   Number         0  supportfunctions.o ABSOLUTE
    D:\\Program Files (x86)\\Arm\\Packs\\ARM\\CMSIS\\5.9.0\\CMSIS\\DSP\\Source\\SupportFunctions\\SupportFunctionsF16.c 0x00000000   Number         0  supportfunctionsf16.o ABSOLUTE
    D:\\Program Files (x86)\\Arm\\Packs\\ARM\\CMSIS\\5.9.0\\CMSIS\\DSP\\Source\\TransformFunctions\\TransformFunctions.c 0x00000000   Number         0  transformfunctions.o ABSOLUTE
    D:\\Program Files (x86)\\Arm\\Packs\\ARM\\CMSIS\\5.9.0\\CMSIS\\DSP\\Source\\TransformFunctions\\TransformFunctionsF16.c 0x00000000   Number         0  transformfunctionsf16.o ABSOLUTE
    D:\\Program Files (x86)\\Arm\\Packs\\ARM\\CMSIS\\5.9.0\\CMSIS\\NN\\Source\\ActivationFunctions\\arm_nn_activations_q15.c 0x00000000   Number         0  arm_nn_activations_q15.o ABSOLUTE
    D:\\Program Files (x86)\\Arm\\Packs\\ARM\\CMSIS\\5.9.0\\CMSIS\\NN\\Source\\ActivationFunctions\\arm_nn_activations_q7.c 0x00000000   Number         0  arm_nn_activations_q7.o ABSOLUTE
    D:\\Program Files (x86)\\Arm\\Packs\\ARM\\CMSIS\\5.9.0\\CMSIS\\NN\\Source\\ActivationFunctions\\arm_relu6_s8.c 0x00000000   Number         0  arm_relu6_s8.o ABSOLUTE
    D:\\Program Files (x86)\\Arm\\Packs\\ARM\\CMSIS\\5.9.0\\CMSIS\\NN\\Source\\ActivationFunctions\\arm_relu_q15.c 0x00000000   Number         0  arm_relu_q15.o ABSOLUTE
    D:\\Program Files (x86)\\Arm\\Packs\\ARM\\CMSIS\\5.9.0\\CMSIS\\NN\\Source\\ActivationFunctions\\arm_relu_q7.c 0x00000000   Number         0  arm_relu_q7.o ABSOLUTE
    D:\\Program Files (x86)\\Arm\\Packs\\ARM\\CMSIS\\5.9.0\\CMSIS\\NN\\Source\\BasicMathFunctions\\arm_elementwise_add_s16.c 0x00000000   Number         0  arm_elementwise_add_s16.o ABSOLUTE
    D:\\Program Files (x86)\\Arm\\Packs\\ARM\\CMSIS\\5.9.0\\CMSIS\\NN\\Source\\BasicMathFunctions\\arm_elementwise_add_s8.c 0x00000000   Number         0  arm_elementwise_add_s8.o ABSOLUTE
    D:\\Program Files (x86)\\Arm\\Packs\\ARM\\CMSIS\\5.9.0\\CMSIS\\NN\\Source\\BasicMathFunctions\\arm_elementwise_mul_s16.c 0x00000000   Number         0  arm_elementwise_mul_s16.o ABSOLUTE
    D:\\Program Files (x86)\\Arm\\Packs\\ARM\\CMSIS\\5.9.0\\CMSIS\\NN\\Source\\BasicMathFunctions\\arm_elementwise_mul_s8.c 0x00000000   Number         0  arm_elementwise_mul_s8.o ABSOLUTE
    D:\\Program Files (x86)\\Arm\\Packs\\ARM\\CMSIS\\5.9.0\\CMSIS\\NN\\Source\\ConcatenationFunctions\\arm_concatenation_s8_w.c 0x00000000   Number         0  arm_concatenation_s8_w.o ABSOLUTE
    D:\\Program Files (x86)\\Arm\\Packs\\ARM\\CMSIS\\5.9.0\\CMSIS\\NN\\Source\\ConcatenationFunctions\\arm_concatenation_s8_x.c 0x00000000   Number         0  arm_concatenation_s8_x.o ABSOLUTE
    D:\\Program Files (x86)\\Arm\\Packs\\ARM\\CMSIS\\5.9.0\\CMSIS\\NN\\Source\\ConcatenationFunctions\\arm_concatenation_s8_y.c 0x00000000   Number         0  arm_concatenation_s8_y.o ABSOLUTE
    D:\\Program Files (x86)\\Arm\\Packs\\ARM\\CMSIS\\5.9.0\\CMSIS\\NN\\Source\\ConcatenationFunctions\\arm_concatenation_s8_z.c 0x00000000   Number         0  arm_concatenation_s8_z.o ABSOLUTE
    D:\\Program Files (x86)\\Arm\\Packs\\ARM\\CMSIS\\5.9.0\\CMSIS\\NN\\Source\\ConvolutionFunctions\\arm_convolve_1_x_n_s8.c 0x00000000   Number         0  arm_convolve_1_x_n_s8.o ABSOLUTE
    D:\\Program Files (x86)\\Arm\\Packs\\ARM\\CMSIS\\5.9.0\\CMSIS\\NN\\Source\\ConvolutionFunctions\\arm_convolve_1x1_HWC_q7_fast_nonsquare.c 0x00000000   Number         0  arm_convolve_1x1_hwc_q7_fast_nonsquare.o ABSOLUTE
    D:\\Program Files (x86)\\Arm\\Packs\\ARM\\CMSIS\\5.9.0\\CMSIS\\NN\\Source\\ConvolutionFunctions\\arm_convolve_1x1_s8_fast.c 0x00000000   Number         0  arm_convolve_1x1_s8_fast.o ABSOLUTE
    D:\\Program Files (x86)\\Arm\\Packs\\ARM\\CMSIS\\5.9.0\\CMSIS\\NN\\Source\\ConvolutionFunctions\\arm_convolve_HWC_q15_basic.c 0x00000000   Number         0  arm_convolve_hwc_q15_basic.o ABSOLUTE
    D:\\Program Files (x86)\\Arm\\Packs\\ARM\\CMSIS\\5.9.0\\CMSIS\\NN\\Source\\ConvolutionFunctions\\arm_convolve_HWC_q15_fast.c 0x00000000   Number         0  arm_convolve_hwc_q15_fast.o ABSOLUTE
    D:\\Program Files (x86)\\Arm\\Packs\\ARM\\CMSIS\\5.9.0\\CMSIS\\NN\\Source\\ConvolutionFunctions\\arm_convolve_HWC_q15_fast_nonsquare.c 0x00000000   Number         0  arm_convolve_hwc_q15_fast_nonsquare.o ABSOLUTE
    D:\\Program Files (x86)\\Arm\\Packs\\ARM\\CMSIS\\5.9.0\\CMSIS\\NN\\Source\\ConvolutionFunctions\\arm_convolve_HWC_q7_RGB.c 0x00000000   Number         0  arm_convolve_hwc_q7_rgb.o ABSOLUTE
    D:\\Program Files (x86)\\Arm\\Packs\\ARM\\CMSIS\\5.9.0\\CMSIS\\NN\\Source\\ConvolutionFunctions\\arm_convolve_HWC_q7_basic.c 0x00000000   Number         0  arm_convolve_hwc_q7_basic.o ABSOLUTE
    D:\\Program Files (x86)\\Arm\\Packs\\ARM\\CMSIS\\5.9.0\\CMSIS\\NN\\Source\\ConvolutionFunctions\\arm_convolve_HWC_q7_basic_nonsquare.c 0x00000000   Number         0  arm_convolve_hwc_q7_basic_nonsquare.o ABSOLUTE
    D:\\Program Files (x86)\\Arm\\Packs\\ARM\\CMSIS\\5.9.0\\CMSIS\\NN\\Source\\ConvolutionFunctions\\arm_convolve_HWC_q7_fast.c 0x00000000   Number         0  arm_convolve_hwc_q7_fast.o ABSOLUTE
    D:\\Program Files (x86)\\Arm\\Packs\\ARM\\CMSIS\\5.9.0\\CMSIS\\NN\\Source\\ConvolutionFunctions\\arm_convolve_HWC_q7_fast_nonsquare.c 0x00000000   Number         0  arm_convolve_hwc_q7_fast_nonsquare.o ABSOLUTE
    D:\\Program Files (x86)\\Arm\\Packs\\ARM\\CMSIS\\5.9.0\\CMSIS\\NN\\Source\\ConvolutionFunctions\\arm_convolve_fast_s16.c 0x00000000   Number         0  arm_convolve_fast_s16.o ABSOLUTE
    D:\\Program Files (x86)\\Arm\\Packs\\ARM\\CMSIS\\5.9.0\\CMSIS\\NN\\Source\\ConvolutionFunctions\\arm_convolve_s16.c 0x00000000   Number         0  arm_convolve_s16.o ABSOLUTE
    D:\\Program Files (x86)\\Arm\\Packs\\ARM\\CMSIS\\5.9.0\\CMSIS\\NN\\Source\\ConvolutionFunctions\\arm_convolve_s8.c 0x00000000   Number         0  arm_convolve_s8.o ABSOLUTE
    D:\\Program Files (x86)\\Arm\\Packs\\ARM\\CMSIS\\5.9.0\\CMSIS\\NN\\Source\\ConvolutionFunctions\\arm_convolve_wrapper_s16.c 0x00000000   Number         0  arm_convolve_wrapper_s16.o ABSOLUTE
    D:\\Program Files (x86)\\Arm\\Packs\\ARM\\CMSIS\\5.9.0\\CMSIS\\NN\\Source\\ConvolutionFunctions\\arm_convolve_wrapper_s8.c 0x00000000   Number         0  arm_convolve_wrapper_s8.o ABSOLUTE
    D:\\Program Files (x86)\\Arm\\Packs\\ARM\\CMSIS\\5.9.0\\CMSIS\\NN\\Source\\ConvolutionFunctions\\arm_depthwise_conv_3x3_s8.c 0x00000000   Number         0  arm_depthwise_conv_3x3_s8.o ABSOLUTE
    D:\\Program Files (x86)\\Arm\\Packs\\ARM\\CMSIS\\5.9.0\\CMSIS\\NN\\Source\\ConvolutionFunctions\\arm_depthwise_conv_s16.c 0x00000000   Number         0  arm_depthwise_conv_s16.o ABSOLUTE
    D:\\Program Files (x86)\\Arm\\Packs\\ARM\\CMSIS\\5.9.0\\CMSIS\\NN\\Source\\ConvolutionFunctions\\arm_depthwise_conv_s8.c 0x00000000   Number         0  arm_depthwise_conv_s8.o ABSOLUTE
    D:\\Program Files (x86)\\Arm\\Packs\\ARM\\CMSIS\\5.9.0\\CMSIS\\NN\\Source\\ConvolutionFunctions\\arm_depthwise_conv_s8_opt.c 0x00000000   Number         0  arm_depthwise_conv_s8_opt.o ABSOLUTE
    D:\\Program Files (x86)\\Arm\\Packs\\ARM\\CMSIS\\5.9.0\\CMSIS\\NN\\Source\\ConvolutionFunctions\\arm_depthwise_conv_u8_basic_ver1.c 0x00000000   Number         0  arm_depthwise_conv_u8_basic_ver1.o ABSOLUTE
    D:\\Program Files (x86)\\Arm\\Packs\\ARM\\CMSIS\\5.9.0\\CMSIS\\NN\\Source\\ConvolutionFunctions\\arm_depthwise_conv_wrapper_s8.c 0x00000000   Number         0  arm_depthwise_conv_wrapper_s8.o ABSOLUTE
    D:\\Program Files (x86)\\Arm\\Packs\\ARM\\CMSIS\\5.9.0\\CMSIS\\NN\\Source\\ConvolutionFunctions\\arm_depthwise_separable_conv_HWC_q7.c 0x00000000   Number         0  arm_depthwise_separable_conv_hwc_q7.o ABSOLUTE
    D:\\Program Files (x86)\\Arm\\Packs\\ARM\\CMSIS\\5.9.0\\CMSIS\\NN\\Source\\ConvolutionFunctions\\arm_depthwise_separable_conv_HWC_q7_nonsquare.c 0x00000000   Number         0  arm_depthwise_separable_conv_hwc_q7_nonsquare.o ABSOLUTE
    D:\\Program Files (x86)\\Arm\\Packs\\ARM\\CMSIS\\5.9.0\\CMSIS\\NN\\Source\\ConvolutionFunctions\\arm_nn_depthwise_conv_s8_core.c 0x00000000   Number         0  arm_nn_depthwise_conv_s8_core.o ABSOLUTE
    D:\\Program Files (x86)\\Arm\\Packs\\ARM\\CMSIS\\5.9.0\\CMSIS\\NN\\Source\\ConvolutionFunctions\\arm_nn_mat_mult_kernel_q7_q15.c 0x00000000   Number         0  arm_nn_mat_mult_kernel_q7_q15.o ABSOLUTE
    D:\\Program Files (x86)\\Arm\\Packs\\ARM\\CMSIS\\5.9.0\\CMSIS\\NN\\Source\\ConvolutionFunctions\\arm_nn_mat_mult_kernel_q7_q15_reordered.c 0x00000000   Number         0  arm_nn_mat_mult_kernel_q7_q15_reordered.o ABSOLUTE
    D:\\Program Files (x86)\\Arm\\Packs\\ARM\\CMSIS\\5.9.0\\CMSIS\\NN\\Source\\ConvolutionFunctions\\arm_nn_mat_mult_kernel_s8_s16.c 0x00000000   Number         0  arm_nn_mat_mult_kernel_s8_s16.o ABSOLUTE
    D:\\Program Files (x86)\\Arm\\Packs\\ARM\\CMSIS\\5.9.0\\CMSIS\\NN\\Source\\ConvolutionFunctions\\arm_nn_mat_mult_s8.c 0x00000000   Number         0  arm_nn_mat_mult_s8.o ABSOLUTE
    D:\\Program Files (x86)\\Arm\\Packs\\ARM\\CMSIS\\5.9.0\\CMSIS\\NN\\Source\\FullyConnectedFunctions\\arm_fully_connected_mat_q7_vec_q15.c 0x00000000   Number         0  arm_fully_connected_mat_q7_vec_q15.o ABSOLUTE
    D:\\Program Files (x86)\\Arm\\Packs\\ARM\\CMSIS\\5.9.0\\CMSIS\\NN\\Source\\FullyConnectedFunctions\\arm_fully_connected_mat_q7_vec_q15_opt.c 0x00000000   Number         0  arm_fully_connected_mat_q7_vec_q15_opt.o ABSOLUTE
    D:\\Program Files (x86)\\Arm\\Packs\\ARM\\CMSIS\\5.9.0\\CMSIS\\NN\\Source\\FullyConnectedFunctions\\arm_fully_connected_q15.c 0x00000000   Number         0  arm_fully_connected_q15.o ABSOLUTE
    D:\\Program Files (x86)\\Arm\\Packs\\ARM\\CMSIS\\5.9.0\\CMSIS\\NN\\Source\\FullyConnectedFunctions\\arm_fully_connected_q15_opt.c 0x00000000   Number         0  arm_fully_connected_q15_opt.o ABSOLUTE
    D:\\Program Files (x86)\\Arm\\Packs\\ARM\\CMSIS\\5.9.0\\CMSIS\\NN\\Source\\FullyConnectedFunctions\\arm_fully_connected_q7.c 0x00000000   Number         0  arm_fully_connected_q7.o ABSOLUTE
    D:\\Program Files (x86)\\Arm\\Packs\\ARM\\CMSIS\\5.9.0\\CMSIS\\NN\\Source\\FullyConnectedFunctions\\arm_fully_connected_q7_opt.c 0x00000000   Number         0  arm_fully_connected_q7_opt.o ABSOLUTE
    D:\\Program Files (x86)\\Arm\\Packs\\ARM\\CMSIS\\5.9.0\\CMSIS\\NN\\Source\\FullyConnectedFunctions\\arm_fully_connected_s16.c 0x00000000   Number         0  arm_fully_connected_s16.o ABSOLUTE
    D:\\Program Files (x86)\\Arm\\Packs\\ARM\\CMSIS\\5.9.0\\CMSIS\\NN\\Source\\FullyConnectedFunctions\\arm_fully_connected_s8.c 0x00000000   Number         0  arm_fully_connected_s8.o ABSOLUTE
    D:\\Program Files (x86)\\Arm\\Packs\\ARM\\CMSIS\\5.9.0\\CMSIS\\NN\\Source\\NNSupportFunctions\\arm_nn_accumulate_q7_to_q15.c 0x00000000   Number         0  arm_nn_accumulate_q7_to_q15.o ABSOLUTE
    D:\\Program Files (x86)\\Arm\\Packs\\ARM\\CMSIS\\5.9.0\\CMSIS\\NN\\Source\\NNSupportFunctions\\arm_nn_add_q7.c 0x00000000   Number         0  arm_nn_add_q7.o ABSOLUTE
    D:\\Program Files (x86)\\Arm\\Packs\\ARM\\CMSIS\\5.9.0\\CMSIS\\NN\\Source\\NNSupportFunctions\\arm_nn_depthwise_conv_nt_t_padded_s8.c 0x00000000   Number         0  arm_nn_depthwise_conv_nt_t_padded_s8.o ABSOLUTE
    D:\\Program Files (x86)\\Arm\\Packs\\ARM\\CMSIS\\5.9.0\\CMSIS\\NN\\Source\\NNSupportFunctions\\arm_nn_depthwise_conv_nt_t_s8.c 0x00000000   Number         0  arm_nn_depthwise_conv_nt_t_s8.o ABSOLUTE
    D:\\Program Files (x86)\\Arm\\Packs\\ARM\\CMSIS\\5.9.0\\CMSIS\\NN\\Source\\NNSupportFunctions\\arm_nn_mat_mul_core_1x_s8.c 0x00000000   Number         0  arm_nn_mat_mul_core_1x_s8.o ABSOLUTE
    D:\\Program Files (x86)\\Arm\\Packs\\ARM\\CMSIS\\5.9.0\\CMSIS\\NN\\Source\\NNSupportFunctions\\arm_nn_mat_mul_core_4x_s8.c 0x00000000   Number         0  arm_nn_mat_mul_core_4x_s8.o ABSOLUTE
    D:\\Program Files (x86)\\Arm\\Packs\\ARM\\CMSIS\\5.9.0\\CMSIS\\NN\\Source\\NNSupportFunctions\\arm_nn_mat_mul_kernel_s16.c 0x00000000   Number         0  arm_nn_mat_mul_kernel_s16.o ABSOLUTE
    D:\\Program Files (x86)\\Arm\\Packs\\ARM\\CMSIS\\5.9.0\\CMSIS\\NN\\Source\\NNSupportFunctions\\arm_nn_mat_mult_nt_t_s8.c 0x00000000   Number         0  arm_nn_mat_mult_nt_t_s8.o ABSOLUTE
    D:\\Program Files (x86)\\Arm\\Packs\\ARM\\CMSIS\\5.9.0\\CMSIS\\NN\\Source\\NNSupportFunctions\\arm_nn_mult_q15.c 0x00000000   Number         0  arm_nn_mult_q15.o ABSOLUTE
    D:\\Program Files (x86)\\Arm\\Packs\\ARM\\CMSIS\\5.9.0\\CMSIS\\NN\\Source\\NNSupportFunctions\\arm_nn_mult_q7.c 0x00000000   Number         0  arm_nn_mult_q7.o ABSOLUTE
    D:\\Program Files (x86)\\Arm\\Packs\\ARM\\CMSIS\\5.9.0\\CMSIS\\NN\\Source\\NNSupportFunctions\\arm_nn_vec_mat_mult_t_s16.c 0x00000000   Number         0  arm_nn_vec_mat_mult_t_s16.o ABSOLUTE
    D:\\Program Files (x86)\\Arm\\Packs\\ARM\\CMSIS\\5.9.0\\CMSIS\\NN\\Source\\NNSupportFunctions\\arm_nn_vec_mat_mult_t_s8.c 0x00000000   Number         0  arm_nn_vec_mat_mult_t_s8.o ABSOLUTE
    D:\\Program Files (x86)\\Arm\\Packs\\ARM\\CMSIS\\5.9.0\\CMSIS\\NN\\Source\\NNSupportFunctions\\arm_nn_vec_mat_mult_t_svdf_s8.c 0x00000000   Number         0  arm_nn_vec_mat_mult_t_svdf_s8.o ABSOLUTE
    D:\\Program Files (x86)\\Arm\\Packs\\ARM\\CMSIS\\5.9.0\\CMSIS\\NN\\Source\\NNSupportFunctions\\arm_nntables.c 0x00000000   Number         0  arm_nntables.o ABSOLUTE
    D:\\Program Files (x86)\\Arm\\Packs\\ARM\\CMSIS\\5.9.0\\CMSIS\\NN\\Source\\NNSupportFunctions\\arm_q7_to_q15_no_shift.c 0x00000000   Number         0  arm_q7_to_q15_no_shift.o ABSOLUTE
    D:\\Program Files (x86)\\Arm\\Packs\\ARM\\CMSIS\\5.9.0\\CMSIS\\NN\\Source\\NNSupportFunctions\\arm_q7_to_q15_reordered_no_shift.c 0x00000000   Number         0  arm_q7_to_q15_reordered_no_shift.o ABSOLUTE
    D:\\Program Files (x86)\\Arm\\Packs\\ARM\\CMSIS\\5.9.0\\CMSIS\\NN\\Source\\NNSupportFunctions\\arm_q7_to_q15_reordered_with_offset.c 0x00000000   Number         0  arm_q7_to_q15_reordered_with_offset.o ABSOLUTE
    D:\\Program Files (x86)\\Arm\\Packs\\ARM\\CMSIS\\5.9.0\\CMSIS\\NN\\Source\\NNSupportFunctions\\arm_q7_to_q15_with_offset.c 0x00000000   Number         0  arm_q7_to_q15_with_offset.o ABSOLUTE
    D:\\Program Files (x86)\\Arm\\Packs\\ARM\\CMSIS\\5.9.0\\CMSIS\\NN\\Source\\PoolingFunctions\\arm_avgpool_s16.c 0x00000000   Number         0  arm_avgpool_s16.o ABSOLUTE
    D:\\Program Files (x86)\\Arm\\Packs\\ARM\\CMSIS\\5.9.0\\CMSIS\\NN\\Source\\PoolingFunctions\\arm_avgpool_s8.c 0x00000000   Number         0  arm_avgpool_s8.o ABSOLUTE
    D:\\Program Files (x86)\\Arm\\Packs\\ARM\\CMSIS\\5.9.0\\CMSIS\\NN\\Source\\PoolingFunctions\\arm_max_pool_s16.c 0x00000000   Number         0  arm_max_pool_s16.o ABSOLUTE
    D:\\Program Files (x86)\\Arm\\Packs\\ARM\\CMSIS\\5.9.0\\CMSIS\\NN\\Source\\PoolingFunctions\\arm_max_pool_s8.c 0x00000000   Number         0  arm_max_pool_s8.o ABSOLUTE
    D:\\Program Files (x86)\\Arm\\Packs\\ARM\\CMSIS\\5.9.0\\CMSIS\\NN\\Source\\PoolingFunctions\\arm_pool_q7_HWC.c 0x00000000   Number         0  arm_pool_q7_hwc.o ABSOLUTE
    D:\\Program Files (x86)\\Arm\\Packs\\ARM\\CMSIS\\5.9.0\\CMSIS\\NN\\Source\\ReshapeFunctions\\arm_reshape_s8.c 0x00000000   Number         0  arm_reshape_s8.o ABSOLUTE
    D:\\Program Files (x86)\\Arm\\Packs\\ARM\\CMSIS\\5.9.0\\CMSIS\\NN\\Source\\SVDFunctions\\arm_svdf_s8.c 0x00000000   Number         0  arm_svdf_s8.o ABSOLUTE
    D:\\Program Files (x86)\\Arm\\Packs\\ARM\\CMSIS\\5.9.0\\CMSIS\\NN\\Source\\SVDFunctions\\arm_svdf_state_s16_s8.c 0x00000000   Number         0  arm_svdf_state_s16_s8.o ABSOLUTE
    D:\\Program Files (x86)\\Arm\\Packs\\ARM\\CMSIS\\5.9.0\\CMSIS\\NN\\Source\\SoftmaxFunctions\\arm_softmax_q15.c 0x00000000   Number         0  arm_softmax_q15.o ABSOLUTE
    D:\\Program Files (x86)\\Arm\\Packs\\ARM\\CMSIS\\5.9.0\\CMSIS\\NN\\Source\\SoftmaxFunctions\\arm_softmax_q7.c 0x00000000   Number         0  arm_softmax_q7.o ABSOLUTE
    D:\\Program Files (x86)\\Arm\\Packs\\ARM\\CMSIS\\5.9.0\\CMSIS\\NN\\Source\\SoftmaxFunctions\\arm_softmax_s16.c 0x00000000   Number         0  arm_softmax_s16.o ABSOLUTE
    D:\\Program Files (x86)\\Arm\\Packs\\ARM\\CMSIS\\5.9.0\\CMSIS\\NN\\Source\\SoftmaxFunctions\\arm_softmax_s8.c 0x00000000   Number         0  arm_softmax_s8.o ABSOLUTE
    D:\\Program Files (x86)\\Arm\\Packs\\ARM\\CMSIS\\5.9.0\\CMSIS\\NN\\Source\\SoftmaxFunctions\\arm_softmax_s8_s16.c 0x00000000   Number         0  arm_softmax_s8_s16.o ABSOLUTE
    D:\\Program Files (x86)\\Arm\\Packs\\ARM\\CMSIS\\5.9.0\\CMSIS\\NN\\Source\\SoftmaxFunctions\\arm_softmax_u8.c 0x00000000   Number         0  arm_softmax_u8.o ABSOLUTE
    D:\\Program Files (x86)\\Arm\\Packs\\ARM\\CMSIS\\5.9.0\\CMSIS\\NN\\Source\\SoftmaxFunctions\\arm_softmax_with_batch_q7.c 0x00000000   Number         0  arm_softmax_with_batch_q7.o ABSOLUTE
    cdcmple.s                                0x00000000   Number         0  cdcmple.o ABSOLUTE
    cdrcmple.s                               0x00000000   Number         0  cdrcmple.o ABSOLUTE
    dc.s                                     0x00000000   Number         0  dc.o ABSOLUTE
    handlers.s                               0x00000000   Number         0  handlers.o ABSOLUTE
    init.s                                   0x00000000   Number         0  init.o ABSOLUTE
    startup_stm32f746xx.s                    0x00000000   Number         0  startup_stm32f746xx.o ABSOLUTE
    RESET                                    0x08000000   Section      456  startup_stm32f746xx.o(RESET)
    .ARM.Collect$$$$00000000                 0x080001c8   Section        0  entry.o(.ARM.Collect$$$$00000000)
    .ARM.Collect$$$$00000001                 0x080001c8   Section        4  entry2.o(.ARM.Collect$$$$00000001)
    .ARM.Collect$$$$00000004                 0x080001cc   Section        4  entry5.o(.ARM.Collect$$$$00000004)
    .ARM.Collect$$$$00000008                 0x080001d0   Section        0  entry7b.o(.ARM.Collect$$$$00000008)
    .ARM.Collect$$$$0000000A                 0x080001d0   Section        0  entry8b.o(.ARM.Collect$$$$0000000A)
    .ARM.Collect$$$$0000000B                 0x080001d0   Section        8  entry9a.o(.ARM.Collect$$$$0000000B)
    .ARM.Collect$$$$0000000D                 0x080001d8   Section        0  entry10a.o(.ARM.Collect$$$$0000000D)
    .ARM.Collect$$$$0000000F                 0x080001d8   Section        0  entry11a.o(.ARM.Collect$$$$0000000F)
    .ARM.Collect$$$$00002712                 0x080001d8   Section        4  entry2.o(.ARM.Collect$$$$00002712)
    __lit__00000000                          0x080001d8   Data           4  entry2.o(.ARM.Collect$$$$00002712)
    .text                                    0x080001dc   Section       36  startup_stm32f746xx.o(.text)
    $v0                                      0x080001dc   Number         0  startup_stm32f746xx.o(.text)
    .text                                    0x08000200   Section        0  uldiv.o(.text)
    .text                                    0x08000262   Section        0  ldiv.o(.text)
    .text                                    0x080002c4   Section        0  llshl.o(.text)
    .text                                    0x080002e2   Section        0  llsshr.o(.text)
    .text                                    0x08000306   Section        0  memmovea.o(.text)
    .text                                    0x08000346   Section        0  memseta.o(.text)
    .text                                    0x0800036a   Section        0  dadd.o(.text)
    .text                                    0x080004b8   Section        0  dmul.o(.text)
    .text                                    0x0800059c   Section        0  ddiv.o(.text)
    .text                                    0x0800067a   Section        0  dflti.o(.text)
    .text                                    0x0800069c   Section       48  cdrcmple.o(.text)
    .text                                    0x080006cc   Section        0  uidiv.o(.text)
    .text                                    0x080006f8   Section        0  llushr.o(.text)
    .text                                    0x08000718   Section        0  depilogue.o(.text)
    .text                                    0x08000718   Section        0  iusefp.o(.text)
    .text                                    0x080007d2   Section        0  dfixul.o(.text)
    .text                                    0x08000804   Section       36  init.o(.text)
    i.BusFault_Handler                       0x08000828   Section        0  stm32f7xx_it.o(i.BusFault_Handler)
    i.DebugMon_Handler                       0x0800082a   Section        0  stm32f7xx_it.o(i.DebugMon_Handler)
    i.HAL_Delay                              0x0800082c   Section        0  stm32f7xx_hal.o(i.HAL_Delay)
    i.HAL_GPIO_Init                          0x08000854   Section        0  stm32f7xx_hal_gpio.o(i.HAL_GPIO_Init)
    i.HAL_GetTick                            0x08000a90   Section        0  stm32f7xx_hal.o(i.HAL_GetTick)
    i.HAL_IncTick                            0x08000a9c   Section        0  stm32f7xx_hal.o(i.HAL_IncTick)
    i.HAL_Init                               0x08000aae   Section        0  stm32f7xx_hal.o(i.HAL_Init)
    i.HAL_InitTick                           0x08000adc   Section        0  stm32f7xx_hal.o(i.HAL_InitTick)
    i.HAL_MspInit                            0x08000b1e   Section        0  stm32f7xx_hal_msp.o(i.HAL_MspInit)
    i.HAL_NVIC_EnableIRQ                     0x08000b64   Section        0  stm32f7xx_hal_cortex.o(i.HAL_NVIC_EnableIRQ)
    i.HAL_NVIC_SetPriority                   0x08000b82   Section        0  stm32f7xx_hal_cortex.o(i.HAL_NVIC_SetPriority)
    i.HAL_NVIC_SetPriorityGrouping           0x08000be4   Section        0  stm32f7xx_hal_cortex.o(i.HAL_NVIC_SetPriorityGrouping)
    i.HAL_PWREx_EnableOverDrive              0x08000c08   Section        0  stm32f7xx_hal_pwr_ex.o(i.HAL_PWREx_EnableOverDrive)
    i.HAL_RCCEx_PeriphCLKConfig              0x08000c88   Section        0  stm32f7xx_hal_rcc_ex.o(i.HAL_RCCEx_PeriphCLKConfig)
    i.HAL_RCC_ClockConfig                    0x08001230   Section        0  stm32f7xx_hal_rcc.o(i.HAL_RCC_ClockConfig)
    i.HAL_RCC_GetPCLK1Freq                   0x08001410   Section        0  stm32f7xx_hal_rcc.o(i.HAL_RCC_GetPCLK1Freq)
    i.HAL_RCC_GetPCLK2Freq                   0x08001436   Section        0  stm32f7xx_hal_rcc.o(i.HAL_RCC_GetPCLK2Freq)
    i.HAL_RCC_GetSysClockFreq                0x0800145c   Section        0  stm32f7xx_hal_rcc.o(i.HAL_RCC_GetSysClockFreq)
    i.HAL_RCC_OscConfig                      0x080014d8   Section        0  stm32f7xx_hal_rcc.o(i.HAL_RCC_OscConfig)
    i.HAL_SYSTICK_Config                     0x080018f2   Section        0  stm32f7xx_hal_cortex.o(i.HAL_SYSTICK_Config)
    i.HAL_UART_Init                          0x0800191c   Section        0  stm32f7xx_hal_uart.o(i.HAL_UART_Init)
    i.HAL_UART_MspInit                       0x08001986   Section        0  stm32f7xx_hal_msp.o(i.HAL_UART_MspInit)
    i.HAL_UART_Transmit                      0x08001a20   Section        0  stm32f7xx_hal_uart.o(i.HAL_UART_Transmit)
    i.HardFault_Handler                      0x08001ae6   Section        0  stm32f7xx_it.o(i.HardFault_Handler)
    i.MemManage_Handler                      0x08001ae8   Section        0  stm32f7xx_it.o(i.MemManage_Handler)
    i.NMI_Handler                            0x08001aea   Section        0  stm32f7xx_it.o(i.NMI_Handler)
    i.PendSV_Handler                         0x08001aec   Section        0  stm32f7xx_it.o(i.PendSV_Handler)
    i.RCC_IRQHandler                         0x08001aee   Section        0  stm32f7xx_it.o(i.RCC_IRQHandler)
    i.SVC_Handler                            0x08001af0   Section        0  stm32f7xx_it.o(i.SVC_Handler)
    i.SysTick_Handler                        0x08001af2   Section        0  stm32f7xx_it.o(i.SysTick_Handler)
    i.SystemClock_Config                     0x08001af6   Section        0  main.o(i.SystemClock_Config)
    i.SystemInit                             0x08001bb0   Section        0  system_stm32f7xx.o(i.SystemInit)
    i.UART_AdvFeatureConfig                  0x08001bc2   Section        0  stm32f7xx_hal_uart.o(i.UART_AdvFeatureConfig)
    i.UART_CheckIdleState                    0x08001c9c   Section        0  stm32f7xx_hal_uart.o(i.UART_CheckIdleState)
    i.UART_SetConfig                         0x08001ce0   Section        0  stm32f7xx_hal_uart.o(i.UART_SetConfig)
    i.UART_WaitOnFlagUntilTimeout            0x08001f2c   Section        0  stm32f7xx_hal_uart.o(i.UART_WaitOnFlagUntilTimeout)
    i.UsageFault_Handler                     0x08001fee   Section        0  stm32f7xx_it.o(i.UsageFault_Handler)
    i.__0printf                              0x08001ff0   Section        0  printfa.o(i.__0printf)
    i.__scatterload_copy                     0x08002010   Section       14  handlers.o(i.__scatterload_copy)
    i.__scatterload_null                     0x0800201e   Section        2  handlers.o(i.__scatterload_null)
    i.__scatterload_zeroinit                 0x08002020   Section       14  handlers.o(i.__scatterload_zeroinit)
    i._fp_digits                             0x08002030   Section        0  printfa.o(i._fp_digits)
    _fp_digits                               0x08002031   Thumb Code   366  printfa.o(i._fp_digits)
    i._printf_core                           0x080021b4   Section        0  printfa.o(i._printf_core)
    _printf_core                             0x080021b5   Thumb Code  1744  printfa.o(i._printf_core)
    i._printf_post_padding                   0x08002890   Section        0  printfa.o(i._printf_post_padding)
    _printf_post_padding                     0x08002891   Thumb Code    36  printfa.o(i._printf_post_padding)
    i._printf_pre_padding                    0x080028b4   Section        0  printfa.o(i._printf_pre_padding)
    _printf_pre_padding                      0x080028b5   Thumb Code    46  printfa.o(i._printf_pre_padding)
    i.arm_avgpool_s8_get_buffer_size         0x080028e2   Section        0  arm_avgpool_s8.o(i.arm_avgpool_s8_get_buffer_size)
    i.arm_avgpool_s8_with_quantization       0x080028e8   Section        0  arm_pool_s8_with_quantization.o(i.arm_avgpool_s8_with_quantization)
    i.arm_convolve_s8                        0x08002b50   Section        0  arm_convolve_s8.o(i.arm_convolve_s8)
    i.arm_convolve_s8_sparse                 0x08002ed0   Section        0  arm_convolve_s8_sparse.o(i.arm_convolve_s8_sparse)
    i.arm_convolve_s8_sparse_1x1_CHW         0x080035a0   Section        0  arm_convolve_s8_sparse_chw.o(i.arm_convolve_s8_sparse_1x1_CHW)
    i.arm_convolve_s8_sparse_get_buffer_size 0x08003bca   Section        0  arm_convolve_s8_sparse.o(i.arm_convolve_s8_sparse_get_buffer_size)
    i.arm_depthwise_conv_s8                  0x08003bd8   Section        0  arm_depthwise_conv_s8.o(i.arm_depthwise_conv_s8)
    i.arm_elementwise_add_s8_with_neg        0x080044ec   Section        0  arm_elementwise_add_s8_with_neg.o(i.arm_elementwise_add_s8_with_neg)
    i.arm_fully_connected_s8                 0x08004b1c   Section        0  arm_fully_connected_s8.o(i.arm_fully_connected_s8)
    i.arm_fully_connected_s8_sparse_CHW      0x08004b8c   Section        0  arm_fully_connected_s8_sparse_chw.o(i.arm_fully_connected_s8_sparse_CHW)
    i.arm_layernorm_s8                       0x08005038   Section        0  arm_layernorm_s8.o(i.arm_layernorm_s8)
    i.arm_nn_batch_mat_mult_nt_t_s8          0x080053f6   Section        0  arm_nn_batch_mat_mult_nt_t_s8.o(i.arm_nn_batch_mat_mult_nt_t_s8)
    i.arm_nn_batch_mat_mult_s8               0x08005474   Section        0  arm_nn_batch_mat_mult_s8.o(i.arm_nn_batch_mat_mult_s8)
    i.arm_nn_mat_mult_kernel_s8_s16          0x080054fc   Section        0  arm_nn_mat_mult_kernel_s8_s16.o(i.arm_nn_mat_mult_kernel_s8_s16)
    i.arm_nn_output_per_channel              0x0800595c   Section        0  arm_nn_output_per_channel.o(i.arm_nn_output_per_channel)
    i.arm_nn_output_per_channel_CHW          0x08005bfc   Section        0  arm_nn_output_per_channel.o(i.arm_nn_output_per_channel_CHW)
    i.arm_nn_transpose_bhwc_to_bwhc_q7       0x08005e72   Section        0  arm_nn_transpose_bhwc_to_bwhc_q7.o(i.arm_nn_transpose_bhwc_to_bwhc_q7)
    i.arm_nn_vec_mat_mult_s8_rhs_offset      0x08005ed8   Section        0  arm_nn_batch_mat_mult_s8.o(i.arm_nn_vec_mat_mult_s8_rhs_offset)
    i.arm_nn_vec_mat_mult_t_s8               0x080060f4   Section        0  arm_nn_vec_mat_mult_t_s8.o(i.arm_nn_vec_mat_mult_t_s8)
    i.arm_nn_vec_mat_mult_t_s8_rhs_offset    0x080063d4   Section        0  arm_nn_batch_mat_mult_nt_t_s8.o(i.arm_nn_vec_mat_mult_t_s8_rhs_offset)
    i.arm_q7_to_q15_with_offset              0x080066c0   Section        0  arm_q7_to_q15_with_offset.o(i.arm_q7_to_q15_with_offset)
    i.arm_softmax_s8_fast                    0x08006750   Section        0  arm_softmax_s8_fast.o(i.arm_softmax_s8_fast)
    i.fputc                                  0x0800731a   Section        0  retarget_io.o(i.fputc)
    i.main                                   0x08007330   Section        0  main.o(i.main)
    i.quantization_inference                 0x08007448   Section        0  quantization_inference.o(i.quantization_inference)
    i.result_check_statistics                0x08008eb4   Section        0  result_check.o(i.result_check_statistics)
    i.stdout_putchar                         0x080093c2   Section        0  main.o(i.stdout_putchar)
    .constdata                               0x080093dc   Section    530992  quantization_inference.o(.constdata)
    shift_0                                  0x080093dc   Data           6  quantization_inference.o(.constdata)
    shift_1                                  0x080093e2   Data           6  quantization_inference.o(.constdata)
    image                                    0x080093e8   Data        3072  quantization_inference.o(.constdata)
    weight_0                                 0x08009fe8   Data          18  quantization_inference.o(.constdata)
    bias_0                                   0x08009ffc   Data          24  quantization_inference.o(.constdata)
    mult_0                                   0x0800a014   Data          24  quantization_inference.o(.constdata)
    weight_1                                 0x0800a02c   Data          54  quantization_inference.o(.constdata)
    bias_1                                   0x0800a064   Data          24  quantization_inference.o(.constdata)
    mult_1                                   0x0800a07c   Data          24  quantization_inference.o(.constdata)
    weight_2                                 0x0800a094   Data         192  quantization_inference.o(.constdata)
    bias_2                                   0x0800a154   Data         128  quantization_inference.o(.constdata)
    mult_2                                   0x0800a1d4   Data         128  quantization_inference.o(.constdata)
    shift_2                                  0x0800a254   Data          32  quantization_inference.o(.constdata)
    weight_3                                 0x0800a274   Data        2048  quantization_inference.o(.constdata)
    bias_3                                   0x0800aa74   Data         256  quantization_inference.o(.constdata)
    mult_3                                   0x0800ab74   Data         256  quantization_inference.o(.constdata)
    shift_3                                  0x0800ac74   Data          64  quantization_inference.o(.constdata)
    weight_4                                 0x0800acb4   Data         576  quantization_inference.o(.constdata)
    bias_4                                   0x0800aef4   Data         256  quantization_inference.o(.constdata)
    mult_4                                   0x0800aff4   Data         256  quantization_inference.o(.constdata)
    shift_4                                  0x0800b0f4   Data          64  quantization_inference.o(.constdata)
    weight_5                                 0x0800b134   Data        4096  quantization_inference.o(.constdata)
    bias_5                                   0x0800c134   Data         256  quantization_inference.o(.constdata)
    mult_5                                   0x0800c234   Data         256  quantization_inference.o(.constdata)
    shift_5                                  0x0800c334   Data          64  quantization_inference.o(.constdata)
    weight_6                                 0x0800c374   Data        8192  quantization_inference.o(.constdata)
    bias_6                                   0x0800e374   Data         512  quantization_inference.o(.constdata)
    mult_6                                   0x0800e574   Data         512  quantization_inference.o(.constdata)
    shift_6                                  0x0800e774   Data         128  quantization_inference.o(.constdata)
    weight_7                                 0x0800e7f4   Data        1152  quantization_inference.o(.constdata)
    bias_7                                   0x0800ec74   Data         512  quantization_inference.o(.constdata)
    mult_7                                   0x0800ee74   Data         512  quantization_inference.o(.constdata)
    shift_7                                  0x0800f074   Data         128  quantization_inference.o(.constdata)
    weight_8                                 0x0800f0f4   Data        8192  quantization_inference.o(.constdata)
    bias_8                                   0x080110f4   Data         256  quantization_inference.o(.constdata)
    mult_8                                   0x080111f4   Data         256  quantization_inference.o(.constdata)
    shift_8                                  0x080112f4   Data          64  quantization_inference.o(.constdata)
    weight_9                                 0x08011334   Data       36864  quantization_inference.o(.constdata)
    bias_9                                   0x0801a334   Data         256  quantization_inference.o(.constdata)
    mult_9                                   0x0801a434   Data         256  quantization_inference.o(.constdata)
    shift_9                                  0x0801a534   Data          64  quantization_inference.o(.constdata)
    weight_10                                0x0801a574   Data        6144  quantization_inference.o(.constdata)
    bias_10                                  0x0801bd74   Data         384  quantization_inference.o(.constdata)
    mult_10                                  0x0801bef4   Data         384  quantization_inference.o(.constdata)
    shift_10                                 0x0801c074   Data          96  quantization_inference.o(.constdata)
    weight_11                                0x0801c0d4   Data          96  quantization_inference.o(.constdata)
    bias_11                                  0x0801c134   Data         384  quantization_inference.o(.constdata)
    weight_12                                0x0801c2b4   Data       27648  quantization_inference.o(.constdata)
    weight_13                                0x08022eb4   Data        9216  quantization_inference.o(.constdata)
    bias_13                                  0x080252b4   Data         384  quantization_inference.o(.constdata)
    weight_14                                0x08025434   Data          96  quantization_inference.o(.constdata)
    bias_14                                  0x08025494   Data         384  quantization_inference.o(.constdata)
    weight_15                                0x08025614   Data       12288  quantization_inference.o(.constdata)
    bias_15                                  0x08028614   Data         512  quantization_inference.o(.constdata)
    weight_16                                0x08028814   Data       12288  quantization_inference.o(.constdata)
    bias_16                                  0x0802b814   Data         384  quantization_inference.o(.constdata)
    weight_17                                0x0802b994   Data       82944  quantization_inference.o(.constdata)
    bias_17                                  0x0803fd94   Data         384  quantization_inference.o(.constdata)
    mult_17                                  0x0803ff14   Data         384  quantization_inference.o(.constdata)
    shift_17                                 0x08040094   Data          96  quantization_inference.o(.constdata)
    weight_18                                0x080400f4   Data       12288  quantization_inference.o(.constdata)
    bias_18                                  0x080430f4   Data         512  quantization_inference.o(.constdata)
    mult_18                                  0x080432f4   Data         512  quantization_inference.o(.constdata)
    shift_18                                 0x080434f4   Data         128  quantization_inference.o(.constdata)
    weight_19                                0x08043574   Data       88467  quantization_inference.o(.constdata)
    bias_19                                  0x08058f08   Data         512  quantization_inference.o(.constdata)
    mult_19                                  0x08059108   Data         512  quantization_inference.o(.constdata)
    shift_19                                 0x08059308   Data         128  quantization_inference.o(.constdata)
    weight_20                                0x08059388   Data        7374  quantization_inference.o(.constdata)
    bias_20                                  0x0805b058   Data         384  quantization_inference.o(.constdata)
    mult_20                                  0x0805b1d8   Data         384  quantization_inference.o(.constdata)
    shift_20                                 0x0805b358   Data          96  quantization_inference.o(.constdata)
    weight_21                                0x0805b3b8   Data          96  quantization_inference.o(.constdata)
    bias_21                                  0x0805b418   Data         384  quantization_inference.o(.constdata)
    weight_22                                0x0805b598   Data       16590  quantization_inference.o(.constdata)
    weight_23                                0x0805f666   Data        5532  quantization_inference.o(.constdata)
    bias_23                                  0x08060c04   Data         384  quantization_inference.o(.constdata)
    weight_24                                0x08060d84   Data          96  quantization_inference.o(.constdata)
    bias_24                                  0x08060de4   Data         384  quantization_inference.o(.constdata)
    weight_25                                0x08060f64   Data        7371  quantization_inference.o(.constdata)
    bias_25                                  0x08062c30   Data         512  quantization_inference.o(.constdata)
    weight_26                                0x08062e30   Data        7371  quantization_inference.o(.constdata)
    bias_26                                  0x08064afc   Data         384  quantization_inference.o(.constdata)
    weight_27                                0x08064c7c   Data       49767  quantization_inference.o(.constdata)
    bias_27                                  0x08070ee4   Data         384  quantization_inference.o(.constdata)
    mult_27                                  0x08071064   Data         384  quantization_inference.o(.constdata)
    shift_27                                 0x080711e4   Data          96  quantization_inference.o(.constdata)
    weight_28                                0x08071244   Data       14748  quantization_inference.o(.constdata)
    bias_28                                  0x08074be0   Data        1024  quantization_inference.o(.constdata)
    mult_28                                  0x08074fe0   Data        1024  quantization_inference.o(.constdata)
    shift_28                                 0x080753e0   Data         256  quantization_inference.o(.constdata)
    weight_29                                0x080754e0   Data       78636  quantization_inference.o(.constdata)
    bias_29                                  0x0808880c   Data        2048  quantization_inference.o(.constdata)
    mult_29                                  0x0808900c   Data        2048  quantization_inference.o(.constdata)
    shift_29                                 0x0808980c   Data         512  quantization_inference.o(.constdata)
    weight_30                                0x08089a0c   Data        5120  quantization_inference.o(.constdata)
    .constdata                               0x0808ae0c   Section      256  arm_layernorm_s8.o(.constdata)
    sqq_table                                0x0808ae0c   Data         256  arm_layernorm_s8.o(.constdata)
    .constdata                               0x0808af0c   Section       16  system_stm32f7xx.o(.constdata)
    .constdata                               0x0808af1c   Section        8  system_stm32f7xx.o(.constdata)
    .conststring                             0x0808af24   Section       23  main.o(.conststring)
    .conststring                             0x0808af3c   Section      216  quantization_inference.o(.conststring)
    .conststring                             0x0808b014   Section      496  result_check.o(.conststring)
    c.UART_SetConfig.00000198                0x0808b224   Section        9  stm32f7xx_hal_uart.o(c.UART_SetConfig.00000198)
    c.UART_SetConfig.000001be                0x0808b22d   Section        9  stm32f7xx_hal_uart.o(c.UART_SetConfig.000001be)
    .data                                    0x20000000   Section        4  system_stm32f7xx.o(.data)
    .data                                    0x20000004   Section       12  stm32f7xx_hal.o(.data)
    .data                                    0x20000010   Section        4  stdout.o(.data)
    .bss                                     0x20000014   Section      132  main.o(.bss)
    .bss                                     0x20000098   Section    236928  quantization_inference.o(.bss)
    buf                                      0x20000098   Data        3456  quantization_inference.o(.bss)
    conv_mult_use                            0x20000e18   Data        2048  quantization_inference.o(.bss)
    conv_shift_use                           0x20001618   Data        2048  quantization_inference.o(.bss)
    section                                  0x20001e18   Data       229376  quantization_inference.o(.bss)
    STACK                                    0x20039e18   Section     1024  startup_stm32f746xx.o(STACK)

    Global Symbols

    Symbol Name                              Value     Ov Type        Size  Object(Section)

    BuildAttributes$$THM_ISAv4$E$P$D$K$B$S$7EM$VFPi5$EXTD16$VFPS$VFMA$PE$PLD8$A:L22UL41UL21$X:L11$S22US41US21$IEEE1$IW$USESV6$~STKCKD$USESV7$~SHL$OTIME$ROPI$IEEEX$EBA8$MICROLIB$REQ8$PRES8$EABIv2 0x00000000   Number         0  anon$$obj.o ABSOLUTE
    __ARM_use_no_argv                        0x00000000   Number         0  main.o ABSOLUTE
    _printf_a                                0x00000000   Number         0  stubs.o ABSOLUTE
    _printf_c                                0x00000000   Number         0  stubs.o ABSOLUTE
    _printf_charcount                        0x00000000   Number         0  stubs.o ABSOLUTE
    _printf_d                                0x00000000   Number         0  stubs.o ABSOLUTE
    _printf_e                                0x00000000   Number         0  stubs.o ABSOLUTE
    _printf_f                                0x00000000   Number         0  stubs.o ABSOLUTE
    _printf_flags                            0x00000000   Number         0  stubs.o ABSOLUTE
    _printf_fp_dec                           0x00000000   Number         0  stubs.o ABSOLUTE
    _printf_fp_hex                           0x00000000   Number         0  stubs.o ABSOLUTE
    _printf_g                                0x00000000   Number         0  stubs.o ABSOLUTE
    _printf_i                                0x00000000   Number         0  stubs.o ABSOLUTE
    _printf_int_dec                          0x00000000   Number         0  stubs.o ABSOLUTE
    _printf_l                                0x00000000   Number         0  stubs.o ABSOLUTE
    _printf_lc                               0x00000000   Number         0  stubs.o ABSOLUTE
    _printf_ll                               0x00000000   Number         0  stubs.o ABSOLUTE
    _printf_lld                              0x00000000   Number         0  stubs.o ABSOLUTE
    _printf_lli                              0x00000000   Number         0  stubs.o ABSOLUTE
    _printf_llo                              0x00000000   Number         0  stubs.o ABSOLUTE
    _printf_llu                              0x00000000   Number         0  stubs.o ABSOLUTE
    _printf_llx                              0x00000000   Number         0  stubs.o ABSOLUTE
    _printf_longlong_dec                     0x00000000   Number         0  stubs.o ABSOLUTE
    _printf_longlong_hex                     0x00000000   Number         0  stubs.o ABSOLUTE
    _printf_longlong_oct                     0x00000000   Number         0  stubs.o ABSOLUTE
    _printf_ls                               0x00000000   Number         0  stubs.o ABSOLUTE
    _printf_mbtowc                           0x00000000   Number         0  stubs.o ABSOLUTE
    _printf_n                                0x00000000   Number         0  stubs.o ABSOLUTE
    _printf_o                                0x00000000   Number         0  stubs.o ABSOLUTE
    _printf_p                                0x00000000   Number         0  stubs.o ABSOLUTE
    _printf_percent                          0x00000000   Number         0  stubs.o ABSOLUTE
    _printf_pre_padding                      0x00000000   Number         0  stubs.o ABSOLUTE
    _printf_return_value                     0x00000000   Number         0  stubs.o ABSOLUTE
    _printf_s                                0x00000000   Number         0  stubs.o ABSOLUTE
    _printf_sizespec                         0x00000000   Number         0  stubs.o ABSOLUTE
    _printf_str                              0x00000000   Number         0  stubs.o ABSOLUTE
    _printf_truncate_signed                  0x00000000   Number         0  stubs.o ABSOLUTE
    _printf_truncate_unsigned                0x00000000   Number         0  stubs.o ABSOLUTE
    _printf_u                                0x00000000   Number         0  stubs.o ABSOLUTE
    _printf_wc                               0x00000000   Number         0  stubs.o ABSOLUTE
    _printf_wctomb                           0x00000000   Number         0  stubs.o ABSOLUTE
    _printf_widthprec                        0x00000000   Number         0  stubs.o ABSOLUTE
    _printf_x                                0x00000000   Number         0  stubs.o ABSOLUTE
    __cpp_initialize__aeabi_                  - Undefined Weak Reference
    __cxa_finalize                            - Undefined Weak Reference
    __decompress                              - Undefined Weak Reference
    _clock_init                               - Undefined Weak Reference
    _microlib_exit                            - Undefined Weak Reference
    __Vectors_Size                           0x000001c8   Number         0  startup_stm32f746xx.o ABSOLUTE
    __Vectors                                0x08000000   Data           4  startup_stm32f746xx.o(RESET)
    __Vectors_End                            0x080001c8   Data           0  startup_stm32f746xx.o(RESET)
    __main                                   0x080001c9   Thumb Code     0  entry.o(.ARM.Collect$$$$00000000)
    _main_stk                                0x080001c9   Thumb Code     0  entry2.o(.ARM.Collect$$$$00000001)
    _main_scatterload                        0x080001cd   Thumb Code     0  entry5.o(.ARM.Collect$$$$00000004)
    __main_after_scatterload                 0x080001d1   Thumb Code     0  entry5.o(.ARM.Collect$$$$00000004)
    _main_clock                              0x080001d1   Thumb Code     0  entry7b.o(.ARM.Collect$$$$00000008)
    _main_cpp_init                           0x080001d1   Thumb Code     0  entry8b.o(.ARM.Collect$$$$0000000A)
    _main_init                               0x080001d1   Thumb Code     0  entry9a.o(.ARM.Collect$$$$0000000B)
    __rt_final_cpp                           0x080001d9   Thumb Code     0  entry10a.o(.ARM.Collect$$$$0000000D)
    __rt_final_exit                          0x080001d9   Thumb Code     0  entry11a.o(.ARM.Collect$$$$0000000F)
    Reset_Handler                            0x080001dd   Thumb Code     8  startup_stm32f746xx.o(.text)
    ADC_IRQHandler                           0x080001f7   Thumb Code     0  startup_stm32f746xx.o(.text)
    CAN1_RX0_IRQHandler                      0x080001f7   Thumb Code     0  startup_stm32f746xx.o(.text)
    CAN1_RX1_IRQHandler                      0x080001f7   Thumb Code     0  startup_stm32f746xx.o(.text)
    CAN1_SCE_IRQHandler                      0x080001f7   Thumb Code     0  startup_stm32f746xx.o(.text)
    CAN1_TX_IRQHandler                       0x080001f7   Thumb Code     0  startup_stm32f746xx.o(.text)
    CAN2_RX0_IRQHandler                      0x080001f7   Thumb Code     0  startup_stm32f746xx.o(.text)
    CAN2_RX1_IRQHandler                      0x080001f7   Thumb Code     0  startup_stm32f746xx.o(.text)
    CAN2_SCE_IRQHandler                      0x080001f7   Thumb Code     0  startup_stm32f746xx.o(.text)
    CAN2_TX_IRQHandler                       0x080001f7   Thumb Code     0  startup_stm32f746xx.o(.text)
    CEC_IRQHandler                           0x080001f7   Thumb Code     0  startup_stm32f746xx.o(.text)
    DCMI_IRQHandler                          0x080001f7   Thumb Code     0  startup_stm32f746xx.o(.text)
    DMA1_Stream0_IRQHandler                  0x080001f7   Thumb Code     0  startup_stm32f746xx.o(.text)
    DMA1_Stream1_IRQHandler                  0x080001f7   Thumb Code     0  startup_stm32f746xx.o(.text)
    DMA1_Stream2_IRQHandler                  0x080001f7   Thumb Code     0  startup_stm32f746xx.o(.text)
    DMA1_Stream3_IRQHandler                  0x080001f7   Thumb Code     0  startup_stm32f746xx.o(.text)
    DMA1_Stream4_IRQHandler                  0x080001f7   Thumb Code     0  startup_stm32f746xx.o(.text)
    DMA1_Stream5_IRQHandler                  0x080001f7   Thumb Code     0  startup_stm32f746xx.o(.text)
    DMA1_Stream6_IRQHandler                  0x080001f7   Thumb Code     0  startup_stm32f746xx.o(.text)
    DMA1_Stream7_IRQHandler                  0x080001f7   Thumb Code     0  startup_stm32f746xx.o(.text)
    DMA2D_IRQHandler                         0x080001f7   Thumb Code     0  startup_stm32f746xx.o(.text)
    DMA2_Stream0_IRQHandler                  0x080001f7   Thumb Code     0  startup_stm32f746xx.o(.text)
    DMA2_Stream1_IRQHandler                  0x080001f7   Thumb Code     0  startup_stm32f746xx.o(.text)
    DMA2_Stream2_IRQHandler                  0x080001f7   Thumb Code     0  startup_stm32f746xx.o(.text)
    DMA2_Stream3_IRQHandler                  0x080001f7   Thumb Code     0  startup_stm32f746xx.o(.text)
    DMA2_Stream4_IRQHandler                  0x080001f7   Thumb Code     0  startup_stm32f746xx.o(.text)
    DMA2_Stream5_IRQHandler                  0x080001f7   Thumb Code     0  startup_stm32f746xx.o(.text)
    DMA2_Stream6_IRQHandler                  0x080001f7   Thumb Code     0  startup_stm32f746xx.o(.text)
    DMA2_Stream7_IRQHandler                  0x080001f7   Thumb Code     0  startup_stm32f746xx.o(.text)
    ETH_IRQHandler                           0x080001f7   Thumb Code     0  startup_stm32f746xx.o(.text)
    ETH_WKUP_IRQHandler                      0x080001f7   Thumb Code     0  startup_stm32f746xx.o(.text)
    EXTI0_IRQHandler                         0x080001f7   Thumb Code     0  startup_stm32f746xx.o(.text)
    EXTI15_10_IRQHandler                     0x080001f7   Thumb Code     0  startup_stm32f746xx.o(.text)
    EXTI1_IRQHandler                         0x080001f7   Thumb Code     0  startup_stm32f746xx.o(.text)
    EXTI2_IRQHandler                         0x080001f7   Thumb Code     0  startup_stm32f746xx.o(.text)
    EXTI3_IRQHandler                         0x080001f7   Thumb Code     0  startup_stm32f746xx.o(.text)
    EXTI4_IRQHandler                         0x080001f7   Thumb Code     0  startup_stm32f746xx.o(.text)
    EXTI9_5_IRQHandler                       0x080001f7   Thumb Code     0  startup_stm32f746xx.o(.text)
    FLASH_IRQHandler                         0x080001f7   Thumb Code     0  startup_stm32f746xx.o(.text)
    FMC_IRQHandler                           0x080001f7   Thumb Code     0  startup_stm32f746xx.o(.text)
    FPU_IRQHandler                           0x080001f7   Thumb Code     0  startup_stm32f746xx.o(.text)
    I2C1_ER_IRQHandler                       0x080001f7   Thumb Code     0  startup_stm32f746xx.o(.text)
    I2C1_EV_IRQHandler                       0x080001f7   Thumb Code     0  startup_stm32f746xx.o(.text)
    I2C2_ER_IRQHandler                       0x080001f7   Thumb Code     0  startup_stm32f746xx.o(.text)
    I2C2_EV_IRQHandler                       0x080001f7   Thumb Code     0  startup_stm32f746xx.o(.text)
    I2C3_ER_IRQHandler                       0x080001f7   Thumb Code     0  startup_stm32f746xx.o(.text)
    I2C3_EV_IRQHandler                       0x080001f7   Thumb Code     0  startup_stm32f746xx.o(.text)
    I2C4_ER_IRQHandler                       0x080001f7   Thumb Code     0  startup_stm32f746xx.o(.text)
    I2C4_EV_IRQHandler                       0x080001f7   Thumb Code     0  startup_stm32f746xx.o(.text)
    LPTIM1_IRQHandler                        0x080001f7   Thumb Code     0  startup_stm32f746xx.o(.text)
    LTDC_ER_IRQHandler                       0x080001f7   Thumb Code     0  startup_stm32f746xx.o(.text)
    LTDC_IRQHandler                          0x080001f7   Thumb Code     0  startup_stm32f746xx.o(.text)
    OTG_FS_IRQHandler                        0x080001f7   Thumb Code     0  startup_stm32f746xx.o(.text)
    OTG_FS_WKUP_IRQHandler                   0x080001f7   Thumb Code     0  startup_stm32f746xx.o(.text)
    OTG_HS_EP1_IN_IRQHandler                 0x080001f7   Thumb Code     0  startup_stm32f746xx.o(.text)
    OTG_HS_EP1_OUT_IRQHandler                0x080001f7   Thumb Code     0  startup_stm32f746xx.o(.text)
    OTG_HS_IRQHandler                        0x080001f7   Thumb Code     0  startup_stm32f746xx.o(.text)
    OTG_HS_WKUP_IRQHandler                   0x080001f7   Thumb Code     0  startup_stm32f746xx.o(.text)
    PVD_IRQHandler                           0x080001f7   Thumb Code     0  startup_stm32f746xx.o(.text)
    QUADSPI_IRQHandler                       0x080001f7   Thumb Code     0  startup_stm32f746xx.o(.text)
    RNG_IRQHandler                           0x080001f7   Thumb Code     0  startup_stm32f746xx.o(.text)
    RTC_Alarm_IRQHandler                     0x080001f7   Thumb Code     0  startup_stm32f746xx.o(.text)
    RTC_WKUP_IRQHandler                      0x080001f7   Thumb Code     0  startup_stm32f746xx.o(.text)
    SAI1_IRQHandler                          0x080001f7   Thumb Code     0  startup_stm32f746xx.o(.text)
    SAI2_IRQHandler                          0x080001f7   Thumb Code     0  startup_stm32f746xx.o(.text)
    SDMMC1_IRQHandler                        0x080001f7   Thumb Code     0  startup_stm32f746xx.o(.text)
    SPDIF_RX_IRQHandler                      0x080001f7   Thumb Code     0  startup_stm32f746xx.o(.text)
    SPI1_IRQHandler                          0x080001f7   Thumb Code     0  startup_stm32f746xx.o(.text)
    SPI2_IRQHandler                          0x080001f7   Thumb Code     0  startup_stm32f746xx.o(.text)
    SPI3_IRQHandler                          0x080001f7   Thumb Code     0  startup_stm32f746xx.o(.text)
    SPI4_IRQHandler                          0x080001f7   Thumb Code     0  startup_stm32f746xx.o(.text)
    SPI5_IRQHandler                          0x080001f7   Thumb Code     0  startup_stm32f746xx.o(.text)
    SPI6_IRQHandler                          0x080001f7   Thumb Code     0  startup_stm32f746xx.o(.text)
    TAMP_STAMP_IRQHandler                    0x080001f7   Thumb Code     0  startup_stm32f746xx.o(.text)
    TIM1_BRK_TIM9_IRQHandler                 0x080001f7   Thumb Code     0  startup_stm32f746xx.o(.text)
    TIM1_CC_IRQHandler                       0x080001f7   Thumb Code     0  startup_stm32f746xx.o(.text)
    TIM1_TRG_COM_TIM11_IRQHandler            0x080001f7   Thumb Code     0  startup_stm32f746xx.o(.text)
    TIM1_UP_TIM10_IRQHandler                 0x080001f7   Thumb Code     0  startup_stm32f746xx.o(.text)
    TIM2_IRQHandler                          0x080001f7   Thumb Code     0  startup_stm32f746xx.o(.text)
    TIM3_IRQHandler                          0x080001f7   Thumb Code     0  startup_stm32f746xx.o(.text)
    TIM4_IRQHandler                          0x080001f7   Thumb Code     0  startup_stm32f746xx.o(.text)
    TIM5_IRQHandler                          0x080001f7   Thumb Code     0  startup_stm32f746xx.o(.text)
    TIM6_DAC_IRQHandler                      0x080001f7   Thumb Code     0  startup_stm32f746xx.o(.text)
    TIM7_IRQHandler                          0x080001f7   Thumb Code     0  startup_stm32f746xx.o(.text)
    TIM8_BRK_TIM12_IRQHandler                0x080001f7   Thumb Code     0  startup_stm32f746xx.o(.text)
    TIM8_CC_IRQHandler                       0x080001f7   Thumb Code     0  startup_stm32f746xx.o(.text)
    TIM8_TRG_COM_TIM14_IRQHandler            0x080001f7   Thumb Code     0  startup_stm32f746xx.o(.text)
    TIM8_UP_TIM13_IRQHandler                 0x080001f7   Thumb Code     0  startup_stm32f746xx.o(.text)
    UART4_IRQHandler                         0x080001f7   Thumb Code     0  startup_stm32f746xx.o(.text)
    UART5_IRQHandler                         0x080001f7   Thumb Code     0  startup_stm32f746xx.o(.text)
    UART7_IRQHandler                         0x080001f7   Thumb Code     0  startup_stm32f746xx.o(.text)
    UART8_IRQHandler                         0x080001f7   Thumb Code     0  startup_stm32f746xx.o(.text)
    USART1_IRQHandler                        0x080001f7   Thumb Code     0  startup_stm32f746xx.o(.text)
    USART2_IRQHandler                        0x080001f7   Thumb Code     0  startup_stm32f746xx.o(.text)
    USART3_IRQHandler                        0x080001f7   Thumb Code     0  startup_stm32f746xx.o(.text)
    USART6_IRQHandler                        0x080001f7   Thumb Code     0  startup_stm32f746xx.o(.text)
    WWDG_IRQHandler                          0x080001f7   Thumb Code     0  startup_stm32f746xx.o(.text)
    __aeabi_uldivmod                         0x08000201   Thumb Code    98  uldiv.o(.text)
    __aeabi_ldivmod                          0x08000263   Thumb Code    98  ldiv.o(.text)
    __aeabi_llsl                             0x080002c5   Thumb Code    30  llshl.o(.text)
    _ll_shift_l                              0x080002c5   Thumb Code     0  llshl.o(.text)
    __aeabi_lasr                             0x080002e3   Thumb Code    36  llsshr.o(.text)
    _ll_sshift_r                             0x080002e3   Thumb Code     0  llsshr.o(.text)
    ___aeabi_memcpy8$move                    0x08000307   Thumb Code     0  memmovea.o(.text)
    __aeabi_memcpy                           0x08000307   Thumb Code    64  memmovea.o(.text)
    __aeabi_memcpy4                          0x08000307   Thumb Code     0  memmovea.o(.text)
    __aeabi_memmove                          0x08000307   Thumb Code     0  memmovea.o(.text)
    __aeabi_memmove4                         0x08000307   Thumb Code     0  memmovea.o(.text)
    __aeabi_memmove8                         0x08000307   Thumb Code     0  memmovea.o(.text)
    __aeabi_memset                           0x08000347   Thumb Code    14  memseta.o(.text)
    __aeabi_memset4                          0x08000347   Thumb Code     0  memseta.o(.text)
    __aeabi_memset8                          0x08000347   Thumb Code     0  memseta.o(.text)
    __aeabi_memclr                           0x08000355   Thumb Code     4  memseta.o(.text)
    __aeabi_memclr4                          0x08000355   Thumb Code     0  memseta.o(.text)
    __aeabi_memclr8                          0x08000355   Thumb Code     0  memseta.o(.text)
    _memset$wrapper                          0x08000359   Thumb Code    18  memseta.o(.text)
    __aeabi_dadd                             0x0800036b   Thumb Code   322  dadd.o(.text)
    __aeabi_dsub                             0x080004ad   Thumb Code     6  dadd.o(.text)
    __aeabi_drsub                            0x080004b3   Thumb Code     6  dadd.o(.text)
    __aeabi_dmul                             0x080004b9   Thumb Code   228  dmul.o(.text)
    __aeabi_ddiv                             0x0800059d   Thumb Code   222  ddiv.o(.text)
    __aeabi_i2d                              0x0800067b   Thumb Code    34  dflti.o(.text)
    __aeabi_cdrcmple                         0x0800069d   Thumb Code    48  cdrcmple.o(.text)
    __aeabi_uidiv                            0x080006cd   Thumb Code     0  uidiv.o(.text)
    __aeabi_uidivmod                         0x080006cd   Thumb Code    44  uidiv.o(.text)
    __aeabi_llsr                             0x080006f9   Thumb Code    32  llushr.o(.text)
    _ll_ushift_r                             0x080006f9   Thumb Code     0  llushr.o(.text)
    __I$use$fp                               0x08000719   Thumb Code     0  iusefp.o(.text)
    _double_round                            0x08000719   Thumb Code    30  depilogue.o(.text)
    _double_epilogue                         0x08000737   Thumb Code   156  depilogue.o(.text)
    __aeabi_d2ulz                            0x080007d3   Thumb Code    48  dfixul.o(.text)
    __scatterload                            0x08000805   Thumb Code    28  init.o(.text)
    __scatterload_rt2                        0x08000805   Thumb Code     0  init.o(.text)
    BusFault_Handler                         0x08000829   Thumb Code     2  stm32f7xx_it.o(i.BusFault_Handler)
    DebugMon_Handler                         0x0800082b   Thumb Code     2  stm32f7xx_it.o(i.DebugMon_Handler)
    HAL_Delay                                0x0800082d   Thumb Code    40  stm32f7xx_hal.o(i.HAL_Delay)
    HAL_GPIO_Init                            0x08000855   Thumb Code   572  stm32f7xx_hal_gpio.o(i.HAL_GPIO_Init)
    HAL_GetTick                              0x08000a91   Thumb Code    12  stm32f7xx_hal.o(i.HAL_GetTick)
    HAL_IncTick                              0x08000a9d   Thumb Code    18  stm32f7xx_hal.o(i.HAL_IncTick)
    HAL_Init                                 0x08000aaf   Thumb Code    46  stm32f7xx_hal.o(i.HAL_Init)
    HAL_InitTick                             0x08000add   Thumb Code    66  stm32f7xx_hal.o(i.HAL_InitTick)
    HAL_MspInit                              0x08000b1f   Thumb Code    70  stm32f7xx_hal_msp.o(i.HAL_MspInit)
    HAL_NVIC_EnableIRQ                       0x08000b65   Thumb Code    30  stm32f7xx_hal_cortex.o(i.HAL_NVIC_EnableIRQ)
    HAL_NVIC_SetPriority                     0x08000b83   Thumb Code    98  stm32f7xx_hal_cortex.o(i.HAL_NVIC_SetPriority)
    HAL_NVIC_SetPriorityGrouping             0x08000be5   Thumb Code    36  stm32f7xx_hal_cortex.o(i.HAL_NVIC_SetPriorityGrouping)
    HAL_PWREx_EnableOverDrive                0x08000c09   Thumb Code   128  stm32f7xx_hal_pwr_ex.o(i.HAL_PWREx_EnableOverDrive)
    HAL_RCCEx_PeriphCLKConfig                0x08000c89   Thumb Code  1448  stm32f7xx_hal_rcc_ex.o(i.HAL_RCCEx_PeriphCLKConfig)
    HAL_RCC_ClockConfig                      0x08001231   Thumb Code   480  stm32f7xx_hal_rcc.o(i.HAL_RCC_ClockConfig)
    HAL_RCC_GetPCLK1Freq                     0x08001411   Thumb Code    38  stm32f7xx_hal_rcc.o(i.HAL_RCC_GetPCLK1Freq)
    HAL_RCC_GetPCLK2Freq                     0x08001437   Thumb Code    38  stm32f7xx_hal_rcc.o(i.HAL_RCC_GetPCLK2Freq)
    HAL_RCC_GetSysClockFreq                  0x0800145d   Thumb Code   122  stm32f7xx_hal_rcc.o(i.HAL_RCC_GetSysClockFreq)
    HAL_RCC_OscConfig                        0x080014d9   Thumb Code  1050  stm32f7xx_hal_rcc.o(i.HAL_RCC_OscConfig)
    HAL_SYSTICK_Config                       0x080018f3   Thumb Code    42  stm32f7xx_hal_cortex.o(i.HAL_SYSTICK_Config)
    HAL_UART_Init                            0x0800191d   Thumb Code   106  stm32f7xx_hal_uart.o(i.HAL_UART_Init)
    HAL_UART_MspInit                         0x08001987   Thumb Code   154  stm32f7xx_hal_msp.o(i.HAL_UART_MspInit)
    HAL_UART_Transmit                        0x08001a21   Thumb Code   198  stm32f7xx_hal_uart.o(i.HAL_UART_Transmit)
    HardFault_Handler                        0x08001ae7   Thumb Code     2  stm32f7xx_it.o(i.HardFault_Handler)
    MemManage_Handler                        0x08001ae9   Thumb Code     2  stm32f7xx_it.o(i.MemManage_Handler)
    NMI_Handler                              0x08001aeb   Thumb Code     2  stm32f7xx_it.o(i.NMI_Handler)
    PendSV_Handler                           0x08001aed   Thumb Code     2  stm32f7xx_it.o(i.PendSV_Handler)
    RCC_IRQHandler                           0x08001aef   Thumb Code     2  stm32f7xx_it.o(i.RCC_IRQHandler)
    SVC_Handler                              0x08001af1   Thumb Code     2  stm32f7xx_it.o(i.SVC_Handler)
    SysTick_Handler                          0x08001af3   Thumb Code     4  stm32f7xx_it.o(i.SysTick_Handler)
    SystemClock_Config                       0x08001af7   Thumb Code   186  main.o(i.SystemClock_Config)
    SystemInit                               0x08001bb1   Thumb Code    18  system_stm32f7xx.o(i.SystemInit)
    UART_AdvFeatureConfig                    0x08001bc3   Thumb Code   218  stm32f7xx_hal_uart.o(i.UART_AdvFeatureConfig)
    UART_CheckIdleState                      0x08001c9d   Thumb Code    68  stm32f7xx_hal_uart.o(i.UART_CheckIdleState)
    UART_SetConfig                           0x08001ce1   Thumb Code   586  stm32f7xx_hal_uart.o(i.UART_SetConfig)
    UART_WaitOnFlagUntilTimeout              0x08001f2d   Thumb Code   194  stm32f7xx_hal_uart.o(i.UART_WaitOnFlagUntilTimeout)
    UsageFault_Handler                       0x08001fef   Thumb Code     2  stm32f7xx_it.o(i.UsageFault_Handler)
    __0printf                                0x08001ff1   Thumb Code    22  printfa.o(i.__0printf)
    __1printf                                0x08001ff1   Thumb Code     0  printfa.o(i.__0printf)
    __2printf                                0x08001ff1   Thumb Code     0  printfa.o(i.__0printf)
    __c89printf                              0x08001ff1   Thumb Code     0  printfa.o(i.__0printf)
    printf                                   0x08001ff1   Thumb Code     0  printfa.o(i.__0printf)
    __scatterload_copy                       0x08002011   Thumb Code    14  handlers.o(i.__scatterload_copy)
    __scatterload_null                       0x0800201f   Thumb Code     2  handlers.o(i.__scatterload_null)
    __scatterload_zeroinit                   0x08002021   Thumb Code    14  handlers.o(i.__scatterload_zeroinit)
    arm_avgpool_s8_get_buffer_size           0x080028e3   Thumb Code     4  arm_avgpool_s8.o(i.arm_avgpool_s8_get_buffer_size)
    arm_avgpool_s8_with_quantization         0x080028e9   Thumb Code   616  arm_pool_s8_with_quantization.o(i.arm_avgpool_s8_with_quantization)
    arm_convolve_s8                          0x08002b51   Thumb Code   894  arm_convolve_s8.o(i.arm_convolve_s8)
    arm_convolve_s8_sparse                   0x08002ed1   Thumb Code  1742  arm_convolve_s8_sparse.o(i.arm_convolve_s8_sparse)
    arm_convolve_s8_sparse_1x1_CHW           0x080035a1   Thumb Code  1578  arm_convolve_s8_sparse_chw.o(i.arm_convolve_s8_sparse_1x1_CHW)
    arm_convolve_s8_sparse_get_buffer_size   0x08003bcb   Thumb Code    12  arm_convolve_s8_sparse.o(i.arm_convolve_s8_sparse_get_buffer_size)
    arm_depthwise_conv_s8                    0x08003bd9   Thumb Code  2324  arm_depthwise_conv_s8.o(i.arm_depthwise_conv_s8)
    arm_elementwise_add_s8_with_neg          0x080044ed   Thumb Code  1582  arm_elementwise_add_s8_with_neg.o(i.arm_elementwise_add_s8_with_neg)
    arm_fully_connected_s8                   0x08004b1d   Thumb Code   110  arm_fully_connected_s8.o(i.arm_fully_connected_s8)
    arm_fully_connected_s8_sparse_CHW        0x08004b8d   Thumb Code  1196  arm_fully_connected_s8_sparse_chw.o(i.arm_fully_connected_s8_sparse_CHW)
    arm_layernorm_s8                         0x08005039   Thumb Code   958  arm_layernorm_s8.o(i.arm_layernorm_s8)
    arm_nn_batch_mat_mult_nt_t_s8            0x080053f7   Thumb Code   126  arm_nn_batch_mat_mult_nt_t_s8.o(i.arm_nn_batch_mat_mult_nt_t_s8)
    arm_nn_batch_mat_mult_s8                 0x08005475   Thumb Code   136  arm_nn_batch_mat_mult_s8.o(i.arm_nn_batch_mat_mult_s8)
    arm_nn_mat_mult_kernel_s8_s16            0x080054fd   Thumb Code  1118  arm_nn_mat_mult_kernel_s8_s16.o(i.arm_nn_mat_mult_kernel_s8_s16)
    arm_nn_output_per_channel                0x0800595d   Thumb Code   672  arm_nn_output_per_channel.o(i.arm_nn_output_per_channel)
    arm_nn_output_per_channel_CHW            0x08005bfd   Thumb Code   630  arm_nn_output_per_channel.o(i.arm_nn_output_per_channel_CHW)
    arm_nn_transpose_bhwc_to_bwhc_q7         0x08005e73   Thumb Code   102  arm_nn_transpose_bhwc_to_bwhc_q7.o(i.arm_nn_transpose_bhwc_to_bwhc_q7)
    arm_nn_vec_mat_mult_s8_rhs_offset        0x08005ed9   Thumb Code   538  arm_nn_batch_mat_mult_s8.o(i.arm_nn_vec_mat_mult_s8_rhs_offset)
    arm_nn_vec_mat_mult_t_s8                 0x080060f5   Thumb Code   734  arm_nn_vec_mat_mult_t_s8.o(i.arm_nn_vec_mat_mult_t_s8)
    arm_nn_vec_mat_mult_t_s8_rhs_offset      0x080063d5   Thumb Code   748  arm_nn_batch_mat_mult_nt_t_s8.o(i.arm_nn_vec_mat_mult_t_s8_rhs_offset)
    arm_q7_to_q15_with_offset                0x080066c1   Thumb Code   142  arm_q7_to_q15_with_offset.o(i.arm_q7_to_q15_with_offset)
    arm_softmax_s8_fast                      0x08006751   Thumb Code  3018  arm_softmax_s8_fast.o(i.arm_softmax_s8_fast)
    fputc                                    0x0800731b   Thumb Code    22  retarget_io.o(i.fputc)
    main                                     0x08007331   Thumb Code   278  main.o(i.main)
    quantization_inference                   0x08007449   Thumb Code  6764  quantization_inference.o(i.quantization_inference)
    result_check_statistics                  0x08008eb5   Thumb Code  1294  result_check.o(i.result_check_statistics)
    stdout_putchar                           0x080093c3   Thumb Code    26  main.o(i.stdout_putchar)
    AHBPrescTable                            0x0808af0c   Data          16  system_stm32f7xx.o(.constdata)
    APBPrescTable                            0x0808af1c   Data           8  system_stm32f7xx.o(.constdata)
    Region$$Table$$Base                      0x0808b204   Number         0  anon$$obj.o(Region$$Table)
    Region$$Table$$Limit                     0x0808b224   Number         0  anon$$obj.o(Region$$Table)
    SystemCoreClock                          0x20000000   Data           4  system_stm32f7xx.o(.data)
    uwTickFreq                               0x20000004   Data           1  stm32f7xx_hal.o(.data)
    uwTickPrio                               0x20000008   Data           4  stm32f7xx_hal.o(.data)
    uwTick                                   0x2000000c   Data           4  stm32f7xx_hal.o(.data)
    __stdout                                 0x20000010   Data           4  stdout.o(.data)
    huart1                                   0x20000014   Data         132  main.o(.bss)
    __initial_sp                             0x2003a218   Data           0  startup_stm32f746xx.o(STACK)



==============================================================================

Memory Map of the image

  Image Entry point : 0x080001c9

  Load Region LR_IROM1 (Base: 0x08000000, Size: 0x0008b24c, Max: 0x00100000, ABSOLUTE)

    Execution Region ER_IROM1 (Exec base: 0x08000000, Load base: 0x08000000, Size: 0x0008b238, Max: 0x00100000, ABSOLUTE)

    Exec Addr    Load Addr    Size         Type   Attr      Idx    E Section Name        Object

    0x08000000   0x08000000   0x000001c8   Data   RO            3    RESET               startup_stm32f746xx.o
    0x080001c8   0x080001c8   0x00000000   Code   RO         1688  * .ARM.Collect$$$$00000000  mc_w.l(entry.o)
    0x080001c8   0x080001c8   0x00000004   Code   RO         1863    .ARM.Collect$$$$00000001  mc_w.l(entry2.o)
    0x080001cc   0x080001cc   0x00000004   Code   RO         1866    .ARM.Collect$$$$00000004  mc_w.l(entry5.o)
    0x080001d0   0x080001d0   0x00000000   Code   RO         1868    .ARM.Collect$$$$00000008  mc_w.l(entry7b.o)
    0x080001d0   0x080001d0   0x00000000   Code   RO         1870    .ARM.Collect$$$$0000000A  mc_w.l(entry8b.o)
    0x080001d0   0x080001d0   0x00000008   Code   RO         1871    .ARM.Collect$$$$0000000B  mc_w.l(entry9a.o)
    0x080001d8   0x080001d8   0x00000000   Code   RO         1873    .ARM.Collect$$$$0000000D  mc_w.l(entry10a.o)
    0x080001d8   0x080001d8   0x00000000   Code   RO         1875    .ARM.Collect$$$$0000000F  mc_w.l(entry11a.o)
    0x080001d8   0x080001d8   0x00000004   Code   RO         1864    .ARM.Collect$$$$00002712  mc_w.l(entry2.o)
    0x080001dc   0x080001dc   0x00000024   Code   RO            4    .text               startup_stm32f746xx.o
    0x08000200   0x08000200   0x00000062   Code   RO         1695    .text               mc_w.l(uldiv.o)
    0x08000262   0x08000262   0x00000062   Code   RO         1696    .text               mc_w.l(ldiv.o)
    0x080002c4   0x080002c4   0x0000001e   Code   RO         1697    .text               mc_w.l(llshl.o)
    0x080002e2   0x080002e2   0x00000024   Code   RO         1698    .text               mc_w.l(llsshr.o)
    0x08000306   0x08000306   0x00000040   Code   RO         1700    .text               mc_w.l(memmovea.o)
    0x08000346   0x08000346   0x00000024   Code   RO         1701    .text               mc_w.l(memseta.o)
    0x0800036a   0x0800036a   0x0000014e   Code   RO         1835    .text               mf_w.l(dadd.o)
    0x080004b8   0x080004b8   0x000000e4   Code   RO         1836    .text               mf_w.l(dmul.o)
    0x0800059c   0x0800059c   0x000000de   Code   RO         1837    .text               mf_w.l(ddiv.o)
    0x0800067a   0x0800067a   0x00000022   Code   RO         1839    .text               mf_w.l(dflti.o)
    0x0800069c   0x0800069c   0x00000030   Code   RO         1843    .text               mf_w.l(cdrcmple.o)
    0x080006cc   0x080006cc   0x0000002c   Code   RO         1877    .text               mc_w.l(uidiv.o)
    0x080006f8   0x080006f8   0x00000020   Code   RO         1878    .text               mc_w.l(llushr.o)
    0x08000718   0x08000718   0x00000000   Code   RO         1883    .text               mc_w.l(iusefp.o)
    0x08000718   0x08000718   0x000000ba   Code   RO         1885    .text               mf_w.l(depilogue.o)
    0x080007d2   0x080007d2   0x00000030   Code   RO         1888    .text               mf_w.l(dfixul.o)
    0x08000802   0x08000802   0x00000002   PAD
    0x08000804   0x08000804   0x00000024   Code   RO         1890    .text               mc_w.l(init.o)
    0x08000828   0x08000828   0x00000002   Code   RO           17    i.BusFault_Handler  stm32f7xx_it.o
    0x0800082a   0x0800082a   0x00000002   Code   RO           18    i.DebugMon_Handler  stm32f7xx_it.o
    0x0800082c   0x0800082c   0x00000028   Code   RO          363    i.HAL_Delay         stm32f7xx_hal.o
    0x08000854   0x08000854   0x0000023c   Code   RO          288    i.HAL_GPIO_Init     stm32f7xx_hal_gpio.o
    0x08000a90   0x08000a90   0x0000000c   Code   RO          371    i.HAL_GetTick       stm32f7xx_hal.o
    0x08000a9c   0x08000a9c   0x00000012   Code   RO          377    i.HAL_IncTick       stm32f7xx_hal.o
    0x08000aae   0x08000aae   0x0000002e   Code   RO          378    i.HAL_Init          stm32f7xx_hal.o
    0x08000adc   0x08000adc   0x00000042   Code   RO          379    i.HAL_InitTick      stm32f7xx_hal.o
    0x08000b1e   0x08000b1e   0x00000046   Code   RO           30    i.HAL_MspInit       stm32f7xx_hal_msp.o
    0x08000b64   0x08000b64   0x0000001e   Code   RO          136    i.HAL_NVIC_EnableIRQ  stm32f7xx_hal_cortex.o
    0x08000b82   0x08000b82   0x00000062   Code   RO          142    i.HAL_NVIC_SetPriority  stm32f7xx_hal_cortex.o
    0x08000be4   0x08000be4   0x00000024   Code   RO          143    i.HAL_NVIC_SetPriorityGrouping  stm32f7xx_hal_cortex.o
    0x08000c08   0x08000c08   0x00000080   Code   RO          350    i.HAL_PWREx_EnableOverDrive  stm32f7xx_hal_pwr_ex.o
    0x08000c88   0x08000c88   0x000005a8   Code   RO          257    i.HAL_RCCEx_PeriphCLKConfig  stm32f7xx_hal_rcc_ex.o
    0x08001230   0x08001230   0x000001e0   Code   RO          235    i.HAL_RCC_ClockConfig  stm32f7xx_hal_rcc.o
    0x08001410   0x08001410   0x00000026   Code   RO          242    i.HAL_RCC_GetPCLK1Freq  stm32f7xx_hal_rcc.o
    0x08001436   0x08001436   0x00000026   Code   RO          243    i.HAL_RCC_GetPCLK2Freq  stm32f7xx_hal_rcc.o
    0x0800145c   0x0800145c   0x0000007a   Code   RO          244    i.HAL_RCC_GetSysClockFreq  stm32f7xx_hal_rcc.o
    0x080014d6   0x080014d6   0x00000002   PAD
    0x080014d8   0x080014d8   0x0000041a   Code   RO          247    i.HAL_RCC_OscConfig  stm32f7xx_hal_rcc.o
    0x080018f2   0x080018f2   0x0000002a   Code   RO          147    i.HAL_SYSTICK_Config  stm32f7xx_hal_cortex.o
    0x0800191c   0x0800191c   0x0000006a   Code   RO          187    i.HAL_UART_Init     stm32f7xx_hal_uart.o
    0x08001986   0x08001986   0x0000009a   Code   RO           32    i.HAL_UART_MspInit  stm32f7xx_hal_msp.o
    0x08001a20   0x08001a20   0x000000c6   Code   RO          196    i.HAL_UART_Transmit  stm32f7xx_hal_uart.o
    0x08001ae6   0x08001ae6   0x00000002   Code   RO           19    i.HardFault_Handler  stm32f7xx_it.o
    0x08001ae8   0x08001ae8   0x00000002   Code   RO           20    i.MemManage_Handler  stm32f7xx_it.o
    0x08001aea   0x08001aea   0x00000002   Code   RO           21    i.NMI_Handler       stm32f7xx_it.o
    0x08001aec   0x08001aec   0x00000002   Code   RO           22    i.PendSV_Handler    stm32f7xx_it.o
    0x08001aee   0x08001aee   0x00000002   Code   RO           23    i.RCC_IRQHandler    stm32f7xx_it.o
    0x08001af0   0x08001af0   0x00000002   Code   RO           24    i.SVC_Handler       stm32f7xx_it.o
    0x08001af2   0x08001af2   0x00000004   Code   RO           25    i.SysTick_Handler   stm32f7xx_it.o
    0x08001af6   0x08001af6   0x000000ba   Code   RO            9    i.SystemClock_Config  main.o
    0x08001bb0   0x08001bb0   0x00000012   Code   RO          124    i.SystemInit        system_stm32f7xx.o
    0x08001bc2   0x08001bc2   0x000000da   Code   RO          201    i.UART_AdvFeatureConfig  stm32f7xx_hal_uart.o
    0x08001c9c   0x08001c9c   0x00000044   Code   RO          202    i.UART_CheckIdleState  stm32f7xx_hal_uart.o
    0x08001ce0   0x08001ce0   0x0000024a   Code   RO          215    i.UART_SetConfig    stm32f7xx_hal_uart.o
    0x08001f2a   0x08001f2a   0x00000002   PAD
    0x08001f2c   0x08001f2c   0x000000c2   Code   RO          220    i.UART_WaitOnFlagUntilTimeout  stm32f7xx_hal_uart.o
    0x08001fee   0x08001fee   0x00000002   Code   RO           26    i.UsageFault_Handler  stm32f7xx_it.o
    0x08001ff0   0x08001ff0   0x00000020   Code   RO         1821    i.__0printf         mc_w.l(printfa.o)
    0x08002010   0x08002010   0x0000000e   Code   RO         1893    i.__scatterload_copy  mc_w.l(handlers.o)
    0x0800201e   0x0800201e   0x00000002   Code   RO         1894    i.__scatterload_null  mc_w.l(handlers.o)
    0x08002020   0x08002020   0x0000000e   Code   RO         1895    i.__scatterload_zeroinit  mc_w.l(handlers.o)
    0x0800202e   0x0800202e   0x00000002   PAD
    0x08002030   0x08002030   0x00000184   Code   RO         1828    i._fp_digits        mc_w.l(printfa.o)
    0x080021b4   0x080021b4   0x000006dc   Code   RO         1829    i._printf_core      mc_w.l(printfa.o)
    0x08002890   0x08002890   0x00000024   Code   RO         1830    i._printf_post_padding  mc_w.l(printfa.o)
    0x080028b4   0x080028b4   0x0000002e   Code   RO         1831    i._printf_pre_padding  mc_w.l(printfa.o)
    0x080028e2   0x080028e2   0x00000004   Code   RO         1567    i.arm_avgpool_s8_get_buffer_size  arm_avgpool_s8.o
    0x080028e6   0x080028e6   0x00000002   PAD
    0x080028e8   0x080028e8   0x00000268   Code   RO           85    i.arm_avgpool_s8_with_quantization  arm_pool_s8_with_quantization.o
    0x08002b50   0x08002b50   0x0000037e   Code   RO         1379    i.arm_convolve_s8   arm_convolve_s8.o
    0x08002ece   0x08002ece   0x00000002   PAD
    0x08002ed0   0x08002ed0   0x000006ce   Code   RO           48    i.arm_convolve_s8_sparse  arm_convolve_s8_sparse.o
    0x0800359e   0x0800359e   0x00000002   PAD
    0x080035a0   0x080035a0   0x0000062a   Code   RO          107    i.arm_convolve_s8_sparse_1x1_CHW  arm_convolve_s8_sparse_chw.o
    0x08003bca   0x08003bca   0x0000000c   Code   RO           49    i.arm_convolve_s8_sparse_get_buffer_size  arm_convolve_s8_sparse.o
    0x08003bd6   0x08003bd6   0x00000002   PAD
    0x08003bd8   0x08003bd8   0x00000914   Code   RO         1402    i.arm_depthwise_conv_s8  arm_depthwise_conv_s8.o
    0x080044ec   0x080044ec   0x0000062e   Code   RO           90    i.arm_elementwise_add_s8_with_neg  arm_elementwise_add_s8_with_neg.o
    0x08004b1a   0x08004b1a   0x00000002   PAD
    0x08004b1c   0x08004b1c   0x0000006e   Code   RO         1477    i.arm_fully_connected_s8  arm_fully_connected_s8.o
    0x08004b8a   0x08004b8a   0x00000002   PAD
    0x08004b8c   0x08004b8c   0x000004ac   Code   RO          119    i.arm_fully_connected_s8_sparse_CHW  arm_fully_connected_s8_sparse_chw.o
    0x08005038   0x08005038   0x000003be   Code   RO          102    i.arm_layernorm_s8  arm_layernorm_s8.o
    0x080053f6   0x080053f6   0x0000007e   Code   RO           66    i.arm_nn_batch_mat_mult_nt_t_s8  arm_nn_batch_mat_mult_nt_t_s8.o
    0x08005474   0x08005474   0x00000088   Code   RO           71    i.arm_nn_batch_mat_mult_s8  arm_nn_batch_mat_mult_s8.o
    0x080054fc   0x080054fc   0x0000045e   Code   RO         1440    i.arm_nn_mat_mult_kernel_s8_s16  arm_nn_mat_mult_kernel_s8_s16.o
    0x0800595a   0x0800595a   0x00000002   PAD
    0x0800595c   0x0800595c   0x000002a0   Code   RO           76    i.arm_nn_output_per_channel  arm_nn_output_per_channel.o
    0x08005bfc   0x08005bfc   0x00000276   Code   RO           77    i.arm_nn_output_per_channel_CHW  arm_nn_output_per_channel.o
    0x08005e72   0x08005e72   0x00000066   Code   RO           98    i.arm_nn_transpose_bhwc_to_bwhc_q7  arm_nn_transpose_bhwc_to_bwhc_q7.o
    0x08005ed8   0x08005ed8   0x0000021a   Code   RO           72    i.arm_nn_vec_mat_mult_s8_rhs_offset  arm_nn_batch_mat_mult_s8.o
    0x080060f2   0x080060f2   0x00000002   PAD
    0x080060f4   0x080060f4   0x000002de   Code   RO         1526    i.arm_nn_vec_mat_mult_t_s8  arm_nn_vec_mat_mult_t_s8.o
    0x080063d2   0x080063d2   0x00000002   PAD
    0x080063d4   0x080063d4   0x000002ec   Code   RO           67    i.arm_nn_vec_mat_mult_t_s8_rhs_offset  arm_nn_batch_mat_mult_nt_t_s8.o
    0x080066c0   0x080066c0   0x0000008e   Code   RO         1557    i.arm_q7_to_q15_with_offset  arm_q7_to_q15_with_offset.o
    0x0800674e   0x0800674e   0x00000002   PAD
    0x08006750   0x08006750   0x00000bca   Code   RO           94    i.arm_softmax_s8_fast  arm_softmax_s8_fast.o
    0x0800731a   0x0800731a   0x00000016   Code   RO         1625    i.fputc             retarget_io.o
    0x08007330   0x08007330   0x00000116   Code   RO           10    i.main              main.o
    0x08007446   0x08007446   0x00000002   PAD
    0x08007448   0x08007448   0x00001a6c   Code   RO           36    i.quantization_inference  quantization_inference.o
    0x08008eb4   0x08008eb4   0x0000050e   Code   RO           43    i.result_check_statistics  result_check.o
    0x080093c2   0x080093c2   0x0000001a   Code   RO           11    i.stdout_putchar    main.o
    0x080093dc   0x080093dc   0x00081a30   Data   RO           38    .constdata          quantization_inference.o
    0x0808ae0c   0x0808ae0c   0x00000100   Data   RO          103    .constdata          arm_layernorm_s8.o
    0x0808af0c   0x0808af0c   0x00000010   Data   RO          125    .constdata          system_stm32f7xx.o
    0x0808af1c   0x0808af1c   0x00000008   Data   RO          126    .constdata          system_stm32f7xx.o
    0x0808af24   0x0808af24   0x00000017   Data   RO           13    .conststring        main.o
    0x0808af3b   0x0808af3b   0x00000001   PAD
    0x0808af3c   0x0808af3c   0x000000d8   Data   RO           39    .conststring        quantization_inference.o
    0x0808b014   0x0808b014   0x000001f0   Data   RO           44    .conststring        result_check.o
    0x0808b204   0x0808b204   0x00000020   Data   RO         1891    Region$$Table       anon$$obj.o
    0x0808b224   0x0808b224   0x00000009   Data   RO          221    c.UART_SetConfig.00000198  stm32f7xx_hal_uart.o
    0x0808b22d   0x0808b22d   0x00000009   Data   RO          222    c.UART_SetConfig.000001be  stm32f7xx_hal_uart.o


    Execution Region RW_IRAM1 (Exec base: 0x20000000, Load base: 0x0808b238, Size: 0x0003a218, Max: 0x00050000, ABSOLUTE)

    Exec Addr    Load Addr    Size         Type   Attr      Idx    E Section Name        Object

    0x20000000   0x0808b238   0x00000004   Data   RW          127    .data               system_stm32f7xx.o
    0x20000004   0x0808b23c   0x0000000c   Data   RW          385    .data               stm32f7xx_hal.o
    0x20000010   0x0808b248   0x00000004   Data   RW         1693    .data               mc_w.l(stdout.o)
    0x20000014        -       0x00000084   Zero   RW           12    .bss                main.o
    0x20000098        -       0x00039d80   Zero   RW           37    .bss                quantization_inference.o
    0x20039e18        -       0x00000400   Zero   RW            1    STACK               startup_stm32f746xx.o


==============================================================================

Image component sizes


      Code (inc. data)   RO Data    RW Data    ZI Data      Debug   Object Name

         4          0          0          0          0          0   arm_avgpool_s8.o
       894          0          0          0          0          0   arm_convolve_s8.o
      1754          0          0          0          0          0   arm_convolve_s8_sparse.o
      1578          0          0          0          0          0   arm_convolve_s8_sparse_chw.o
      2324          0          0          0          0          0   arm_depthwise_conv_s8.o
      1582          0          0          0          0          0   arm_elementwise_add_s8_with_neg.o
       110          0          0          0          0          0   arm_fully_connected_s8.o
      1196          0          0          0          0          0   arm_fully_connected_s8_sparse_chw.o
       958          0        256          0          0          0   arm_layernorm_s8.o
       874          0          0          0          0          0   arm_nn_batch_mat_mult_nt_t_s8.o
       674          0          0          0          0          0   arm_nn_batch_mat_mult_s8.o
      1118          0          0          0          0          0   arm_nn_mat_mult_kernel_s8_s16.o
      1302          0          0          0          0          0   arm_nn_output_per_channel.o
       102          0          0          0          0          0   arm_nn_transpose_bhwc_to_bwhc_q7.o
       734          0          0          0          0          0   arm_nn_vec_mat_mult_t_s8.o
       616          0          0          0          0          0   arm_pool_s8_with_quantization.o
       142          0          0          0          0          0   arm_q7_to_q15_with_offset.o
      3018          0          0          0          0          0   arm_softmax_s8_fast.o
       490          0         23          0        132          0   main.o
      6764          0     531208          0     236928          0   quantization_inference.o
      1294          0        496          0          0          0   result_check.o
        22          0          0          0          0          0   retarget_io.o
        36          8        456          0       1024          0   startup_stm32f746xx.o
       182          0          0         12          0          0   stm32f7xx_hal.o
       206          0          0          0          0          0   stm32f7xx_hal_cortex.o
       572          0          0          0          0          0   stm32f7xx_hal_gpio.o
       224          0          0          0          0          0   stm32f7xx_hal_msp.o
       128          0          0          0          0          0   stm32f7xx_hal_pwr_ex.o
      1728          0          0          0          0          0   stm32f7xx_hal_rcc.o
      1448          0          0          0          0          0   stm32f7xx_hal_rcc_ex.o
      1370          0         18          0          0          0   stm32f7xx_hal_uart.o
        22          0          0          0          0          0   stm32f7xx_it.o
        18          0         24          4          0          0   system_stm32f7xx.o

    ----------------------------------------------------------------------
     33510          8     532516         16     238084          0   Object Totals
         0          0         32          0          0          0   (incl. Generated)
        26          0          3          0          0          0   (incl. Padding)

    ----------------------------------------------------------------------

      Code (inc. data)   RO Data    RW Data    ZI Data      Debug   Library Member Name

         0          0          0          0          0          0   entry.o
         0          0          0          0          0          0   entry10a.o
         0          0          0          0          0          0   entry11a.o
         8          4          0          0          0          0   entry2.o
         4          0          0          0          0          0   entry5.o
         0          0          0          0          0          0   entry7b.o
         0          0          0          0          0          0   entry8b.o
         8          4          0          0          0          0   entry9a.o
        30          0          0          0          0          0   handlers.o
        36          8          0          0          0          0   init.o
         0          0          0          0          0          0   iusefp.o
        98          0          0          0          0          0   ldiv.o
        30          0          0          0          0          0   llshl.o
        36          0          0          0          0          0   llsshr.o
        32          0          0          0          0          0   llushr.o
        64          0          0          0          0          0   memmovea.o
        36          0          0          0          0          0   memseta.o
      2258         90          0          0          0          0   printfa.o
         0          0          0          4          0          0   stdout.o
        44          0          0          0          0          0   uidiv.o
        98          0          0          0          0          0   uldiv.o
        48          0          0          0          0          0   cdrcmple.o
       334          0          0          0          0          0   dadd.o
       222          0          0          0          0          0   ddiv.o
       186          0          0          0          0          0   depilogue.o
        48          0          0          0          0          0   dfixul.o
        34          0          0          0          0          0   dflti.o
       228          0          0          0          0          0   dmul.o

    ----------------------------------------------------------------------
      3886        106          0          4          0          0   Library Totals
         4          0          0          0          0          0   (incl. Padding)

    ----------------------------------------------------------------------

      Code (inc. data)   RO Data    RW Data    ZI Data      Debug   Library Name

      2782        106          0          4          0          0   mc_w.l
      1100          0          0          0          0          0   mf_w.l

    ----------------------------------------------------------------------
      3886        106          0          4          0          0   Library Totals

    ----------------------------------------------------------------------

==============================================================================


      Code (inc. data)   RO Data    RW Data    ZI Data      Debug   

     37396        114     532516         20     238084          0   Grand Totals
     37396        114     532516         20     238084          0   ELF Image Totals
     37396        114     532516         20          0          0   ROM Totals

==============================================================================

    Total RO  Size (Code + RO Data)               569912 ( 556.55kB)
    Total RW  Size (RW Data + ZI Data)            238104 ( 232.52kB)
    Total ROM Size (Code + RO Data + RW Data)     569932 ( 556.57kB)

==============================================================================

